0 verbose cli /usr/local/bin/node /usr/local/bin/npm
1 info using npm@10.9.2
2 info using node@v22.14.0
3 silly config load:file:/usr/local/lib/node_modules/npm/npmrc
4 silly config load:file:/Users/gabrielpereira/Desktop/Projetos/Nexus/marshall-tds/recibos-marshall/.npmrc
5 silly config load:file:/Users/gabrielpereira/.npmrc
6 verbose config error loading user config Error: EPERM: operation not permitted, open '/Users/gabrielpereira/.npmrc'
6 verbose config     at async open (node:internal/fs/promises:638:25)
6 verbose config     at async readFile (node:internal/fs/promises:1242:14)
6 verbose config     at async #loadFile (/usr/local/lib/node_modules/npm/node_modules/@npmcli/config/lib/index.js:589:5)
6 verbose config     at async Config.load (/usr/local/lib/node_modules/npm/node_modules/@npmcli/config/lib/index.js:250:5)
6 verbose config     at async #load (/usr/local/lib/node_modules/npm/lib/npm.js:98:5)
6 verbose config     at async Npm.load (/usr/local/lib/node_modules/npm/lib/npm.js:80:14)
6 verbose config     at async module.exports (/usr/local/lib/node_modules/npm/lib/cli/entry.js:42:37) {
6 verbose config   errno: -1,
6 verbose config   code: 'EPERM',
6 verbose config   syscall: 'open',
6 verbose config   path: '/Users/gabrielpereira/.npmrc'
6 verbose config }
7 silly config load:file:/usr/local/etc/npmrc
8 verbose title npm install tailwindcss postcss autoprefixer
9 verbose argv "install" "--save-dev" "tailwindcss" "postcss" "autoprefixer" "--cache" "./.npm_cache"
10 verbose logfile logs-max:10 dir:/Users/gabrielpereira/Desktop/Projetos/Nexus/marshall-tds/recibos-marshall/.npm_cache/_logs/2026-04-19T01_42_41_055Z-
11 verbose logfile /Users/gabrielpereira/Desktop/Projetos/Nexus/marshall-tds/recibos-marshall/.npm_cache/_logs/2026-04-19T01_42_41_055Z-debug-0.log
12 silly logfile done cleaning log files
13 silly packumentCache heap:4345298944 maxSize:1086324736 maxEntrySize:543162368
14 silly idealTree buildDeps
15 silly fetch manifest tailwindcss@*
16 silly packumentCache full:https://registry.npmjs.org/tailwindcss cache-miss
17 http fetch GET 200 https://registry.npmjs.org/npm 181ms
18 http fetch GET 200 https://registry.npmjs.org/tailwindcss 157ms (cache miss)
19 silly packumentCache full:https://registry.npmjs.org/tailwindcss set size:undefined disposed:false
20 silly fetch manifest postcss@*
21 silly packumentCache full:https://registry.npmjs.org/postcss cache-miss
22 http fetch GET 200 https://registry.npmjs.org/postcss 40ms (cache miss)
23 silly packumentCache full:https://registry.npmjs.org/postcss set size:undefined disposed:false
24 silly fetch manifest autoprefixer@*
25 silly packumentCache full:https://registry.npmjs.org/autoprefixer cache-miss
26 http fetch GET 200 https://registry.npmjs.org/autoprefixer 39ms (cache miss)
27 silly packumentCache full:https://registry.npmjs.org/autoprefixer set size:undefined disposed:false
28 silly placeDep ROOT autoprefixer@10.5.0 OK for: temp-init@0.1.0 want: *
29 silly placeDep ROOT postcss@8.5.10 REPLACE for: temp-init@0.1.0 want: *
30 silly placeDep ROOT tailwindcss@4.2.2 OK for: temp-init@0.1.0 want: *
31 silly fetch manifest fraction.js@^5.3.4
32 silly packumentCache full:https://registry.npmjs.org/fraction.js cache-miss
33 silly fetch manifest postcss-value-parser@^4.2.0
34 silly packumentCache full:https://registry.npmjs.org/postcss-value-parser cache-miss
35 http fetch GET 200 https://registry.npmjs.org/postcss-value-parser 117ms (cache miss)
36 silly packumentCache full:https://registry.npmjs.org/postcss-value-parser set size:undefined disposed:false
37 http fetch GET 200 https://registry.npmjs.org/fraction.js 118ms (cache miss)
38 silly packumentCache full:https://registry.npmjs.org/fraction.js set size:undefined disposed:false
39 silly placeDep ROOT fraction.js@5.3.4 OK for: autoprefixer@10.5.0 want: ^5.3.4
40 silly placeDep ROOT postcss-value-parser@4.2.0 OK for: autoprefixer@10.5.0 want: ^4.2.0
41 silly fetch manifest postcss@8.4.31
42 silly packumentCache full:https://registry.npmjs.org/postcss cache-miss
43 http cache https://registry.npmjs.org/postcss 3ms (cache hit)
44 silly packumentCache full:https://registry.npmjs.org/postcss set size:708244 disposed:false
45 silly placeDep node_modules/next postcss@8.4.31 OK for: next@16.2.4 want: 8.4.31
46 silly reify mark retired [
46 silly reify   '/Users/gabrielpereira/Desktop/Projetos/Nexus/marshall-tds/recibos-marshall/node_modules/postcss'
46 silly reify ]
47 silly reify moves {
47 silly reify   '/Users/gabrielpereira/Desktop/Projetos/Nexus/marshall-tds/recibos-marshall/node_modules/postcss': '/Users/gabrielpereira/Desktop/Projetos/Nexus/marshall-tds/recibos-marshall/node_modules/.postcss-SuNfgMVe'
47 silly reify }
48 silly audit bulk request {
48 silly audit   '@babel/code-frame': [ '7.29.0' ],
48 silly audit   '@babel/compat-data': [ '7.29.0' ],
48 silly audit   '@babel/core': [ '7.29.0' ],
48 silly audit   '@babel/generator': [ '7.29.1' ],
48 silly audit   '@babel/helper-compilation-targets': [ '7.28.6' ],
48 silly audit   '@babel/helper-globals': [ '7.28.0' ],
48 silly audit   '@babel/helper-module-imports': [ '7.28.6' ],
48 silly audit   '@babel/helper-module-transforms': [ '7.28.6' ],
48 silly audit   '@babel/helper-string-parser': [ '7.27.1' ],
48 silly audit   '@babel/helper-validator-identifier': [ '7.28.5' ],
48 silly audit   '@babel/helper-validator-option': [ '7.27.1' ],
48 silly audit   '@babel/helpers': [ '7.29.2' ],
48 silly audit   '@babel/parser': [ '7.29.2' ],
48 silly audit   '@babel/template': [ '7.28.6' ],
48 silly audit   '@babel/traverse': [ '7.29.0' ],
48 silly audit   '@babel/types': [ '7.29.0' ],
48 silly audit   '@emnapi/core': [ '1.10.0' ],
48 silly audit   '@emnapi/runtime': [ '1.10.0' ],
48 silly audit   '@emnapi/wasi-threads': [ '1.2.1' ],
48 silly audit   '@eslint-community/eslint-utils': [ '4.9.1' ],
48 silly audit   'eslint-visitor-keys': [ '3.4.3', '5.0.1', '4.2.1' ],
48 silly audit   '@eslint-community/regexpp': [ '4.12.2' ],
48 silly audit   '@eslint/config-array': [ '0.21.2' ],
48 silly audit   '@eslint/config-helpers': [ '0.4.2' ],
48 silly audit   '@eslint/core': [ '0.17.0' ],
48 silly audit   '@eslint/eslintrc': [ '3.3.5' ],
48 silly audit   '@eslint/js': [ '9.39.4' ],
48 silly audit   '@eslint/object-schema': [ '2.1.7' ],
48 silly audit   '@eslint/plugin-kit': [ '0.4.1' ],
48 silly audit   '@humanfs/core': [ '0.19.1' ],
48 silly audit   '@humanfs/node': [ '0.16.7' ],
48 silly audit   '@humanwhocodes/module-importer': [ '1.0.1' ],
48 silly audit   '@humanwhocodes/retry': [ '0.4.3' ],
48 silly audit   '@img/colour': [ '1.1.0' ],
48 silly audit   '@img/sharp-darwin-arm64': [ '0.34.5' ],
48 silly audit   '@img/sharp-darwin-x64': [ '0.34.5' ],
48 silly audit   '@img/sharp-libvips-darwin-arm64': [ '1.2.4' ],
48 silly audit   '@img/sharp-libvips-darwin-x64': [ '1.2.4' ],
48 silly audit   '@img/sharp-libvips-linux-arm': [ '1.2.4' ],
48 silly audit   '@img/sharp-libvips-linux-arm64': [ '1.2.4' ],
48 silly audit   '@img/sharp-libvips-linux-ppc64': [ '1.2.4' ],
48 silly audit   '@img/sharp-libvips-linux-riscv64': [ '1.2.4' ],
48 silly audit   '@img/sharp-libvips-linux-s390x': [ '1.2.4' ],
48 silly audit   '@img/sharp-libvips-linux-x64': [ '1.2.4' ],
48 silly audit   '@img/sharp-libvips-linuxmusl-arm64': [ '1.2.4' ],
48 silly audit   '@img/sharp-libvips-linuxmusl-x64': [ '1.2.4' ],
48 silly audit   '@img/sharp-linux-arm': [ '0.34.5' ],
48 silly audit   '@img/sharp-linux-arm64': [ '0.34.5' ],
48 silly audit   '@img/sharp-linux-ppc64': [ '0.34.5' ],
48 silly audit   '@img/sharp-linux-riscv64': [ '0.34.5' ],
48 silly audit   '@img/sharp-linux-s390x': [ '0.34.5' ],
48 silly audit   '@img/sharp-linux-x64': [ '0.34.5' ],
48 silly audit   '@img/sharp-linuxmusl-arm64': [ '0.34.5' ],
48 silly audit   '@img/sharp-linuxmusl-x64': [ '0.34.5' ],
48 silly audit   '@img/sharp-wasm32': [ '0.34.5' ],
48 silly audit   '@img/sharp-win32-arm64': [ '0.34.5' ],
48 silly audit   '@img/sharp-win32-ia32': [ '0.34.5' ],
48 silly audit   '@img/sharp-win32-x64': [ '0.34.5' ],
48 silly audit   '@jridgewell/gen-mapping': [ '0.3.13' ],
48 silly audit   '@jridgewell/remapping': [ '2.3.5' ],
48 silly audit   '@jridgewell/resolve-uri': [ '3.1.2' ],
48 silly audit   '@jridgewell/sourcemap-codec': [ '1.5.5' ],
48 silly audit   '@jridgewell/trace-mapping': [ '0.3.31' ],
48 silly audit   '@napi-rs/wasm-runtime': [ '0.2.12' ],
48 silly audit   '@next/env': [ '16.2.4' ],
48 silly audit   '@next/eslint-plugin-next': [ '16.2.4' ],
48 silly audit   '@next/swc-darwin-arm64': [ '16.2.4' ],
48 silly audit   '@next/swc-darwin-x64': [ '16.2.4' ],
48 silly audit   '@next/swc-linux-arm64-gnu': [ '16.2.4' ],
48 silly audit   '@next/swc-linux-arm64-musl': [ '16.2.4' ],
48 silly audit   '@next/swc-linux-x64-gnu': [ '16.2.4' ],
48 silly audit   '@next/swc-linux-x64-musl': [ '16.2.4' ],
48 silly audit   '@next/swc-win32-arm64-msvc': [ '16.2.4' ],
48 silly audit   '@next/swc-win32-x64-msvc': [ '16.2.4' ],
48 silly audit   '@nodelib/fs.scandir': [ '2.1.5' ],
48 silly audit   '@nodelib/fs.stat': [ '2.0.5' ],
48 silly audit   '@nodelib/fs.walk': [ '1.2.8' ],
48 silly audit   '@nolyfill/is-core-module': [ '1.0.39' ],
48 silly audit   '@rtsao/scc': [ '1.1.0' ],
48 silly audit   '@supabase/auth-helpers-nextjs': [ '0.15.0' ],
48 silly audit   '@supabase/auth-js': [ '2.103.3' ],
48 silly audit   '@supabase/functions-js': [ '2.103.3' ],
48 silly audit   '@supabase/phoenix': [ '0.4.0' ],
48 silly audit   '@supabase/postgrest-js': [ '2.103.3' ],
48 silly audit   '@supabase/realtime-js': [ '2.103.3' ],
48 silly audit   '@supabase/ssr': [ '0.10.2' ],
48 silly audit   '@supabase/storage-js': [ '2.103.3' ],
48 silly audit   '@supabase/supabase-js': [ '2.103.3' ],
48 silly audit   '@swc/helpers': [ '0.5.15' ],
48 silly audit   '@tybys/wasm-util': [ '0.10.1' ],
48 silly audit   '@types/estree': [ '1.0.8' ],
48 silly audit   '@types/json-schema': [ '7.0.15' ],
48 silly audit   '@types/json5': [ '0.0.29' ],
48 silly audit   '@types/node': [ '20.19.39' ],
48 silly audit   '@types/react': [ '19.2.14' ],
48 silly audit   '@types/react-dom': [ '19.2.3' ],
48 silly audit   '@types/ws': [ '8.18.1' ],
48 silly audit   '@typescript-eslint/eslint-plugin': [ '8.58.2' ],
48 silly audit   ignore: [ '7.0.5', '5.3.2' ],
48 silly audit   '@typescript-eslint/parser': [ '8.58.2' ],
48 silly audit   '@typescript-eslint/project-service': [ '8.58.2' ],
48 silly audit   '@typescript-eslint/scope-manager': [ '8.58.2' ],
48 silly audit   '@typescript-eslint/tsconfig-utils': [ '8.58.2' ],
48 silly audit   '@typescript-eslint/type-utils': [ '8.58.2' ],
48 silly audit   '@typescript-eslint/types': [ '8.58.2' ],
48 silly audit   '@typescript-eslint/typescript-estree': [ '8.58.2' ],
48 silly audit   'balanced-match': [ '4.0.4', '1.0.2' ],
48 silly audit   'brace-expansion': [ '5.0.5', '1.1.14' ],
48 silly audit   minimatch: [ '10.2.5', '3.1.5' ],
48 silly audit   semver: [ '7.7.4', '6.3.1' ],
48 silly audit   '@typescript-eslint/utils': [ '8.58.2' ],
48 silly audit   '@typescript-eslint/visitor-keys': [ '8.58.2' ],
48 silly audit   '@unrs/resolver-binding-android-arm-eabi': [ '1.11.1' ],
48 silly audit   '@unrs/resolver-binding-android-arm64': [ '1.11.1' ],
48 silly audit   '@unrs/resolver-binding-darwin-arm64': [ '1.11.1' ],
48 silly audit   '@unrs/resolver-binding-darwin-x64': [ '1.11.1' ],
48 silly audit   '@unrs/resolver-binding-freebsd-x64': [ '1.11.1' ],
48 silly audit   '@unrs/resolver-binding-linux-arm-gnueabihf': [ '1.11.1' ],
48 silly audit   '@unrs/resolver-binding-linux-arm-musleabihf': [ '1.11.1' ],
48 silly audit   '@unrs/resolver-binding-linux-arm64-gnu': [ '1.11.1' ],
48 silly audit   '@unrs/resolver-binding-linux-arm64-musl': [ '1.11.1' ],
48 silly audit   '@unrs/resolver-binding-linux-ppc64-gnu': [ '1.11.1' ],
48 silly audit   '@unrs/resolver-binding-linux-riscv64-gnu': [ '1.11.1' ],
48 silly audit   '@unrs/resolver-binding-linux-riscv64-musl': [ '1.11.1' ],
48 silly audit   '@unrs/resolver-binding-linux-s390x-gnu': [ '1.11.1' ],
48 silly audit   '@unrs/resolver-binding-linux-x64-gnu': [ '1.11.1' ],
48 silly audit   '@unrs/resolver-binding-linux-x64-musl': [ '1.11.1' ],
48 silly audit   '@unrs/resolver-binding-wasm32-wasi': [ '1.11.1' ],
48 silly audit   '@unrs/resolver-binding-win32-arm64-msvc': [ '1.11.1' ],
48 silly audit   '@unrs/resolver-binding-win32-ia32-msvc': [ '1.11.1' ],
48 silly audit   '@unrs/resolver-binding-win32-x64-msvc': [ '1.11.1' ],
48 silly audit   acorn: [ '8.16.0' ],
48 silly audit   'acorn-jsx': [ '5.3.2' ],
48 silly audit   ajv: [ '6.14.0' ],
48 silly audit   'ansi-styles': [ '4.3.0' ],
48 silly audit   argparse: [ '2.0.1' ],
48 silly audit   'aria-query': [ '5.3.2' ],
48 silly audit   'array-buffer-byte-length': [ '1.0.2' ],
48 silly audit   'array-includes': [ '3.1.9' ],
48 silly audit   'array.prototype.findlast': [ '1.2.5' ],
48 silly audit   'array.prototype.findlastindex': [ '1.2.6' ],
48 silly audit   'array.prototype.flat': [ '1.3.3' ],
48 silly audit   'array.prototype.flatmap': [ '1.3.3' ],
48 silly audit   'array.prototype.tosorted': [ '1.1.4' ],
48 silly audit   'arraybuffer.prototype.slice': [ '1.0.4' ],
48 silly audit   'ast-types-flow': [ '0.0.8' ],
48 silly audit   'async-function': [ '1.0.0' ],
48 silly audit   'available-typed-arrays': [ '1.0.7' ],
48 silly audit   'axe-core': [ '4.11.3' ],
48 silly audit   'axobject-query': [ '4.1.0' ],
48 silly audit   'baseline-browser-mapping': [ '2.10.19' ],
48 silly audit   braces: [ '3.0.3' ],
48 silly audit   browserslist: [ '4.28.2' ],
48 silly audit   'call-bind': [ '1.0.9' ],
48 silly audit   'call-bind-apply-helpers': [ '1.0.2' ],
48 silly audit   'call-bound': [ '1.0.4' ],
48 silly audit   callsites: [ '3.1.0' ],
48 silly audit   'caniuse-lite': [ '1.0.30001788' ],
48 silly audit   chalk: [ '4.1.2' ],
48 silly audit   'client-only': [ '0.0.1' ],
48 silly audit   'color-convert': [ '2.0.1' ],
48 silly audit   'color-name': [ '1.1.4' ],
48 silly audit   'concat-map': [ '0.0.1' ],
48 silly audit   'convert-source-map': [ '2.0.0' ],
48 silly audit   cookie: [ '1.1.1' ],
48 silly audit   'cross-spawn': [ '7.0.6' ],
48 silly audit   csstype: [ '3.2.3' ],
48 silly audit   'damerau-levenshtein': [ '1.0.8' ],
48 silly audit   'data-view-buffer': [ '1.0.2' ],
48 silly audit   'data-view-byte-length': [ '1.0.2' ],
48 silly audit   'data-view-byte-offset': [ '1.0.1' ],
48 silly audit   debug: [ '4.4.3', '3.2.7' ],
48 silly audit   'deep-is': [ '0.1.4' ],
48 silly audit   'define-data-property': [ '1.1.4' ],
48 silly audit   'define-properties': [ '1.2.1' ],
48 silly audit   'detect-libc': [ '2.1.2' ],
48 silly audit   doctrine: [ '2.1.0' ],
48 silly audit   'dunder-proto': [ '1.0.1' ],
48 silly audit   'electron-to-chromium': [ '1.5.340' ],
48 silly audit   'emoji-regex': [ '9.2.2' ],
48 silly audit   'es-abstract': [ '1.24.2' ],
48 silly audit   'es-define-property': [ '1.0.1' ],
48 silly audit   'es-errors': [ '1.3.0' ],
48 silly audit   'es-iterator-helpers': [ '1.3.2' ],
48 silly audit   'es-object-atoms': [ '1.1.1' ],
48 silly audit   'es-set-tostringtag': [ '2.1.0' ],
48 silly audit   'es-shim-unscopables': [ '1.1.0' ],
48 silly audit   'es-to-primitive': [ '1.3.0' ],
48 silly audit   escalade: [ '3.2.0' ],
48 silly audit   'escape-string-regexp': [ '4.0.0' ],
48 silly audit   eslint: [ '9.39.4' ],
48 silly audit   'eslint-config-next': [ '16.2.4' ],
48 silly audit   globals: [ '16.4.0', '14.0.0' ],
48 silly audit   'eslint-import-resolver-node': [ '0.3.10' ],
48 silly audit   'eslint-import-resolver-typescript': [ '3.10.1' ],
48 silly audit   'eslint-module-utils': [ '2.12.1' ],
48 silly audit   'eslint-plugin-import': [ '2.32.0' ],
48 silly audit   'eslint-plugin-jsx-a11y': [ '6.10.2' ],
48 silly audit   'eslint-plugin-react': [ '7.37.5' ],
48 silly audit   'eslint-plugin-react-hooks': [ '7.1.1' ],
48 silly audit   'eslint-scope': [ '8.4.0' ],
48 silly audit   espree: [ '10.4.0' ],
48 silly audit   esquery: [ '1.7.0' ],
48 silly audit   esrecurse: [ '4.3.0' ],
48 silly audit   estraverse: [ '5.3.0' ],
48 silly audit   esutils: [ '2.0.3' ],
48 silly audit   'fast-deep-equal': [ '3.1.3' ],
48 silly audit   'fast-glob': [ '3.3.1' ],
48 silly audit   'glob-parent': [ '5.1.2', '6.0.2' ],
48 silly audit   'fast-json-stable-stringify': [ '2.1.0' ],
48 silly audit   'fast-levenshtein': [ '2.0.6' ],
48 silly audit   fastq: [ '1.20.1' ],
48 silly audit   'file-entry-cache': [ '8.0.0' ],
48 silly audit   'fill-range': [ '7.1.1' ],
48 silly audit   'find-up': [ '5.0.0' ],
48 silly audit   'flat-cache': [ '4.0.1' ],
48 silly audit   flatted: [ '3.4.2' ],
48 silly audit   'for-each': [ '0.3.5' ],
48 silly audit   'framer-motion': [ '12.38.0' ],
48 silly audit   'function-bind': [ '1.1.2' ],
48 silly audit   'function.prototype.name': [ '1.1.8' ],
48 silly audit   'functions-have-names': [ '1.2.3' ],
48 silly audit   'generator-function': [ '2.0.1' ],
48 silly audit   gensync: [ '1.0.0-beta.2' ],
48 silly audit   'get-intrinsic': [ '1.3.0' ],
48 silly audit   'get-proto': [ '1.0.1' ],
48 silly audit   'get-symbol-description': [ '1.1.0' ],
48 silly audit   'get-tsconfig': [ '4.14.0' ],
48 silly audit   globalthis: [ '1.0.4' ],
48 silly audit   gopd: [ '1.2.0' ],
48 silly audit   'has-bigints': [ '1.1.0' ],
48 silly audit   'has-flag': [ '4.0.0' ],
48 silly audit   'has-property-descriptors': [ '1.0.2' ],
48 silly audit   'has-proto': [ '1.2.0' ],
48 silly audit   'has-symbols': [ '1.1.0' ],
48 silly audit   'has-tostringtag': [ '1.0.2' ],
48 silly audit   hasown: [ '2.0.2' ],
48 silly audit   'hermes-estree': [ '0.25.1' ],
48 silly audit   'hermes-parser': [ '0.25.1' ],
48 silly audit   'iceberg-js': [ '0.8.1' ],
48 silly audit   'import-fresh': [ '3.3.1' ],
48 silly audit   imurmurhash: [ '0.1.4' ],
48 silly audit   'internal-slot': [ '1.1.0' ],
48 silly audit   'is-array-buffer': [ '3.0.5' ],
48 silly audit   'is-async-function': [ '2.1.1' ],
48 silly audit   'is-bigint': [ '1.1.0' ],
48 silly audit   'is-boolean-object': [ '1.2.2' ],
48 silly audit   'is-bun-module': [ '2.0.0' ],
48 silly audit   'is-callable': [ '1.2.7' ],
48 silly audit   'is-core-module': [ '2.16.1' ],
48 silly audit   'is-data-view': [ '1.0.2' ],
48 silly audit   'is-date-object': [ '1.1.0' ],
48 silly audit   'is-extglob': [ '2.1.1' ],
48 silly audit   'is-finalizationregistry': [ '1.1.1' ],
48 silly audit   'is-generator-function': [ '1.1.2' ],
48 silly audit   'is-glob': [ '4.0.3' ],
48 silly audit   'is-map': [ '2.0.3' ],
48 silly audit   'is-negative-zero': [ '2.0.3' ],
48 silly audit   'is-number': [ '7.0.0' ],
48 silly audit   'is-number-object': [ '1.1.1' ],
48 silly audit   'is-regex': [ '1.2.1' ],
48 silly audit   'is-set': [ '2.0.3' ],
48 silly audit   'is-shared-array-buffer': [ '1.0.4' ],
48 silly audit   'is-string': [ '1.1.1' ],
48 silly audit   'is-symbol': [ '1.1.1' ],
48 silly audit   'is-typed-array': [ '1.1.15' ],
48 silly audit   'is-weakmap': [ '2.0.2' ],
48 silly audit   'is-weakref': [ '1.1.1' ],
48 silly audit   'is-weakset': [ '2.0.4' ],
48 silly audit   isarray: [ '2.0.5' ],
48 silly audit   isexe: [ '2.0.0' ],
48 silly audit   'iterator.prototype': [ '1.1.5' ],
48 silly audit   'js-tokens': [ '4.0.0' ],
48 silly audit   'js-yaml': [ '4.1.1' ],
48 silly audit   jsesc: [ '3.1.0' ],
48 silly audit   'json-buffer': [ '3.0.1' ],
48 silly audit   'json-schema-traverse': [ '0.4.1' ],
48 silly audit   'json-stable-stringify-without-jsonify': [ '1.0.1' ],
48 silly audit   json5: [ '2.2.3', '1.0.2' ],
48 silly audit   'jsx-ast-utils': [ '3.3.5' ],
48 silly audit   keyv: [ '4.5.4' ],
48 silly audit   'language-subtag-registry': [ '0.3.23' ],
48 silly audit   'language-tags': [ '1.0.9' ],
48 silly audit   levn: [ '0.4.1' ],
48 silly audit   'locate-path': [ '6.0.0' ],
48 silly audit   'lodash.merge': [ '4.6.2' ],
48 silly audit   'loose-envify': [ '1.4.0' ],
48 silly audit   'lru-cache': [ '5.1.1' ],
48 silly audit   'lucide-react': [ '1.8.0' ],
48 silly audit   'math-intrinsics': [ '1.1.0' ],
48 silly audit   merge2: [ '1.4.1' ],
48 silly audit   micromatch: [ '4.0.8' ],
48 silly audit   minimist: [ '1.2.8' ],
48 silly audit   'motion-dom': [ '12.38.0' ],
48 silly audit   'motion-utils': [ '12.36.0' ],
48 silly audit   ms: [ '2.1.3' ],
48 silly audit   nanoid: [ '3.3.11' ],
48 silly audit   'napi-postinstall': [ '0.3.4' ],
48 silly audit   'natural-compare': [ '1.4.0' ],
48 silly audit   next: [ '16.2.4' ],
48 silly audit   'node-exports-info': [ '1.6.0' ],
48 silly audit   'node-releases': [ '2.0.37' ],
48 silly audit   'object-assign': [ '4.1.1' ],
48 silly audit   'object-inspect': [ '1.13.4' ],
48 silly audit   'object-keys': [ '1.1.1' ],
48 silly audit   'object.assign': [ '4.1.7' ],
48 silly audit   'object.entries': [ '1.1.9' ],
48 silly audit   'object.fromentries': [ '2.0.8' ],
48 silly audit   'object.groupby': [ '1.0.3' ],
48 silly audit   'object.values': [ '1.2.1' ],
48 silly audit   optionator: [ '0.9.4' ],
48 silly audit   'own-keys': [ '1.0.1' ],
48 silly audit   'p-limit': [ '3.1.0' ],
48 silly audit   'p-locate': [ '5.0.0' ],
48 silly audit   'parent-module': [ '1.0.1' ],
48 silly audit   'path-exists': [ '4.0.0' ],
48 silly audit   'path-key': [ '3.1.1' ],
48 silly audit   'path-parse': [ '1.0.7' ],
48 silly audit   picocolors: [ '1.1.1' ],
48 silly audit   picomatch: [ '2.3.2', '4.0.4' ],
48 silly audit   'possible-typed-array-names': [ '1.1.0' ],
48 silly audit   'prelude-ls': [ '1.2.1' ],
48 silly audit   'prop-types': [ '15.8.1' ],
48 silly audit   punycode: [ '2.3.1' ],
48 silly audit   'queue-microtask': [ '1.2.3' ],
48 silly audit   react: [ '19.2.4' ],
48 silly audit   'react-dom': [ '19.2.4' ],
48 silly audit   'react-is': [ '16.13.1' ],
48 silly audit   'reflect.getprototypeof': [ '1.0.10' ],
48 silly audit   'regexp.prototype.flags': [ '1.5.4' ],
48 silly audit   resolve: [ '2.0.0-next.6' ],
48 silly audit   'resolve-from': [ '4.0.0' ],
48 silly audit   'resolve-pkg-maps': [ '1.0.0' ],
48 silly audit   reusify: [ '1.1.0' ],
48 silly audit   'run-parallel': [ '1.2.0' ],
48 silly audit   'safe-array-concat': [ '1.1.3' ],
48 silly audit   'safe-push-apply': [ '1.0.0' ],
48 silly audit   'safe-regex-test': [ '1.1.0' ],
48 silly audit   scheduler: [ '0.27.0' ],
48 silly audit   'set-function-length': [ '1.2.2' ],
48 silly audit   'set-function-name': [ '2.0.2' ],
48 silly audit   'set-proto': [ '1.0.0' ],
48 silly audit   sharp: [ '0.34.5' ],
48 silly audit   'shebang-command': [ '2.0.0' ],
48 silly audit   'shebang-regex': [ '3.0.0' ],
48 silly audit   'side-channel': [ '1.1.0' ],
48 silly audit   'side-channel-list': [ '1.0.1' ],
48 silly audit   'side-channel-map': [ '1.0.1' ],
48 silly audit   'side-channel-weakmap': [ '1.0.2' ],
48 silly audit   'source-map-js': [ '1.2.1' ],
48 silly audit   'stable-hash': [ '0.0.5' ],
48 silly audit   'stop-iteration-iterator': [ '1.1.0' ],
48 silly audit   'string.prototype.includes': [ '2.0.1' ],
48 silly audit   'string.prototype.matchall': [ '4.0.12' ],
48 silly audit   'string.prototype.repeat': [ '1.0.0' ],
48 silly audit   'string.prototype.trim': [ '1.2.10' ],
48 silly audit   'string.prototype.trimend': [ '1.0.9' ],
48 silly audit   'string.prototype.trimstart': [ '1.0.8' ],
48 silly audit   'strip-bom': [ '3.0.0' ],
48 silly audit   'strip-json-comments': [ '3.1.1' ],
48 silly audit   'styled-jsx': [ '5.1.6' ],
48 silly audit   'supports-color': [ '7.2.0' ],
48 silly audit   'supports-preserve-symlinks-flag': [ '1.0.0' ],
48 silly audit   tinyglobby: [ '0.2.16' ],
48 silly audit   fdir: [ '6.5.0' ],
48 silly audit   'to-regex-range': [ '5.0.1' ],
48 silly audit   'ts-api-utils': [ '2.5.0' ],
48 silly audit   'tsconfig-paths': [ '3.15.0' ],
48 silly audit   tslib: [ '2.8.1' ],
48 silly audit   'type-check': [ '0.4.0' ],
48 silly audit   'typed-array-buffer': [ '1.0.3' ],
48 silly audit   'typed-array-byte-length': [ '1.0.3' ],
48 silly audit   'typed-array-byte-offset': [ '1.0.4' ],
48 silly audit   'typed-array-length': [ '1.0.7' ],
48 silly audit   typescript: [ '5.9.3' ],
48 silly audit   'typescript-eslint': [ '8.58.2' ],
48 silly audit   'unbox-primitive': [ '1.1.0' ],
48 silly audit   'undici-types': [ '6.21.0' ],
48 silly audit   'unrs-resolver': [ '1.11.1' ],
48 silly audit   'update-browserslist-db': [ '1.2.3' ],
48 silly audit   'uri-js': [ '4.4.1' ],
48 silly audit   which: [ '2.0.2' ],
48 silly audit   'which-boxed-primitive': [ '1.1.1' ],
48 silly audit   'which-builtin-type': [ '1.2.1' ],
48 silly audit   'which-collection': [ '1.0.2' ],
48 silly audit   'which-typed-array': [ '1.1.20' ],
48 silly audit   'word-wrap': [ '1.2.5' ],
48 silly audit   ws: [ '8.20.0' ],
48 silly audit   yallist: [ '3.1.1' ],
48 silly audit   'yocto-queue': [ '0.1.0' ],
48 silly audit   zod: [ '4.3.6' ],
48 silly audit   'zod-validation-error': [ '4.0.2' ],
48 silly audit   autoprefixer: [ '10.5.0' ],
48 silly audit   postcss: [ '8.5.10', '8.4.31' ],
48 silly audit   tailwindcss: [ '4.2.2' ],
48 silly audit   'fraction.js': [ '5.3.4' ],
48 silly audit   'postcss-value-parser': [ '4.2.0' ]
48 silly audit }
49 verbose reify failed optional dependency /Users/gabrielpereira/Desktop/Projetos/Nexus/marshall-tds/recibos-marshall/node_modules/@unrs/resolver-binding-win32-x64-msvc
50 silly reify mark deleted [
50 silly reify   '/Users/gabrielpereira/Desktop/Projetos/Nexus/marshall-tds/recibos-marshall/node_modules/@unrs/resolver-binding-win32-x64-msvc'
50 silly reify ]
51 verbose reify failed optional dependency /Users/gabrielpereira/Desktop/Projetos/Nexus/marshall-tds/recibos-marshall/node_modules/@unrs/resolver-binding-win32-ia32-msvc
52 silly reify mark deleted [
52 silly reify   '/Users/gabrielpereira/Desktop/Projetos/Nexus/marshall-tds/recibos-marshall/node_modules/@unrs/resolver-binding-win32-ia32-msvc'
52 silly reify ]
53 verbose reify failed optional dependency /Users/gabrielpereira/Desktop/Projetos/Nexus/marshall-tds/recibos-marshall/node_modules/@unrs/resolver-binding-win32-arm64-msvc
54 silly reify mark deleted [
54 silly reify   '/Users/gabrielpereira/Desktop/Projetos/Nexus/marshall-tds/recibos-marshall/node_modules/@unrs/resolver-binding-win32-arm64-msvc'
54 silly reify ]
55 verbose reify failed optional dependency /Users/gabrielpereira/Desktop/Projetos/Nexus/marshall-tds/recibos-marshall/node_modules/@unrs/resolver-binding-wasm32-wasi
56 silly reify mark deleted [
56 silly reify   '/Users/gabrielpereira/Desktop/Projetos/Nexus/marshall-tds/recibos-marshall/node_modules/@unrs/resolver-binding-wasm32-wasi'
56 silly reify ]
57 verbose reify failed optional dependency /Users/gabrielpereira/Desktop/Projetos/Nexus/marshall-tds/recibos-marshall/node_modules/@napi-rs/wasm-runtime
58 silly reify mark deleted [
58 silly reify   '/Users/gabrielpereira/Desktop/Projetos/Nexus/marshall-tds/recibos-marshall/node_modules/@napi-rs/wasm-runtime'
58 silly reify ]
59 verbose reify failed optional dependency /Users/gabrielpereira/Desktop/Projetos/Nexus/marshall-tds/recibos-marshall/node_modules/@emnapi/core
60 silly reify mark deleted [
60 silly reify   '/Users/gabrielpereira/Desktop/Projetos/Nexus/marshall-tds/recibos-marshall/node_modules/@emnapi/core'
60 silly reify ]
61 verbose reify failed optional dependency /Users/gabrielpereira/Desktop/Projetos/Nexus/marshall-tds/recibos-marshall/node_modules/@tybys/wasm-util
62 silly reify mark deleted [
62 silly reify   '/Users/gabrielpereira/Desktop/Projetos/Nexus/marshall-tds/recibos-marshall/node_modules/@tybys/wasm-util'
62 silly reify ]
63 verbose reify failed optional dependency /Users/gabrielpereira/Desktop/Projetos/Nexus/marshall-tds/recibos-marshall/node_modules/@emnapi/wasi-threads
64 silly reify mark deleted [
64 silly reify   '/Users/gabrielpereira/Desktop/Projetos/Nexus/marshall-tds/recibos-marshall/node_modules/@emnapi/wasi-threads'
64 silly reify ]
65 verbose reify failed optional dependency /Users/gabrielpereira/Desktop/Projetos/Nexus/marshall-tds/recibos-marshall/node_modules/@unrs/resolver-binding-linux-x64-musl
66 silly reify mark deleted [
66 silly reify   '/Users/gabrielpereira/Desktop/Projetos/Nexus/marshall-tds/recibos-marshall/node_modules/@unrs/resolver-binding-linux-x64-musl'
66 silly reify ]
67 verbose reify failed optional dependency /Users/gabrielpereira/Desktop/Projetos/Nexus/marshall-tds/recibos-marshall/node_modules/@unrs/resolver-binding-linux-x64-gnu
68 silly reify mark deleted [
68 silly reify   '/Users/gabrielpereira/Desktop/Projetos/Nexus/marshall-tds/recibos-marshall/node_modules/@unrs/resolver-binding-linux-x64-gnu'
68 silly reify ]
69 verbose reify failed optional dependency /Users/gabrielpereira/Desktop/Projetos/Nexus/marshall-tds/recibos-marshall/node_modules/@unrs/resolver-binding-linux-s390x-gnu
70 silly reify mark deleted [
70 silly reify   '/Users/gabrielpereira/Desktop/Projetos/Nexus/marshall-tds/recibos-marshall/node_modules/@unrs/resolver-binding-linux-s390x-gnu'
70 silly reify ]
71 verbose reify failed optional dependency /Users/gabrielpereira/Desktop/Projetos/Nexus/marshall-tds/recibos-marshall/node_modules/@unrs/resolver-binding-linux-riscv64-musl
72 silly reify mark deleted [
72 silly reify   '/Users/gabrielpereira/Desktop/Projetos/Nexus/marshall-tds/recibos-marshall/node_modules/@unrs/resolver-binding-linux-riscv64-musl'
72 silly reify ]
73 verbose reify failed optional dependency /Users/gabrielpereira/Desktop/Projetos/Nexus/marshall-tds/recibos-marshall/node_modules/@unrs/resolver-binding-linux-riscv64-gnu
74 silly reify mark deleted [
74 silly reify   '/Users/gabrielpereira/Desktop/Projetos/Nexus/marshall-tds/recibos-marshall/node_modules/@unrs/resolver-binding-linux-riscv64-gnu'
74 silly reify ]
75 verbose reify failed optional dependency /Users/gabrielpereira/Desktop/Projetos/Nexus/marshall-tds/recibos-marshall/node_modules/@unrs/resolver-binding-linux-ppc64-gnu
76 silly reify mark deleted [
76 silly reify   '/Users/gabrielpereira/Desktop/Projetos/Nexus/marshall-tds/recibos-marshall/node_modules/@unrs/resolver-binding-linux-ppc64-gnu'
76 silly reify ]
77 verbose reify failed optional dependency /Users/gabrielpereira/Desktop/Projetos/Nexus/marshall-tds/recibos-marshall/node_modules/@unrs/resolver-binding-linux-arm64-musl
78 silly reify mark deleted [
78 silly reify   '/Users/gabrielpereira/Desktop/Projetos/Nexus/marshall-tds/recibos-marshall/node_modules/@unrs/resolver-binding-linux-arm64-musl'
78 silly reify ]
79 verbose reify failed optional dependency /Users/gabrielpereira/Desktop/Projetos/Nexus/marshall-tds/recibos-marshall/node_modules/@unrs/resolver-binding-linux-arm64-gnu
80 silly reify mark deleted [
80 silly reify   '/Users/gabrielpereira/Desktop/Projetos/Nexus/marshall-tds/recibos-marshall/node_modules/@unrs/resolver-binding-linux-arm64-gnu'
80 silly reify ]
81 verbose reify failed optional dependency /Users/gabrielpereira/Desktop/Projetos/Nexus/marshall-tds/recibos-marshall/node_modules/@unrs/resolver-binding-linux-arm-musleabihf
82 silly reify mark deleted [
82 silly reify   '/Users/gabrielpereira/Desktop/Projetos/Nexus/marshall-tds/recibos-marshall/node_modules/@unrs/resolver-binding-linux-arm-musleabihf'
82 silly reify ]
83 verbose reify failed optional dependency /Users/gabrielpereira/Desktop/Projetos/Nexus/marshall-tds/recibos-marshall/node_modules/@unrs/resolver-binding-linux-arm-gnueabihf
84 silly reify mark deleted [
84 silly reify   '/Users/gabrielpereira/Desktop/Projetos/Nexus/marshall-tds/recibos-marshall/node_modules/@unrs/resolver-binding-linux-arm-gnueabihf'
84 silly reify ]
85 verbose reify failed optional dependency /Users/gabrielpereira/Desktop/Projetos/Nexus/marshall-tds/recibos-marshall/node_modules/@unrs/resolver-binding-freebsd-x64
86 silly reify mark deleted [
86 silly reify   '/Users/gabrielpereira/Desktop/Projetos/Nexus/marshall-tds/recibos-marshall/node_modules/@unrs/resolver-binding-freebsd-x64'
86 silly reify ]
87 verbose reify failed optional dependency /Users/gabrielpereira/Desktop/Projetos/Nexus/marshall-tds/recibos-marshall/node_modules/@unrs/resolver-binding-darwin-x64
88 silly reify mark deleted [
88 silly reify   '/Users/gabrielpereira/Desktop/Projetos/Nexus/marshall-tds/recibos-marshall/node_modules/@unrs/resolver-binding-darwin-x64'
88 silly reify ]
89 verbose reify failed optional dependency /Users/gabrielpereira/Desktop/Projetos/Nexus/marshall-tds/recibos-marshall/node_modules/@unrs/resolver-binding-android-arm64
90 silly reify mark deleted [
90 silly reify   '/Users/gabrielpereira/Desktop/Projetos/Nexus/marshall-tds/recibos-marshall/node_modules/@unrs/resolver-binding-android-arm64'
90 silly reify ]
91 verbose reify failed optional dependency /Users/gabrielpereira/Desktop/Projetos/Nexus/marshall-tds/recibos-marshall/node_modules/@unrs/resolver-binding-android-arm-eabi
92 silly reify mark deleted [
92 silly reify   '/Users/gabrielpereira/Desktop/Projetos/Nexus/marshall-tds/recibos-marshall/node_modules/@unrs/resolver-binding-android-arm-eabi'
92 silly reify ]
93 verbose reify failed optional dependency /Users/gabrielpereira/Desktop/Projetos/Nexus/marshall-tds/recibos-marshall/node_modules/@next/swc-win32-x64-msvc
94 silly reify mark deleted [
94 silly reify   '/Users/gabrielpereira/Desktop/Projetos/Nexus/marshall-tds/recibos-marshall/node_modules/@next/swc-win32-x64-msvc'
94 silly reify ]
95 verbose reify failed optional dependency /Users/gabrielpereira/Desktop/Projetos/Nexus/marshall-tds/recibos-marshall/node_modules/@next/swc-win32-arm64-msvc
96 silly reify mark deleted [
96 silly reify   '/Users/gabrielpereira/Desktop/Projetos/Nexus/marshall-tds/recibos-marshall/node_modules/@next/swc-win32-arm64-msvc'
96 silly reify ]
97 verbose reify failed optional dependency /Users/gabrielpereira/Desktop/Projetos/Nexus/marshall-tds/recibos-marshall/node_modules/@next/swc-linux-x64-musl
98 silly reify mark deleted [
98 silly reify   '/Users/gabrielpereira/Desktop/Projetos/Nexus/marshall-tds/recibos-marshall/node_modules/@next/swc-linux-x64-musl'
98 silly reify ]
99 verbose reify failed optional dependency /Users/gabrielpereira/Desktop/Projetos/Nexus/marshall-tds/recibos-marshall/node_modules/@next/swc-linux-x64-gnu
100 silly reify mark deleted [
100 silly reify   '/Users/gabrielpereira/Desktop/Projetos/Nexus/marshall-tds/recibos-marshall/node_modules/@next/swc-linux-x64-gnu'
100 silly reify ]
101 verbose reify failed optional dependency /Users/gabrielpereira/Desktop/Projetos/Nexus/marshall-tds/recibos-marshall/node_modules/@next/swc-linux-arm64-musl
102 silly reify mark deleted [
102 silly reify   '/Users/gabrielpereira/Desktop/Projetos/Nexus/marshall-tds/recibos-marshall/node_modules/@next/swc-linux-arm64-musl'
102 silly reify ]
103 verbose reify failed optional dependency /Users/gabrielpereira/Desktop/Projetos/Nexus/marshall-tds/recibos-marshall/node_modules/@next/swc-linux-arm64-gnu
104 silly reify mark deleted [
104 silly reify   '/Users/gabrielpereira/Desktop/Projetos/Nexus/marshall-tds/recibos-marshall/node_modules/@next/swc-linux-arm64-gnu'
104 silly reify ]
105 verbose reify failed optional dependency /Users/gabrielpereira/Desktop/Projetos/Nexus/marshall-tds/recibos-marshall/node_modules/@next/swc-darwin-x64
106 silly reify mark deleted [
106 silly reify   '/Users/gabrielpereira/Desktop/Projetos/Nexus/marshall-tds/recibos-marshall/node_modules/@next/swc-darwin-x64'
106 silly reify ]
107 verbose reify failed optional dependency /Users/gabrielpereira/Desktop/Projetos/Nexus/marshall-tds/recibos-marshall/node_modules/@img/sharp-win32-x64
108 silly reify mark deleted [
108 silly reify   '/Users/gabrielpereira/Desktop/Projetos/Nexus/marshall-tds/recibos-marshall/node_modules/@img/sharp-win32-x64'
108 silly reify ]
109 verbose reify failed optional dependency /Users/gabrielpereira/Desktop/Projetos/Nexus/marshall-tds/recibos-marshall/node_modules/@img/sharp-win32-ia32
110 silly reify mark deleted [
110 silly reify   '/Users/gabrielpereira/Desktop/Projetos/Nexus/marshall-tds/recibos-marshall/node_modules/@img/sharp-win32-ia32'
110 silly reify ]
111 verbose reify failed optional dependency /Users/gabrielpereira/Desktop/Projetos/Nexus/marshall-tds/recibos-marshall/node_modules/@img/sharp-win32-arm64
112 silly reify mark deleted [
112 silly reify   '/Users/gabrielpereira/Desktop/Projetos/Nexus/marshall-tds/recibos-marshall/node_modules/@img/sharp-win32-arm64'
112 silly reify ]
113 verbose reify failed optional dependency /Users/gabrielpereira/Desktop/Projetos/Nexus/marshall-tds/recibos-marshall/node_modules/@img/sharp-wasm32
114 silly reify mark deleted [
114 silly reify   '/Users/gabrielpereira/Desktop/Projetos/Nexus/marshall-tds/recibos-marshall/node_modules/@img/sharp-wasm32'
114 silly reify ]
115 verbose reify failed optional dependency /Users/gabrielpereira/Desktop/Projetos/Nexus/marshall-tds/recibos-marshall/node_modules/@img/sharp-linuxmusl-x64
116 silly reify mark deleted [
116 silly reify   '/Users/gabrielpereira/Desktop/Projetos/Nexus/marshall-tds/recibos-marshall/node_modules/@img/sharp-linuxmusl-x64'
116 silly reify ]
117 verbose reify failed optional dependency /Users/gabrielpereira/Desktop/Projetos/Nexus/marshall-tds/recibos-marshall/node_modules/@img/sharp-linuxmusl-arm64
118 silly reify mark deleted [
118 silly reify   '/Users/gabrielpereira/Desktop/Projetos/Nexus/marshall-tds/recibos-marshall/node_modules/@img/sharp-linuxmusl-arm64'
118 silly reify ]
119 verbose reify failed optional dependency /Users/gabrielpereira/Desktop/Projetos/Nexus/marshall-tds/recibos-marshall/node_modules/@img/sharp-linux-x64
120 silly reify mark deleted [
120 silly reify   '/Users/gabrielpereira/Desktop/Projetos/Nexus/marshall-tds/recibos-marshall/node_modules/@img/sharp-linux-x64'
120 silly reify ]
121 verbose reify failed optional dependency /Users/gabrielpereira/Desktop/Projetos/Nexus/marshall-tds/recibos-marshall/node_modules/@img/sharp-linux-s390x
122 silly reify mark deleted [
122 silly reify   '/Users/gabrielpereira/Desktop/Projetos/Nexus/marshall-tds/recibos-marshall/node_modules/@img/sharp-linux-s390x'
122 silly reify ]
123 verbose reify failed optional dependency /Users/gabrielpereira/Desktop/Projetos/Nexus/marshall-tds/recibos-marshall/node_modules/@img/sharp-linux-riscv64
124 silly reify mark deleted [
124 silly reify   '/Users/gabrielpereira/Desktop/Projetos/Nexus/marshall-tds/recibos-marshall/node_modules/@img/sharp-linux-riscv64'
124 silly reify ]
125 verbose reify failed optional dependency /Users/gabrielpereira/Desktop/Projetos/Nexus/marshall-tds/recibos-marshall/node_modules/@img/sharp-linux-ppc64
126 silly reify mark deleted [
126 silly reify   '/Users/gabrielpereira/Desktop/Projetos/Nexus/marshall-tds/recibos-marshall/node_modules/@img/sharp-linux-ppc64'
126 silly reify ]
127 verbose reify failed optional dependency /Users/gabrielpereira/Desktop/Projetos/Nexus/marshall-tds/recibos-marshall/node_modules/@img/sharp-linux-arm64
128 silly reify mark deleted [
128 silly reify   '/Users/gabrielpereira/Desktop/Projetos/Nexus/marshall-tds/recibos-marshall/node_modules/@img/sharp-linux-arm64'
128 silly reify ]
129 verbose reify failed optional dependency /Users/gabrielpereira/Desktop/Projetos/Nexus/marshall-tds/recibos-marshall/node_modules/@img/sharp-linux-arm
130 silly reify mark deleted [
130 silly reify   '/Users/gabrielpereira/Desktop/Projetos/Nexus/marshall-tds/recibos-marshall/node_modules/@img/sharp-linux-arm'
130 silly reify ]
131 verbose reify failed optional dependency /Users/gabrielpereira/Desktop/Projetos/Nexus/marshall-tds/recibos-marshall/node_modules/@img/sharp-libvips-linuxmusl-x64
132 silly reify mark deleted [
132 silly reify   '/Users/gabrielpereira/Desktop/Projetos/Nexus/marshall-tds/recibos-marshall/node_modules/@img/sharp-libvips-linuxmusl-x64'
132 silly reify ]
133 verbose reify failed optional dependency /Users/gabrielpereira/Desktop/Projetos/Nexus/marshall-tds/recibos-marshall/node_modules/@img/sharp-libvips-linuxmusl-arm64
134 silly reify mark deleted [
134 silly reify   '/Users/gabrielpereira/Desktop/Projetos/Nexus/marshall-tds/recibos-marshall/node_modules/@img/sharp-libvips-linuxmusl-arm64'
134 silly reify ]
135 verbose reify failed optional dependency /Users/gabrielpereira/Desktop/Projetos/Nexus/marshall-tds/recibos-marshall/node_modules/@img/sharp-libvips-linux-x64
136 silly reify mark deleted [
136 silly reify   '/Users/gabrielpereira/Desktop/Projetos/Nexus/marshall-tds/recibos-marshall/node_modules/@img/sharp-libvips-linux-x64'
136 silly reify ]
137 verbose reify failed optional dependency /Users/gabrielpereira/Desktop/Projetos/Nexus/marshall-tds/recibos-marshall/node_modules/@img/sharp-libvips-linux-s390x
138 silly reify mark deleted [
138 silly reify   '/Users/gabrielpereira/Desktop/Projetos/Nexus/marshall-tds/recibos-marshall/node_modules/@img/sharp-libvips-linux-s390x'
138 silly reify ]
139 verbose reify failed optional dependency /Users/gabrielpereira/Desktop/Projetos/Nexus/marshall-tds/recibos-marshall/node_modules/@img/sharp-libvips-linux-riscv64
140 silly reify mark deleted [
140 silly reify   '/Users/gabrielpereira/Desktop/Projetos/Nexus/marshall-tds/recibos-marshall/node_modules/@img/sharp-libvips-linux-riscv64'
140 silly reify ]
141 verbose reify failed optional dependency /Users/gabrielpereira/Desktop/Projetos/Nexus/marshall-tds/recibos-marshall/node_modules/@img/sharp-libvips-linux-ppc64
142 silly reify mark deleted [
142 silly reify   '/Users/gabrielpereira/Desktop/Projetos/Nexus/marshall-tds/recibos-marshall/node_modules/@img/sharp-libvips-linux-ppc64'
142 silly reify ]
143 verbose reify failed optional dependency /Users/gabrielpereira/Desktop/Projetos/Nexus/marshall-tds/recibos-marshall/node_modules/@img/sharp-libvips-linux-arm64
144 silly reify mark deleted [
144 silly reify   '/Users/gabrielpereira/Desktop/Projetos/Nexus/marshall-tds/recibos-marshall/node_modules/@img/sharp-libvips-linux-arm64'
144 silly reify ]
145 verbose reify failed optional dependency /Users/gabrielpereira/Desktop/Projetos/Nexus/marshall-tds/recibos-marshall/node_modules/@img/sharp-libvips-linux-arm
146 silly reify mark deleted [
146 silly reify   '/Users/gabrielpereira/Desktop/Projetos/Nexus/marshall-tds/recibos-marshall/node_modules/@img/sharp-libvips-linux-arm'
146 silly reify ]
147 verbose reify failed optional dependency /Users/gabrielpereira/Desktop/Projetos/Nexus/marshall-tds/recibos-marshall/node_modules/@img/sharp-libvips-darwin-x64
148 silly reify mark deleted [
148 silly reify   '/Users/gabrielpereira/Desktop/Projetos/Nexus/marshall-tds/recibos-marshall/node_modules/@img/sharp-libvips-darwin-x64'
148 silly reify ]
149 verbose reify failed optional dependency /Users/gabrielpereira/Desktop/Projetos/Nexus/marshall-tds/recibos-marshall/node_modules/@img/sharp-darwin-x64
150 silly reify mark deleted [
150 silly reify   '/Users/gabrielpereira/Desktop/Projetos/Nexus/marshall-tds/recibos-marshall/node_modules/@img/sharp-darwin-x64'
150 silly reify ]
151 http cache postcss-value-parser@https://registry.npmjs.org/postcss-value-parser/-/postcss-value-parser-4.2.0.tgz 0ms (cache hit)
152 http cache tailwindcss@https://registry.npmjs.org/tailwindcss/-/tailwindcss-4.2.2.tgz 0ms (cache hit)
153 http cache @emnapi/wasi-threads@https://registry.npmjs.org/@emnapi/wasi-threads/-/wasi-threads-1.2.1.tgz 0ms (cache hit)
154 http cache @emnapi/core@https://registry.npmjs.org/@emnapi/core/-/core-1.10.0.tgz 0ms (cache hit)
155 http cache postcss@https://registry.npmjs.org/postcss/-/postcss-8.5.10.tgz 0ms (cache hit)
156 http cache @napi-rs/wasm-runtime@https://registry.npmjs.org/@napi-rs/wasm-runtime/-/wasm-runtime-0.2.12.tgz 0ms (cache hit)
157 http cache @tybys/wasm-util@https://registry.npmjs.org/@tybys/wasm-util/-/wasm-util-0.10.1.tgz 0ms (cache hit)
158 http cache postcss@https://registry.npmjs.org/postcss/-/postcss-8.4.31.tgz 0ms (cache hit)
159 silly tarball no local data for postcss-value-parser@https://registry.npmjs.org/postcss-value-parser/-/postcss-value-parser-4.2.0.tgz. Extracting by manifest.
160 silly tarball no local data for tailwindcss@https://registry.npmjs.org/tailwindcss/-/tailwindcss-4.2.2.tgz. Extracting by manifest.
161 silly tarball no local data for @emnapi/wasi-threads@https://registry.npmjs.org/@emnapi/wasi-threads/-/wasi-threads-1.2.1.tgz. Extracting by manifest.
162 http cache autoprefixer@https://registry.npmjs.org/autoprefixer/-/autoprefixer-10.5.0.tgz 0ms (cache hit)
163 silly tarball no local data for @emnapi/core@https://registry.npmjs.org/@emnapi/core/-/core-1.10.0.tgz. Extracting by manifest.
164 http cache fraction.js@https://registry.npmjs.org/fraction.js/-/fraction.js-5.3.4.tgz 0ms (cache hit)
165 silly tarball no local data for postcss@https://registry.npmjs.org/postcss/-/postcss-8.5.10.tgz. Extracting by manifest.
166 silly tarball no local data for @napi-rs/wasm-runtime@https://registry.npmjs.org/@napi-rs/wasm-runtime/-/wasm-runtime-0.2.12.tgz. Extracting by manifest.
167 silly tarball no local data for @tybys/wasm-util@https://registry.npmjs.org/@tybys/wasm-util/-/wasm-util-0.10.1.tgz. Extracting by manifest.
168 silly tarball no local data for postcss@https://registry.npmjs.org/postcss/-/postcss-8.4.31.tgz. Extracting by manifest.
169 silly tarball no local data for autoprefixer@https://registry.npmjs.org/autoprefixer/-/autoprefixer-10.5.0.tgz. Extracting by manifest.
170 silly tarball no local data for fraction.js@https://registry.npmjs.org/fraction.js/-/fraction.js-5.3.4.tgz. Extracting by manifest.
171 http fetch GET 200 https://registry.npmjs.org/postcss-value-parser/-/postcss-value-parser-4.2.0.tgz 45ms (cache miss)
172 http fetch GET 200 https://registry.npmjs.org/postcss/-/postcss-8.4.31.tgz 100ms (cache miss)
173 http fetch GET 200 https://registry.npmjs.org/tailwindcss/-/tailwindcss-4.2.2.tgz 111ms (cache miss)
174 http fetch GET 200 https://registry.npmjs.org/@emnapi/wasi-threads/-/wasi-threads-1.2.1.tgz 118ms (cache miss)
175 http fetch GET 200 https://registry.npmjs.org/fraction.js/-/fraction.js-5.3.4.tgz 114ms (cache miss)
176 http fetch GET 200 https://registry.npmjs.org/autoprefixer/-/autoprefixer-10.5.0.tgz 121ms (cache miss)
177 http fetch GET 200 https://registry.npmjs.org/postcss/-/postcss-8.5.10.tgz 125ms (cache miss)
178 http fetch GET 200 https://registry.npmjs.org/@emnapi/core/-/core-1.10.0.tgz 133ms (cache miss)
179 http fetch GET 200 https://registry.npmjs.org/@tybys/wasm-util/-/wasm-util-0.10.1.tgz 168ms (cache miss)
180 http fetch GET 200 https://registry.npmjs.org/@napi-rs/wasm-runtime/-/wasm-runtime-0.2.12.tgz 170ms (cache miss)
181 http fetch POST 200 https://registry.npmjs.org/-/npm/v1/security/advisories/bulk 239ms
182 silly audit report {}
183 silly ADD node_modules/postcss-value-parser
184 silly ADD node_modules/fraction.js
185 silly ADD node_modules/tailwindcss
186 silly ADD node_modules/autoprefixer
187 silly ADD
188 silly ADD
189 silly ADD
190 silly ADD
191 silly ADD
192 silly ADD
193 silly ADD
194 silly ADD
195 silly ADD
196 silly ADD
197 silly ADD
198 silly ADD
199 silly ADD
200 silly ADD
201 silly ADD
202 silly ADD
203 silly ADD
204 silly ADD
205 silly ADD
206 silly ADD
207 silly ADD
208 silly ADD
209 silly ADD
210 silly ADD
211 silly ADD
212 silly ADD
213 silly ADD
214 silly ADD
215 silly ADD
216 silly ADD
217 silly ADD
218 silly ADD
219 silly ADD
220 silly ADD
221 silly ADD
222 silly ADD
223 silly ADD
224 silly ADD
225 silly ADD
226 silly ADD
227 silly ADD
228 silly ADD
229 silly ADD
230 silly ADD
231 silly ADD
232 silly ADD
233 silly ADD
234 silly ADD
235 silly ADD
236 silly ADD
237 silly ADD
238 silly CHANGE node_modules/postcss
239 silly ADD node_modules/next/node_modules/postcss
240 verbose cwd /Users/gabrielpereira/Desktop/Projetos/Nexus/marshall-tds/recibos-marshall
241 verbose os Darwin 25.3.0
242 verbose node v22.14.0
243 verbose npm  v10.9.2
244 notice
244 notice New [31mmajor[39m version of npm available! [31m10.9.2[39m -> [34m11.12.1[39m
244 notice Changelog: [34mhttps://github.com/npm/cli/releases/tag/v11.12.1[39m
244 notice To update run: [4mnpm install -g npm@11.12.1[24m
244 notice  { force: true, [Symbol(proc-log.meta)]: true }
245 verbose exit 0
246 info ok
