0 verbose cli /usr/local/bin/node /usr/local/bin/npm
1 info using npm@10.9.2
2 info using node@v22.14.0
3 silly config load:file:/usr/local/lib/node_modules/npm/npmrc
4 silly config load:file:/Users/gabrielpereira/Desktop/Projetos/Nexus/marshall-tds/recibos-marshall/.npmrc
5 silly config load:file:/Users/gabrielpereira/.npmrc
6 verbose config error loading user config Error: EPERM: operation not permitted, open '/Users/gabrielpereira/.npmrc'
6 verbose config     at async open (node:internal/fs/promises:638:25)
6 verbose config     at async readFile (node:internal/fs/promises:1242:14)
6 verbose config     at async #loadFile (/usr/local/lib/node_modules/npm/node_modules/@npmcli/config/lib/index.js:589:5)
6 verbose config     at async Config.load (/usr/local/lib/node_modules/npm/node_modules/@npmcli/config/lib/index.js:250:5)
6 verbose config     at async #load (/usr/local/lib/node_modules/npm/lib/npm.js:98:5)
6 verbose config     at async Npm.load (/usr/local/lib/node_modules/npm/lib/npm.js:80:14)
6 verbose config     at async module.exports (/usr/local/lib/node_modules/npm/lib/cli/entry.js:42:37) {
6 verbose config   errno: -1,
6 verbose config   code: 'EPERM',
6 verbose config   syscall: 'open',
6 verbose config   path: '/Users/gabrielpereira/.npmrc'
6 verbose config }
7 silly config load:file:/usr/local/etc/npmrc
8 verbose title npm install @tailwindcss/postcss
9 verbose argv "install" "--save-dev" "@tailwindcss/postcss" "--cache" "./.npm_cache"
10 verbose logfile logs-max:10 dir:/Users/gabrielpereira/Desktop/Projetos/Nexus/marshall-tds/recibos-marshall/.npm_cache/_logs/2026-04-19T01_50_31_282Z-
11 verbose logfile /Users/gabrielpereira/Desktop/Projetos/Nexus/marshall-tds/recibos-marshall/.npm_cache/_logs/2026-04-19T01_50_31_282Z-debug-0.log
12 silly logfile done cleaning log files
13 silly packumentCache heap:4345298944 maxSize:1086324736 maxEntrySize:543162368
14 silly idealTree buildDeps
15 silly fetch manifest @tailwindcss/postcss@*
16 silly packumentCache full:https://registry.npmjs.org/@tailwindcss%2fpostcss cache-miss
17 http fetch GET 200 https://registry.npmjs.org/@tailwindcss%2fpostcss 168ms (cache miss)
18 silly packumentCache full:https://registry.npmjs.org/@tailwindcss%2fpostcss set size:undefined disposed:false
19 silly placeDep ROOT @tailwindcss/postcss@4.2.2 OK for: temp-init@0.1.0 want: *
20 silly fetch manifest @alloc/quick-lru@^5.2.0
21 silly packumentCache full:https://registry.npmjs.org/@alloc%2fquick-lru cache-miss
22 silly fetch manifest @tailwindcss/node@4.2.2
23 silly packumentCache full:https://registry.npmjs.org/@tailwindcss%2fnode cache-miss
24 silly fetch manifest @tailwindcss/oxide@4.2.2
25 silly packumentCache full:https://registry.npmjs.org/@tailwindcss%2foxide cache-miss
26 http fetch GET 200 https://registry.npmjs.org/@alloc%2fquick-lru 60ms (cache miss)
27 silly packumentCache full:https://registry.npmjs.org/@alloc%2fquick-lru set size:undefined disposed:false
28 http fetch GET 200 https://registry.npmjs.org/@tailwindcss%2foxide 111ms (cache miss)
29 silly packumentCache full:https://registry.npmjs.org/@tailwindcss%2foxide set size:undefined disposed:false
30 http fetch GET 200 https://registry.npmjs.org/@tailwindcss%2fnode 122ms (cache miss)
31 silly packumentCache full:https://registry.npmjs.org/@tailwindcss%2fnode set size:undefined disposed:false
32 silly placeDep ROOT @alloc/quick-lru@5.2.0 OK for: @tailwindcss/postcss@4.2.2 want: ^5.2.0
33 silly placeDep ROOT @tailwindcss/node@4.2.2 OK for: @tailwindcss/postcss@4.2.2 want: 4.2.2
34 silly placeDep ROOT @tailwindcss/oxide@4.2.2 OK for: @tailwindcss/postcss@4.2.2 want: 4.2.2
35 silly fetch manifest jiti@^2.6.1
36 silly packumentCache full:https://registry.npmjs.org/jiti cache-miss
37 silly fetch manifest lightningcss@1.32.0
38 silly packumentCache full:https://registry.npmjs.org/lightningcss cache-miss
39 silly fetch manifest magic-string@^0.30.21
40 silly packumentCache full:https://registry.npmjs.org/magic-string cache-miss
41 silly fetch manifest enhanced-resolve@^5.19.0
42 silly packumentCache full:https://registry.npmjs.org/enhanced-resolve cache-miss
43 silly fetch manifest @tailwindcss/oxide-darwin-x64@4.2.2
44 silly packumentCache full:https://registry.npmjs.org/@tailwindcss%2foxide-darwin-x64 cache-miss
45 silly fetch manifest @tailwindcss/oxide-freebsd-x64@4.2.2
46 silly packumentCache full:https://registry.npmjs.org/@tailwindcss%2foxide-freebsd-x64 cache-miss
47 silly fetch manifest @tailwindcss/oxide-wasm32-wasi@4.2.2
48 silly packumentCache full:https://registry.npmjs.org/@tailwindcss%2foxide-wasm32-wasi cache-miss
49 silly fetch manifest @tailwindcss/oxide-darwin-arm64@4.2.2
50 silly packumentCache full:https://registry.npmjs.org/@tailwindcss%2foxide-darwin-arm64 cache-miss
51 silly fetch manifest @tailwindcss/oxide-android-arm64@4.2.2
52 silly packumentCache full:https://registry.npmjs.org/@tailwindcss%2foxide-android-arm64 cache-miss
53 silly fetch manifest @tailwindcss/oxide-linux-x64-gnu@4.2.2
54 silly packumentCache full:https://registry.npmjs.org/@tailwindcss%2foxide-linux-x64-gnu cache-miss
55 http fetch GET 200 https://registry.npmjs.org/lightningcss 36ms (cache miss)
56 silly packumentCache full:https://registry.npmjs.org/lightningcss set size:undefined disposed:false
57 silly fetch manifest @tailwindcss/oxide-linux-x64-musl@4.2.2
58 silly packumentCache full:https://registry.npmjs.org/@tailwindcss%2foxide-linux-x64-musl cache-miss
59 http fetch GET 200 https://registry.npmjs.org/magic-string 39ms (cache miss)
60 silly packumentCache full:https://registry.npmjs.org/magic-string set size:undefined disposed:false
61 silly fetch manifest @tailwindcss/oxide-win32-x64-msvc@4.2.2
62 silly packumentCache full:https://registry.npmjs.org/@tailwindcss%2foxide-win32-x64-msvc cache-miss
63 http fetch GET 200 https://registry.npmjs.org/jiti 45ms (cache miss)
64 silly packumentCache full:https://registry.npmjs.org/jiti set size:undefined disposed:false
65 silly fetch manifest @tailwindcss/oxide-linux-arm64-gnu@4.2.2
66 silly packumentCache full:https://registry.npmjs.org/@tailwindcss%2foxide-linux-arm64-gnu cache-miss
67 http fetch GET 200 https://registry.npmjs.org/@tailwindcss%2foxide-linux-x64-musl 80ms (cache miss)
68 silly packumentCache full:https://registry.npmjs.org/@tailwindcss%2foxide-linux-x64-musl set size:undefined disposed:false
69 silly fetch manifest @tailwindcss/oxide-linux-arm64-musl@4.2.2
70 silly packumentCache full:https://registry.npmjs.org/@tailwindcss%2foxide-linux-arm64-musl cache-miss
71 http fetch GET 200 https://registry.npmjs.org/enhanced-resolve 131ms (cache miss)
72 silly packumentCache full:https://registry.npmjs.org/enhanced-resolve set size:undefined disposed:false
73 silly fetch manifest @tailwindcss/oxide-win32-arm64-msvc@4.2.2
74 silly packumentCache full:https://registry.npmjs.org/@tailwindcss%2foxide-win32-arm64-msvc cache-miss
75 http fetch GET 200 https://registry.npmjs.org/@tailwindcss%2foxide-win32-x64-msvc 96ms (cache miss)
76 silly packumentCache full:https://registry.npmjs.org/@tailwindcss%2foxide-win32-x64-msvc set size:undefined disposed:false
77 silly fetch manifest @tailwindcss/oxide-linux-arm-gnueabihf@4.2.2
78 silly packumentCache full:https://registry.npmjs.org/@tailwindcss%2foxide-linux-arm-gnueabihf cache-miss
79 http fetch GET 200 https://registry.npmjs.org/@tailwindcss%2foxide-linux-arm64-gnu 98ms (cache miss)
80 silly packumentCache full:https://registry.npmjs.org/@tailwindcss%2foxide-linux-arm64-gnu set size:undefined disposed:false
81 http fetch GET 200 https://registry.npmjs.org/@tailwindcss%2foxide-wasm32-wasi 257ms (cache miss)
82 silly packumentCache full:https://registry.npmjs.org/@tailwindcss%2foxide-wasm32-wasi set size:undefined disposed:false
83 http fetch GET 200 https://registry.npmjs.org/@tailwindcss%2foxide-linux-arm64-musl 178ms (cache miss)
84 silly packumentCache full:https://registry.npmjs.org/@tailwindcss%2foxide-linux-arm64-musl set size:undefined disposed:false
85 http fetch GET 200 https://registry.npmjs.org/@tailwindcss%2foxide-android-arm64 309ms (cache miss)
86 silly packumentCache full:https://registry.npmjs.org/@tailwindcss%2foxide-android-arm64 set size:undefined disposed:false
87 http fetch GET 200 https://registry.npmjs.org/@tailwindcss%2foxide-darwin-x64 317ms (cache miss)
88 silly packumentCache full:https://registry.npmjs.org/@tailwindcss%2foxide-darwin-x64 set size:undefined disposed:false
89 http fetch GET 200 https://registry.npmjs.org/@tailwindcss%2foxide-freebsd-x64 322ms (cache miss)
90 silly packumentCache full:https://registry.npmjs.org/@tailwindcss%2foxide-freebsd-x64 set size:undefined disposed:false
91 http fetch GET 200 https://registry.npmjs.org/@tailwindcss%2foxide-darwin-arm64 330ms (cache miss)
92 silly packumentCache full:https://registry.npmjs.org/@tailwindcss%2foxide-darwin-arm64 set size:undefined disposed:false
93 http fetch GET 200 https://registry.npmjs.org/@tailwindcss%2foxide-win32-arm64-msvc 232ms (cache miss)
94 silly packumentCache full:https://registry.npmjs.org/@tailwindcss%2foxide-win32-arm64-msvc set size:undefined disposed:false
95 http fetch GET 200 https://registry.npmjs.org/@tailwindcss%2foxide-linux-x64-gnu 418ms (cache miss)
96 silly packumentCache full:https://registry.npmjs.org/@tailwindcss%2foxide-linux-x64-gnu set size:undefined disposed:false
97 http fetch GET 200 https://registry.npmjs.org/@tailwindcss%2foxide-linux-arm-gnueabihf 377ms (cache miss)
98 silly packumentCache full:https://registry.npmjs.org/@tailwindcss%2foxide-linux-arm-gnueabihf set size:undefined disposed:false
99 silly placeDep ROOT enhanced-resolve@5.20.1 OK for: @tailwindcss/node@4.2.2 want: ^5.19.0
100 silly placeDep ROOT jiti@2.6.1 OK for: @tailwindcss/node@4.2.2 want: ^2.6.1
101 silly placeDep ROOT lightningcss@1.32.0 OK for: @tailwindcss/node@4.2.2 want: 1.32.0
102 silly placeDep ROOT magic-string@0.30.21 OK for: @tailwindcss/node@4.2.2 want: ^0.30.21
103 silly fetch manifest graceful-fs@^4.2.4
104 silly packumentCache full:https://registry.npmjs.org/graceful-fs cache-miss
105 silly fetch manifest tapable@^2.3.0
106 silly packumentCache full:https://registry.npmjs.org/tapable cache-miss
107 silly fetch manifest lightningcss-darwin-x64@1.32.0
108 silly packumentCache full:https://registry.npmjs.org/lightningcss-darwin-x64 cache-miss
109 silly fetch manifest lightningcss-linux-x64-gnu@1.32.0
110 silly packumentCache full:https://registry.npmjs.org/lightningcss-linux-x64-gnu cache-miss
111 silly fetch manifest lightningcss-win32-x64-msvc@1.32.0
112 silly packumentCache full:https://registry.npmjs.org/lightningcss-win32-x64-msvc cache-miss
113 silly fetch manifest lightningcss-win32-arm64-msvc@1.32.0
114 silly packumentCache full:https://registry.npmjs.org/lightningcss-win32-arm64-msvc cache-miss
115 silly fetch manifest lightningcss-darwin-arm64@1.32.0
116 silly packumentCache full:https://registry.npmjs.org/lightningcss-darwin-arm64 cache-miss
117 silly fetch manifest lightningcss-linux-arm64-gnu@1.32.0
118 silly packumentCache full:https://registry.npmjs.org/lightningcss-linux-arm64-gnu cache-miss
119 silly fetch manifest lightningcss-linux-arm-gnueabihf@1.32.0
120 silly packumentCache full:https://registry.npmjs.org/lightningcss-linux-arm-gnueabihf cache-miss
121 silly fetch manifest lightningcss-linux-arm64-musl@1.32.0
122 silly packumentCache full:https://registry.npmjs.org/lightningcss-linux-arm64-musl cache-miss
123 http fetch GET 200 https://registry.npmjs.org/lightningcss-darwin-arm64 33ms (cache miss)
124 silly packumentCache full:https://registry.npmjs.org/lightningcss-darwin-arm64 set size:undefined disposed:false
125 silly fetch manifest lightningcss-linux-x64-musl@1.32.0
126 silly packumentCache full:https://registry.npmjs.org/lightningcss-linux-x64-musl cache-miss
127 http fetch GET 200 https://registry.npmjs.org/lightningcss-linux-arm64-musl 35ms (cache miss)
128 silly packumentCache full:https://registry.npmjs.org/lightningcss-linux-arm64-musl set size:undefined disposed:false
129 silly fetch manifest lightningcss-freebsd-x64@1.32.0
130 silly packumentCache full:https://registry.npmjs.org/lightningcss-freebsd-x64 cache-miss
131 http fetch GET 200 https://registry.npmjs.org/lightningcss-linux-arm64-gnu 43ms (cache miss)
132 silly packumentCache full:https://registry.npmjs.org/lightningcss-linux-arm64-gnu set size:undefined disposed:false
133 silly fetch manifest lightningcss-android-arm64@1.32.0
134 silly packumentCache full:https://registry.npmjs.org/lightningcss-android-arm64 cache-miss
135 http fetch GET 200 https://registry.npmjs.org/lightningcss-win32-x64-msvc 43ms (cache miss)
136 silly packumentCache full:https://registry.npmjs.org/lightningcss-win32-x64-msvc set size:undefined disposed:false
137 http fetch GET 200 https://registry.npmjs.org/lightningcss-linux-arm-gnueabihf 44ms (cache miss)
138 silly packumentCache full:https://registry.npmjs.org/lightningcss-linux-arm-gnueabihf set size:undefined disposed:false
139 http fetch GET 200 https://registry.npmjs.org/lightningcss-win32-arm64-msvc 44ms (cache miss)
140 silly packumentCache full:https://registry.npmjs.org/lightningcss-win32-arm64-msvc set size:undefined disposed:false
141 http fetch GET 200 https://registry.npmjs.org/lightningcss-darwin-x64 44ms (cache miss)
142 silly packumentCache full:https://registry.npmjs.org/lightningcss-darwin-x64 set size:undefined disposed:false
143 http fetch GET 200 https://registry.npmjs.org/tapable 45ms (cache miss)
144 silly packumentCache full:https://registry.npmjs.org/tapable set size:undefined disposed:false
145 http fetch GET 200 https://registry.npmjs.org/graceful-fs 46ms (cache miss)
146 silly packumentCache full:https://registry.npmjs.org/graceful-fs set size:undefined disposed:false
147 http fetch GET 200 https://registry.npmjs.org/lightningcss-linux-x64-gnu 51ms (cache miss)
148 silly packumentCache full:https://registry.npmjs.org/lightningcss-linux-x64-gnu set size:undefined disposed:false
149 http fetch GET 200 https://registry.npmjs.org/lightningcss-linux-x64-musl 29ms (cache miss)
150 silly packumentCache full:https://registry.npmjs.org/lightningcss-linux-x64-musl set size:undefined disposed:false
151 http fetch GET 200 https://registry.npmjs.org/lightningcss-freebsd-x64 32ms (cache miss)
152 silly packumentCache full:https://registry.npmjs.org/lightningcss-freebsd-x64 set size:undefined disposed:false
153 http fetch GET 200 https://registry.npmjs.org/lightningcss-android-arm64 25ms (cache miss)
154 silly packumentCache full:https://registry.npmjs.org/lightningcss-android-arm64 set size:undefined disposed:false
155 silly placeDep ROOT @tailwindcss/oxide-android-arm64@4.2.2 OK for: @tailwindcss/oxide@4.2.2 want: 4.2.2
156 silly placeDep ROOT @tailwindcss/oxide-darwin-arm64@4.2.2 OK for: @tailwindcss/oxide@4.2.2 want: 4.2.2
157 silly placeDep ROOT @tailwindcss/oxide-darwin-x64@4.2.2 OK for: @tailwindcss/oxide@4.2.2 want: 4.2.2
158 silly placeDep ROOT @tailwindcss/oxide-freebsd-x64@4.2.2 OK for: @tailwindcss/oxide@4.2.2 want: 4.2.2
159 silly placeDep ROOT @tailwindcss/oxide-linux-arm-gnueabihf@4.2.2 OK for: @tailwindcss/oxide@4.2.2 want: 4.2.2
160 silly placeDep ROOT @tailwindcss/oxide-linux-arm64-gnu@4.2.2 OK for: @tailwindcss/oxide@4.2.2 want: 4.2.2
161 silly placeDep ROOT @tailwindcss/oxide-linux-arm64-musl@4.2.2 OK for: @tailwindcss/oxide@4.2.2 want: 4.2.2
162 silly placeDep ROOT @tailwindcss/oxide-linux-x64-gnu@4.2.2 OK for: @tailwindcss/oxide@4.2.2 want: 4.2.2
163 silly placeDep ROOT @tailwindcss/oxide-linux-x64-musl@4.2.2 OK for: @tailwindcss/oxide@4.2.2 want: 4.2.2
164 silly placeDep ROOT @tailwindcss/oxide-wasm32-wasi@4.2.2 OK for: @tailwindcss/oxide@4.2.2 want: 4.2.2
165 silly placeDep ROOT @tailwindcss/oxide-win32-arm64-msvc@4.2.2 OK for: @tailwindcss/oxide@4.2.2 want: 4.2.2
166 silly placeDep ROOT @tailwindcss/oxide-win32-x64-msvc@4.2.2 OK for: @tailwindcss/oxide@4.2.2 want: 4.2.2
167 silly placeDep ROOT graceful-fs@4.2.11 OK for: enhanced-resolve@5.20.1 want: ^4.2.4
168 silly placeDep ROOT tapable@2.3.2 OK for: enhanced-resolve@5.20.1 want: ^2.3.0
169 silly placeDep ROOT lightningcss-android-arm64@1.32.0 OK for: lightningcss@1.32.0 want: 1.32.0
170 silly placeDep ROOT lightningcss-darwin-arm64@1.32.0 OK for: lightningcss@1.32.0 want: 1.32.0
171 silly placeDep ROOT lightningcss-darwin-x64@1.32.0 OK for: lightningcss@1.32.0 want: 1.32.0
172 silly placeDep ROOT lightningcss-freebsd-x64@1.32.0 OK for: lightningcss@1.32.0 want: 1.32.0
173 silly placeDep ROOT lightningcss-linux-arm-gnueabihf@1.32.0 OK for: lightningcss@1.32.0 want: 1.32.0
174 silly placeDep ROOT lightningcss-linux-arm64-gnu@1.32.0 OK for: lightningcss@1.32.0 want: 1.32.0
175 silly placeDep ROOT lightningcss-linux-arm64-musl@1.32.0 OK for: lightningcss@1.32.0 want: 1.32.0
176 silly placeDep ROOT lightningcss-linux-x64-gnu@1.32.0 OK for: lightningcss@1.32.0 want: 1.32.0
177 silly placeDep ROOT lightningcss-linux-x64-musl@1.32.0 OK for: lightningcss@1.32.0 want: 1.32.0
178 silly placeDep ROOT lightningcss-win32-arm64-msvc@1.32.0 OK for: lightningcss@1.32.0 want: 1.32.0
179 silly placeDep ROOT lightningcss-win32-x64-msvc@1.32.0 OK for: lightningcss@1.32.0 want: 1.32.0
180 silly reify moves {}
181 verbose reify failed optional dependency /Users/gabrielpereira/Desktop/Projetos/Nexus/marshall-tds/recibos-marshall/node_modules/@tailwindcss/oxide-wasm32-wasi
182 silly reify mark deleted [
182 silly reify   '/Users/gabrielpereira/Desktop/Projetos/Nexus/marshall-tds/recibos-marshall/node_modules/@tailwindcss/oxide-wasm32-wasi'
182 silly reify ]
183 silly audit bulk request {
183 silly audit   '@babel/code-frame': [ '7.29.0' ],
183 silly audit   '@babel/compat-data': [ '7.29.0' ],
183 silly audit   '@babel/core': [ '7.29.0' ],
183 silly audit   '@babel/generator': [ '7.29.1' ],
183 silly audit   '@babel/helper-compilation-targets': [ '7.28.6' ],
183 silly audit   '@babel/helper-globals': [ '7.28.0' ],
183 silly audit   '@babel/helper-module-imports': [ '7.28.6' ],
183 silly audit   '@babel/helper-module-transforms': [ '7.28.6' ],
183 silly audit   '@babel/helper-string-parser': [ '7.27.1' ],
183 silly audit   '@babel/helper-validator-identifier': [ '7.28.5' ],
183 silly audit   '@babel/helper-validator-option': [ '7.27.1' ],
183 silly audit   '@babel/helpers': [ '7.29.2' ],
183 silly audit   '@babel/parser': [ '7.29.2' ],
183 silly audit   '@babel/template': [ '7.28.6' ],
183 silly audit   '@babel/traverse': [ '7.29.0' ],
183 silly audit   '@babel/types': [ '7.29.0' ],
183 silly audit   '@emnapi/core': [ '1.10.0' ],
183 silly audit   '@emnapi/runtime': [ '1.10.0' ],
183 silly audit   '@emnapi/wasi-threads': [ '1.2.1' ],
183 silly audit   '@eslint-community/eslint-utils': [ '4.9.1' ],
183 silly audit   'eslint-visitor-keys': [ '3.4.3', '5.0.1', '4.2.1' ],
183 silly audit   '@eslint-community/regexpp': [ '4.12.2' ],
183 silly audit   '@eslint/config-array': [ '0.21.2' ],
183 silly audit   '@eslint/config-helpers': [ '0.4.2' ],
183 silly audit   '@eslint/core': [ '0.17.0' ],
183 silly audit   '@eslint/eslintrc': [ '3.3.5' ],
183 silly audit   '@eslint/js': [ '9.39.4' ],
183 silly audit   '@eslint/object-schema': [ '2.1.7' ],
183 silly audit   '@eslint/plugin-kit': [ '0.4.1' ],
183 silly audit   '@humanfs/core': [ '0.19.1' ],
183 silly audit   '@humanfs/node': [ '0.16.7' ],
183 silly audit   '@humanwhocodes/module-importer': [ '1.0.1' ],
183 silly audit   '@humanwhocodes/retry': [ '0.4.3' ],
183 silly audit   '@img/colour': [ '1.1.0' ],
183 silly audit   '@img/sharp-darwin-arm64': [ '0.34.5' ],
183 silly audit   '@img/sharp-darwin-x64': [ '0.34.5' ],
183 silly audit   '@img/sharp-libvips-darwin-arm64': [ '1.2.4' ],
183 silly audit   '@img/sharp-libvips-darwin-x64': [ '1.2.4' ],
183 silly audit   '@img/sharp-libvips-linux-arm': [ '1.2.4' ],
183 silly audit   '@img/sharp-libvips-linux-arm64': [ '1.2.4' ],
183 silly audit   '@img/sharp-libvips-linux-ppc64': [ '1.2.4' ],
183 silly audit   '@img/sharp-libvips-linux-riscv64': [ '1.2.4' ],
183 silly audit   '@img/sharp-libvips-linux-s390x': [ '1.2.4' ],
183 silly audit   '@img/sharp-libvips-linux-x64': [ '1.2.4' ],
183 silly audit   '@img/sharp-libvips-linuxmusl-arm64': [ '1.2.4' ],
183 silly audit   '@img/sharp-libvips-linuxmusl-x64': [ '1.2.4' ],
183 silly audit   '@img/sharp-linux-arm': [ '0.34.5' ],
183 silly audit   '@img/sharp-linux-arm64': [ '0.34.5' ],
183 silly audit   '@img/sharp-linux-ppc64': [ '0.34.5' ],
183 silly audit   '@img/sharp-linux-riscv64': [ '0.34.5' ],
183 silly audit   '@img/sharp-linux-s390x': [ '0.34.5' ],
183 silly audit   '@img/sharp-linux-x64': [ '0.34.5' ],
183 silly audit   '@img/sharp-linuxmusl-arm64': [ '0.34.5' ],
183 silly audit   '@img/sharp-linuxmusl-x64': [ '0.34.5' ],
183 silly audit   '@img/sharp-wasm32': [ '0.34.5' ],
183 silly audit   '@img/sharp-win32-arm64': [ '0.34.5' ],
183 silly audit   '@img/sharp-win32-ia32': [ '0.34.5' ],
183 silly audit   '@img/sharp-win32-x64': [ '0.34.5' ],
183 silly audit   '@jridgewell/gen-mapping': [ '0.3.13' ],
183 silly audit   '@jridgewell/remapping': [ '2.3.5' ],
183 silly audit   '@jridgewell/resolve-uri': [ '3.1.2' ],
183 silly audit   '@jridgewell/sourcemap-codec': [ '1.5.5' ],
183 silly audit   '@jridgewell/trace-mapping': [ '0.3.31' ],
183 silly audit   '@napi-rs/wasm-runtime': [ '0.2.12' ],
183 silly audit   '@next/env': [ '16.2.4' ],
183 silly audit   '@next/eslint-plugin-next': [ '16.2.4' ],
183 silly audit   '@next/swc-darwin-arm64': [ '16.2.4' ],
183 silly audit   '@next/swc-darwin-x64': [ '16.2.4' ],
183 silly audit   '@next/swc-linux-arm64-gnu': [ '16.2.4' ],
183 silly audit   '@next/swc-linux-arm64-musl': [ '16.2.4' ],
183 silly audit   '@next/swc-linux-x64-gnu': [ '16.2.4' ],
183 silly audit   '@next/swc-linux-x64-musl': [ '16.2.4' ],
183 silly audit   '@next/swc-win32-arm64-msvc': [ '16.2.4' ],
183 silly audit   '@next/swc-win32-x64-msvc': [ '16.2.4' ],
183 silly audit   '@nodelib/fs.scandir': [ '2.1.5' ],
183 silly audit   '@nodelib/fs.stat': [ '2.0.5' ],
183 silly audit   '@nodelib/fs.walk': [ '1.2.8' ],
183 silly audit   '@nolyfill/is-core-module': [ '1.0.39' ],
183 silly audit   '@rtsao/scc': [ '1.1.0' ],
183 silly audit   '@supabase/auth-helpers-nextjs': [ '0.15.0' ],
183 silly audit   '@supabase/auth-js': [ '2.103.3' ],
183 silly audit   '@supabase/functions-js': [ '2.103.3' ],
183 silly audit   '@supabase/phoenix': [ '0.4.0' ],
183 silly audit   '@supabase/postgrest-js': [ '2.103.3' ],
183 silly audit   '@supabase/realtime-js': [ '2.103.3' ],
183 silly audit   '@supabase/ssr': [ '0.10.2' ],
183 silly audit   '@supabase/storage-js': [ '2.103.3' ],
183 silly audit   '@supabase/supabase-js': [ '2.103.3' ],
183 silly audit   '@swc/helpers': [ '0.5.15' ],
183 silly audit   '@tybys/wasm-util': [ '0.10.1' ],
183 silly audit   '@types/estree': [ '1.0.8' ],
183 silly audit   '@types/json-schema': [ '7.0.15' ],
183 silly audit   '@types/json5': [ '0.0.29' ],
183 silly audit   '@types/node': [ '20.19.39' ],
183 silly audit   '@types/react': [ '19.2.14' ],
183 silly audit   '@types/react-dom': [ '19.2.3' ],
183 silly audit   '@types/ws': [ '8.18.1' ],
183 silly audit   '@typescript-eslint/eslint-plugin': [ '8.58.2' ],
183 silly audit   ignore: [ '7.0.5', '5.3.2' ],
183 silly audit   '@typescript-eslint/parser': [ '8.58.2' ],
183 silly audit   '@typescript-eslint/project-service': [ '8.58.2' ],
183 silly audit   '@typescript-eslint/scope-manager': [ '8.58.2' ],
183 silly audit   '@typescript-eslint/tsconfig-utils': [ '8.58.2' ],
183 silly audit   '@typescript-eslint/type-utils': [ '8.58.2' ],
183 silly audit   '@typescript-eslint/types': [ '8.58.2' ],
183 silly audit   '@typescript-eslint/typescript-estree': [ '8.58.2' ],
183 silly audit   'balanced-match': [ '4.0.4', '1.0.2' ],
183 silly audit   'brace-expansion': [ '5.0.5', '1.1.14' ],
183 silly audit   minimatch: [ '10.2.5', '3.1.5' ],
183 silly audit   semver: [ '7.7.4', '6.3.1' ],
183 silly audit   '@typescript-eslint/utils': [ '8.58.2' ],
183 silly audit   '@typescript-eslint/visitor-keys': [ '8.58.2' ],
183 silly audit   '@unrs/resolver-binding-android-arm-eabi': [ '1.11.1' ],
183 silly audit   '@unrs/resolver-binding-android-arm64': [ '1.11.1' ],
183 silly audit   '@unrs/resolver-binding-darwin-arm64': [ '1.11.1' ],
183 silly audit   '@unrs/resolver-binding-darwin-x64': [ '1.11.1' ],
183 silly audit   '@unrs/resolver-binding-freebsd-x64': [ '1.11.1' ],
183 silly audit   '@unrs/resolver-binding-linux-arm-gnueabihf': [ '1.11.1' ],
183 silly audit   '@unrs/resolver-binding-linux-arm-musleabihf': [ '1.11.1' ],
183 silly audit   '@unrs/resolver-binding-linux-arm64-gnu': [ '1.11.1' ],
183 silly audit   '@unrs/resolver-binding-linux-arm64-musl': [ '1.11.1' ],
183 silly audit   '@unrs/resolver-binding-linux-ppc64-gnu': [ '1.11.1' ],
183 silly audit   '@unrs/resolver-binding-linux-riscv64-gnu': [ '1.11.1' ],
183 silly audit   '@unrs/resolver-binding-linux-riscv64-musl': [ '1.11.1' ],
183 silly audit   '@unrs/resolver-binding-linux-s390x-gnu': [ '1.11.1' ],
183 silly audit   '@unrs/resolver-binding-linux-x64-gnu': [ '1.11.1' ],
183 silly audit   '@unrs/resolver-binding-linux-x64-musl': [ '1.11.1' ],
183 silly audit   '@unrs/resolver-binding-wasm32-wasi': [ '1.11.1' ],
183 silly audit   '@unrs/resolver-binding-win32-arm64-msvc': [ '1.11.1' ],
183 silly audit   '@unrs/resolver-binding-win32-ia32-msvc': [ '1.11.1' ],
183 silly audit   '@unrs/resolver-binding-win32-x64-msvc': [ '1.11.1' ],
183 silly audit   acorn: [ '8.16.0' ],
183 silly audit   'acorn-jsx': [ '5.3.2' ],
183 silly audit   ajv: [ '6.14.0' ],
183 silly audit   'ansi-styles': [ '4.3.0' ],
183 silly audit   argparse: [ '2.0.1' ],
183 silly audit   'aria-query': [ '5.3.2' ],
183 silly audit   'array-buffer-byte-length': [ '1.0.2' ],
183 silly audit   'array-includes': [ '3.1.9' ],
183 silly audit   'array.prototype.findlast': [ '1.2.5' ],
183 silly audit   'array.prototype.findlastindex': [ '1.2.6' ],
183 silly audit   'array.prototype.flat': [ '1.3.3' ],
183 silly audit   'array.prototype.flatmap': [ '1.3.3' ],
183 silly audit   'array.prototype.tosorted': [ '1.1.4' ],
183 silly audit   'arraybuffer.prototype.slice': [ '1.0.4' ],
183 silly audit   'ast-types-flow': [ '0.0.8' ],
183 silly audit   'async-function': [ '1.0.0' ],
183 silly audit   autoprefixer: [ '10.5.0' ],
183 silly audit   'available-typed-arrays': [ '1.0.7' ],
183 silly audit   'axe-core': [ '4.11.3' ],
183 silly audit   'axobject-query': [ '4.1.0' ],
183 silly audit   'baseline-browser-mapping': [ '2.10.19' ],
183 silly audit   braces: [ '3.0.3' ],
183 silly audit   browserslist: [ '4.28.2' ],
183 silly audit   'call-bind': [ '1.0.9' ],
183 silly audit   'call-bind-apply-helpers': [ '1.0.2' ],
183 silly audit   'call-bound': [ '1.0.4' ],
183 silly audit   callsites: [ '3.1.0' ],
183 silly audit   'caniuse-lite': [ '1.0.30001788' ],
183 silly audit   chalk: [ '4.1.2' ],
183 silly audit   'client-only': [ '0.0.1' ],
183 silly audit   'color-convert': [ '2.0.1' ],
183 silly audit   'color-name': [ '1.1.4' ],
183 silly audit   'concat-map': [ '0.0.1' ],
183 silly audit   'convert-source-map': [ '2.0.0' ],
183 silly audit   cookie: [ '1.1.1' ],
183 silly audit   'cross-spawn': [ '7.0.6' ],
183 silly audit   csstype: [ '3.2.3' ],
183 silly audit   'damerau-levenshtein': [ '1.0.8' ],
183 silly audit   'data-view-buffer': [ '1.0.2' ],
183 silly audit   'data-view-byte-length': [ '1.0.2' ],
183 silly audit   'data-view-byte-offset': [ '1.0.1' ],
183 silly audit   debug: [ '4.4.3', '3.2.7' ],
183 silly audit   'deep-is': [ '0.1.4' ],
183 silly audit   'define-data-property': [ '1.1.4' ],
183 silly audit   'define-properties': [ '1.2.1' ],
183 silly audit   'detect-libc': [ '2.1.2' ],
183 silly audit   doctrine: [ '2.1.0' ],
183 silly audit   'dunder-proto': [ '1.0.1' ],
183 silly audit   'electron-to-chromium': [ '1.5.340' ],
183 silly audit   'emoji-regex': [ '9.2.2' ],
183 silly audit   'es-abstract': [ '1.24.2' ],
183 silly audit   'es-define-property': [ '1.0.1' ],
183 silly audit   'es-errors': [ '1.3.0' ],
183 silly audit   'es-iterator-helpers': [ '1.3.2' ],
183 silly audit   'es-object-atoms': [ '1.1.1' ],
183 silly audit   'es-set-tostringtag': [ '2.1.0' ],
183 silly audit   'es-shim-unscopables': [ '1.1.0' ],
183 silly audit   'es-to-primitive': [ '1.3.0' ],
183 silly audit   escalade: [ '3.2.0' ],
183 silly audit   'escape-string-regexp': [ '4.0.0' ],
183 silly audit   eslint: [ '9.39.4' ],
183 silly audit   'eslint-config-next': [ '16.2.4' ],
183 silly audit   globals: [ '16.4.0', '14.0.0' ],
183 silly audit   'eslint-import-resolver-node': [ '0.3.10' ],
183 silly audit   'eslint-import-resolver-typescript': [ '3.10.1' ],
183 silly audit   'eslint-module-utils': [ '2.12.1' ],
183 silly audit   'eslint-plugin-import': [ '2.32.0' ],
183 silly audit   'eslint-plugin-jsx-a11y': [ '6.10.2' ],
183 silly audit   'eslint-plugin-react': [ '7.37.5' ],
183 silly audit   'eslint-plugin-react-hooks': [ '7.1.1' ],
183 silly audit   'eslint-scope': [ '8.4.0' ],
183 silly audit   espree: [ '10.4.0' ],
183 silly audit   esquery: [ '1.7.0' ],
183 silly audit   esrecurse: [ '4.3.0' ],
183 silly audit   estraverse: [ '5.3.0' ],
183 silly audit   esutils: [ '2.0.3' ],
183 silly audit   'fast-deep-equal': [ '3.1.3' ],
183 silly audit   'fast-glob': [ '3.3.1' ],
183 silly audit   'glob-parent': [ '5.1.2', '6.0.2' ],
183 silly audit   'fast-json-stable-stringify': [ '2.1.0' ],
183 silly audit   'fast-levenshtein': [ '2.0.6' ],
183 silly audit   fastq: [ '1.20.1' ],
183 silly audit   'file-entry-cache': [ '8.0.0' ],
183 silly audit   'fill-range': [ '7.1.1' ],
183 silly audit   'find-up': [ '5.0.0' ],
183 silly audit   'flat-cache': [ '4.0.1' ],
183 silly audit   flatted: [ '3.4.2' ],
183 silly audit   'for-each': [ '0.3.5' ],
183 silly audit   'fraction.js': [ '5.3.4' ],
183 silly audit   'framer-motion': [ '12.38.0' ],
183 silly audit   'function-bind': [ '1.1.2' ],
183 silly audit   'function.prototype.name': [ '1.1.8' ],
183 silly audit   'functions-have-names': [ '1.2.3' ],
183 silly audit   'generator-function': [ '2.0.1' ],
183 silly audit   gensync: [ '1.0.0-beta.2' ],
183 silly audit   'get-intrinsic': [ '1.3.0' ],
183 silly audit   'get-proto': [ '1.0.1' ],
183 silly audit   'get-symbol-description': [ '1.1.0' ],
183 silly audit   'get-tsconfig': [ '4.14.0' ],
183 silly audit   globalthis: [ '1.0.4' ],
183 silly audit   gopd: [ '1.2.0' ],
183 silly audit   'has-bigints': [ '1.1.0' ],
183 silly audit   'has-flag': [ '4.0.0' ],
183 silly audit   'has-property-descriptors': [ '1.0.2' ],
183 silly audit   'has-proto': [ '1.2.0' ],
183 silly audit   'has-symbols': [ '1.1.0' ],
183 silly audit   'has-tostringtag': [ '1.0.2' ],
183 silly audit   hasown: [ '2.0.2' ],
183 silly audit   'hermes-estree': [ '0.25.1' ],
183 silly audit   'hermes-parser': [ '0.25.1' ],
183 silly audit   'iceberg-js': [ '0.8.1' ],
183 silly audit   'import-fresh': [ '3.3.1' ],
183 silly audit   imurmurhash: [ '0.1.4' ],
183 silly audit   'internal-slot': [ '1.1.0' ],
183 silly audit   'is-array-buffer': [ '3.0.5' ],
183 silly audit   'is-async-function': [ '2.1.1' ],
183 silly audit   'is-bigint': [ '1.1.0' ],
183 silly audit   'is-boolean-object': [ '1.2.2' ],
183 silly audit   'is-bun-module': [ '2.0.0' ],
183 silly audit   'is-callable': [ '1.2.7' ],
183 silly audit   'is-core-module': [ '2.16.1' ],
183 silly audit   'is-data-view': [ '1.0.2' ],
183 silly audit   'is-date-object': [ '1.1.0' ],
183 silly audit   'is-extglob': [ '2.1.1' ],
183 silly audit   'is-finalizationregistry': [ '1.1.1' ],
183 silly audit   'is-generator-function': [ '1.1.2' ],
183 silly audit   'is-glob': [ '4.0.3' ],
183 silly audit   'is-map': [ '2.0.3' ],
183 silly audit   'is-negative-zero': [ '2.0.3' ],
183 silly audit   'is-number': [ '7.0.0' ],
183 silly audit   'is-number-object': [ '1.1.1' ],
183 silly audit   'is-regex': [ '1.2.1' ],
183 silly audit   'is-set': [ '2.0.3' ],
183 silly audit   'is-shared-array-buffer': [ '1.0.4' ],
183 silly audit   'is-string': [ '1.1.1' ],
183 silly audit   'is-symbol': [ '1.1.1' ],
183 silly audit   'is-typed-array': [ '1.1.15' ],
183 silly audit   'is-weakmap': [ '2.0.2' ],
183 silly audit   'is-weakref': [ '1.1.1' ],
183 silly audit   'is-weakset': [ '2.0.4' ],
183 silly audit   isarray: [ '2.0.5' ],
183 silly audit   isexe: [ '2.0.0' ],
183 silly audit   'iterator.prototype': [ '1.1.5' ],
183 silly audit   'js-tokens': [ '4.0.0' ],
183 silly audit   'js-yaml': [ '4.1.1' ],
183 silly audit   jsesc: [ '3.1.0' ],
183 silly audit   'json-buffer': [ '3.0.1' ],
183 silly audit   'json-schema-traverse': [ '0.4.1' ],
183 silly audit   'json-stable-stringify-without-jsonify': [ '1.0.1' ],
183 silly audit   json5: [ '2.2.3', '1.0.2' ],
183 silly audit   'jsx-ast-utils': [ '3.3.5' ],
183 silly audit   keyv: [ '4.5.4' ],
183 silly audit   'language-subtag-registry': [ '0.3.23' ],
183 silly audit   'language-tags': [ '1.0.9' ],
183 silly audit   levn: [ '0.4.1' ],
183 silly audit   'locate-path': [ '6.0.0' ],
183 silly audit   'lodash.merge': [ '4.6.2' ],
183 silly audit   'loose-envify': [ '1.4.0' ],
183 silly audit   'lru-cache': [ '5.1.1' ],
183 silly audit   'lucide-react': [ '1.8.0' ],
183 silly audit   'math-intrinsics': [ '1.1.0' ],
183 silly audit   merge2: [ '1.4.1' ],
183 silly audit   micromatch: [ '4.0.8' ],
183 silly audit   minimist: [ '1.2.8' ],
183 silly audit   'motion-dom': [ '12.38.0' ],
183 silly audit   'motion-utils': [ '12.36.0' ],
183 silly audit   ms: [ '2.1.3' ],
183 silly audit   nanoid: [ '3.3.11' ],
183 silly audit   'napi-postinstall': [ '0.3.4' ],
183 silly audit   'natural-compare': [ '1.4.0' ],
183 silly audit   next: [ '16.2.4' ],
183 silly audit   postcss: [ '8.4.31', '8.5.10' ],
183 silly audit   'node-exports-info': [ '1.6.0' ],
183 silly audit   'node-releases': [ '2.0.37' ],
183 silly audit   'object-assign': [ '4.1.1' ],
183 silly audit   'object-inspect': [ '1.13.4' ],
183 silly audit   'object-keys': [ '1.1.1' ],
183 silly audit   'object.assign': [ '4.1.7' ],
183 silly audit   'object.entries': [ '1.1.9' ],
183 silly audit   'object.fromentries': [ '2.0.8' ],
183 silly audit   'object.groupby': [ '1.0.3' ],
183 silly audit   'object.values': [ '1.2.1' ],
183 silly audit   optionator: [ '0.9.4' ],
183 silly audit   'own-keys': [ '1.0.1' ],
183 silly audit   'p-limit': [ '3.1.0' ],
183 silly audit   'p-locate': [ '5.0.0' ],
183 silly audit   'parent-module': [ '1.0.1' ],
183 silly audit   'path-exists': [ '4.0.0' ],
183 silly audit   'path-key': [ '3.1.1' ],
183 silly audit   'path-parse': [ '1.0.7' ],
183 silly audit   picocolors: [ '1.1.1' ],
183 silly audit   picomatch: [ '2.3.2', '4.0.4' ],
183 silly audit   'possible-typed-array-names': [ '1.1.0' ],
183 silly audit   'postcss-value-parser': [ '4.2.0' ],
183 silly audit   'prelude-ls': [ '1.2.1' ],
183 silly audit   'prop-types': [ '15.8.1' ],
183 silly audit   punycode: [ '2.3.1' ],
183 silly audit   'queue-microtask': [ '1.2.3' ],
183 silly audit   react: [ '19.2.4' ],
183 silly audit   'react-dom': [ '19.2.4' ],
183 silly audit   'react-is': [ '16.13.1' ],
183 silly audit   'reflect.getprototypeof': [ '1.0.10' ],
183 silly audit   'regexp.prototype.flags': [ '1.5.4' ],
183 silly audit   resolve: [ '2.0.0-next.6' ],
183 silly audit   'resolve-from': [ '4.0.0' ],
183 silly audit   'resolve-pkg-maps': [ '1.0.0' ],
183 silly audit   reusify: [ '1.1.0' ],
183 silly audit   'run-parallel': [ '1.2.0' ],
183 silly audit   'safe-array-concat': [ '1.1.3' ],
183 silly audit   'safe-push-apply': [ '1.0.0' ],
183 silly audit   'safe-regex-test': [ '1.1.0' ],
183 silly audit   scheduler: [ '0.27.0' ],
183 silly audit   'set-function-length': [ '1.2.2' ],
183 silly audit   'set-function-name': [ '2.0.2' ],
183 silly audit   'set-proto': [ '1.0.0' ],
183 silly audit   sharp: [ '0.34.5' ],
183 silly audit   'shebang-command': [ '2.0.0' ],
183 silly audit   'shebang-regex': [ '3.0.0' ],
183 silly audit   'side-channel': [ '1.1.0' ],
183 silly audit   'side-channel-list': [ '1.0.1' ],
183 silly audit   'side-channel-map': [ '1.0.1' ],
183 silly audit   'side-channel-weakmap': [ '1.0.2' ],
183 silly audit   'source-map-js': [ '1.2.1' ],
183 silly audit   'stable-hash': [ '0.0.5' ],
183 silly audit   'stop-iteration-iterator': [ '1.1.0' ],
183 silly audit   'string.prototype.includes': [ '2.0.1' ],
183 silly audit   'string.prototype.matchall': [ '4.0.12' ],
183 silly audit   'string.prototype.repeat': [ '1.0.0' ],
183 silly audit   'string.prototype.trim': [ '1.2.10' ],
183 silly audit   'string.prototype.trimend': [ '1.0.9' ],
183 silly audit   'string.prototype.trimstart': [ '1.0.8' ],
183 silly audit   'strip-bom': [ '3.0.0' ],
183 silly audit   'strip-json-comments': [ '3.1.1' ],
183 silly audit   'styled-jsx': [ '5.1.6' ],
183 silly audit   'supports-color': [ '7.2.0' ],
183 silly audit   'supports-preserve-symlinks-flag': [ '1.0.0' ],
183 silly audit   tailwindcss: [ '4.2.2' ],
183 silly audit   tinyglobby: [ '0.2.16' ],
183 silly audit   fdir: [ '6.5.0' ],
183 silly audit   'to-regex-range': [ '5.0.1' ],
183 silly audit   'ts-api-utils': [ '2.5.0' ],
183 silly audit   'tsconfig-paths': [ '3.15.0' ],
183 silly audit   tslib: [ '2.8.1' ],
183 silly audit   'type-check': [ '0.4.0' ],
183 silly audit   'typed-array-buffer': [ '1.0.3' ],
183 silly audit   'typed-array-byte-length': [ '1.0.3' ],
183 silly audit   'typed-array-byte-offset': [ '1.0.4' ],
183 silly audit   'typed-array-length': [ '1.0.7' ],
183 silly audit   typescript: [ '5.9.3' ],
183 silly audit   'typescript-eslint': [ '8.58.2' ],
183 silly audit   'unbox-primitive': [ '1.1.0' ],
183 silly audit   'undici-types': [ '6.21.0' ],
183 silly audit   'unrs-resolver': [ '1.11.1' ],
183 silly audit   'update-browserslist-db': [ '1.2.3' ],
183 silly audit   'uri-js': [ '4.4.1' ],
183 silly audit   which: [ '2.0.2' ],
183 silly audit   'which-boxed-primitive': [ '1.1.1' ],
183 silly audit   'which-builtin-type': [ '1.2.1' ],
183 silly audit   'which-collection': [ '1.0.2' ],
183 silly audit   'which-typed-array': [ '1.1.20' ],
183 silly audit   'word-wrap': [ '1.2.5' ],
183 silly audit   ws: [ '8.20.0' ],
183 silly audit   yallist: [ '3.1.1' ],
183 silly audit   'yocto-queue': [ '0.1.0' ],
183 silly audit   zod: [ '4.3.6' ],
183 silly audit   'zod-validation-error': [ '4.0.2' ],
183 silly audit   '@tailwindcss/postcss': [ '4.2.2' ],
183 silly audit   '@alloc/quick-lru': [ '5.2.0' ],
183 silly audit   '@tailwindcss/node': [ '4.2.2' ],
183 silly audit   '@tailwindcss/oxide': [ '4.2.2' ],
183 silly audit   'enhanced-resolve': [ '5.20.1' ],
183 silly audit   jiti: [ '2.6.1' ],
183 silly audit   lightningcss: [ '1.32.0' ],
183 silly audit   'magic-string': [ '0.30.21' ],
183 silly audit   '@tailwindcss/oxide-android-arm64': [ '4.2.2' ],
183 silly audit   '@tailwindcss/oxide-darwin-arm64': [ '4.2.2' ],
183 silly audit   '@tailwindcss/oxide-darwin-x64': [ '4.2.2' ],
183 silly audit   '@tailwindcss/oxide-freebsd-x64': [ '4.2.2' ],
183 silly audit   '@tailwindcss/oxide-linux-arm-gnueabihf': [ '4.2.2' ],
183 silly audit   '@tailwindcss/oxide-linux-arm64-gnu': [ '4.2.2' ],
183 silly audit   '@tailwindcss/oxide-linux-arm64-musl': [ '4.2.2' ],
183 silly audit   '@tailwindcss/oxide-linux-x64-gnu': [ '4.2.2' ],
183 silly audit   '@tailwindcss/oxide-linux-x64-musl': [ '4.2.2' ],
183 silly audit   '@tailwindcss/oxide-win32-arm64-msvc': [ '4.2.2' ],
183 silly audit   '@tailwindcss/oxide-win32-x64-msvc': [ '4.2.2' ],
183 silly audit   'graceful-fs': [ '4.2.11' ],
183 silly audit   tapable: [ '2.3.2' ],
183 silly audit   'lightningcss-android-arm64': [ '1.32.0' ],
183 silly audit   'lightningcss-darwin-arm64': [ '1.32.0' ],
183 silly audit   'lightningcss-darwin-x64': [ '1.32.0' ],
183 silly audit   'lightningcss-freebsd-x64': [ '1.32.0' ],
183 silly audit   'lightningcss-linux-arm-gnueabihf': [ '1.32.0' ],
183 silly audit   'lightningcss-linux-arm64-gnu': [ '1.32.0' ],
183 silly audit   'lightningcss-linux-arm64-musl': [ '1.32.0' ],
183 silly audit   'lightningcss-linux-x64-gnu': [ '1.32.0' ],
183 silly audit   'lightningcss-linux-x64-musl': [ '1.32.0' ],
183 silly audit   'lightningcss-win32-arm64-msvc': [ '1.32.0' ],
183 silly audit   'lightningcss-win32-x64-msvc': [ '1.32.0' ],
183 silly audit   '@tailwindcss/oxide-wasm32-wasi': [ '4.2.2' ]
183 silly audit }
184 verbose reify failed optional dependency /Users/gabrielpereira/Desktop/Projetos/Nexus/marshall-tds/recibos-marshall/node_modules/lightningcss-win32-x64-msvc
185 silly reify mark deleted [
185 silly reify   '/Users/gabrielpereira/Desktop/Projetos/Nexus/marshall-tds/recibos-marshall/node_modules/lightningcss-win32-x64-msvc'
185 silly reify ]
186 verbose reify failed optional dependency /Users/gabrielpereira/Desktop/Projetos/Nexus/marshall-tds/recibos-marshall/node_modules/lightningcss-win32-arm64-msvc
187 silly reify mark deleted [
187 silly reify   '/Users/gabrielpereira/Desktop/Projetos/Nexus/marshall-tds/recibos-marshall/node_modules/lightningcss-win32-arm64-msvc'
187 silly reify ]
188 verbose reify failed optional dependency /Users/gabrielpereira/Desktop/Projetos/Nexus/marshall-tds/recibos-marshall/node_modules/lightningcss-linux-x64-musl
189 silly reify mark deleted [
189 silly reify   '/Users/gabrielpereira/Desktop/Projetos/Nexus/marshall-tds/recibos-marshall/node_modules/lightningcss-linux-x64-musl'
189 silly reify ]
190 verbose reify failed optional dependency /Users/gabrielpereira/Desktop/Projetos/Nexus/marshall-tds/recibos-marshall/node_modules/lightningcss-linux-x64-gnu
191 silly reify mark deleted [
191 silly reify   '/Users/gabrielpereira/Desktop/Projetos/Nexus/marshall-tds/recibos-marshall/node_modules/lightningcss-linux-x64-gnu'
191 silly reify ]
192 verbose reify failed optional dependency /Users/gabrielpereira/Desktop/Projetos/Nexus/marshall-tds/recibos-marshall/node_modules/lightningcss-linux-arm64-musl
193 silly reify mark deleted [
193 silly reify   '/Users/gabrielpereira/Desktop/Projetos/Nexus/marshall-tds/recibos-marshall/node_modules/lightningcss-linux-arm64-musl'
193 silly reify ]
194 verbose reify failed optional dependency /Users/gabrielpereira/Desktop/Projetos/Nexus/marshall-tds/recibos-marshall/node_modules/lightningcss-linux-arm64-gnu
195 silly reify mark deleted [
195 silly reify   '/Users/gabrielpereira/Desktop/Projetos/Nexus/marshall-tds/recibos-marshall/node_modules/lightningcss-linux-arm64-gnu'
195 silly reify ]
196 verbose reify failed optional dependency /Users/gabrielpereira/Desktop/Projetos/Nexus/marshall-tds/recibos-marshall/node_modules/lightningcss-linux-arm-gnueabihf
197 silly reify mark deleted [
197 silly reify   '/Users/gabrielpereira/Desktop/Projetos/Nexus/marshall-tds/recibos-marshall/node_modules/lightningcss-linux-arm-gnueabihf'
197 silly reify ]
198 verbose reify failed optional dependency /Users/gabrielpereira/Desktop/Projetos/Nexus/marshall-tds/recibos-marshall/node_modules/lightningcss-freebsd-x64
199 silly reify mark deleted [
199 silly reify   '/Users/gabrielpereira/Desktop/Projetos/Nexus/marshall-tds/recibos-marshall/node_modules/lightningcss-freebsd-x64'
199 silly reify ]
200 verbose reify failed optional dependency /Users/gabrielpereira/Desktop/Projetos/Nexus/marshall-tds/recibos-marshall/node_modules/lightningcss-darwin-x64
201 silly reify mark deleted [
201 silly reify   '/Users/gabrielpereira/Desktop/Projetos/Nexus/marshall-tds/recibos-marshall/node_modules/lightningcss-darwin-x64'
201 silly reify ]
202 verbose reify failed optional dependency /Users/gabrielpereira/Desktop/Projetos/Nexus/marshall-tds/recibos-marshall/node_modules/lightningcss-android-arm64
203 silly reify mark deleted [
203 silly reify   '/Users/gabrielpereira/Desktop/Projetos/Nexus/marshall-tds/recibos-marshall/node_modules/lightningcss-android-arm64'
203 silly reify ]
204 verbose reify failed optional dependency /Users/gabrielpereira/Desktop/Projetos/Nexus/marshall-tds/recibos-marshall/node_modules/@tailwindcss/oxide-win32-x64-msvc
205 silly reify mark deleted [
205 silly reify   '/Users/gabrielpereira/Desktop/Projetos/Nexus/marshall-tds/recibos-marshall/node_modules/@tailwindcss/oxide-win32-x64-msvc'
205 silly reify ]
206 verbose reify failed optional dependency /Users/gabrielpereira/Desktop/Projetos/Nexus/marshall-tds/recibos-marshall/node_modules/@tailwindcss/oxide-win32-arm64-msvc
207 silly reify mark deleted [
207 silly reify   '/Users/gabrielpereira/Desktop/Projetos/Nexus/marshall-tds/recibos-marshall/node_modules/@tailwindcss/oxide-win32-arm64-msvc'
207 silly reify ]
208 verbose reify failed optional dependency /Users/gabrielpereira/Desktop/Projetos/Nexus/marshall-tds/recibos-marshall/node_modules/@tailwindcss/oxide-linux-x64-musl
209 silly reify mark deleted [
209 silly reify   '/Users/gabrielpereira/Desktop/Projetos/Nexus/marshall-tds/recibos-marshall/node_modules/@tailwindcss/oxide-linux-x64-musl'
209 silly reify ]
210 verbose reify failed optional dependency /Users/gabrielpereira/Desktop/Projetos/Nexus/marshall-tds/recibos-marshall/node_modules/@tailwindcss/oxide-linux-x64-gnu
211 silly reify mark deleted [
211 silly reify   '/Users/gabrielpereira/Desktop/Projetos/Nexus/marshall-tds/recibos-marshall/node_modules/@tailwindcss/oxide-linux-x64-gnu'
211 silly reify ]
212 verbose reify failed optional dependency /Users/gabrielpereira/Desktop/Projetos/Nexus/marshall-tds/recibos-marshall/node_modules/@tailwindcss/oxide-linux-arm64-musl
213 silly reify mark deleted [
213 silly reify   '/Users/gabrielpereira/Desktop/Projetos/Nexus/marshall-tds/recibos-marshall/node_modules/@tailwindcss/oxide-linux-arm64-musl'
213 silly reify ]
214 verbose reify failed optional dependency /Users/gabrielpereira/Desktop/Projetos/Nexus/marshall-tds/recibos-marshall/node_modules/@tailwindcss/oxide-linux-arm64-gnu
215 silly reify mark deleted [
215 silly reify   '/Users/gabrielpereira/Desktop/Projetos/Nexus/marshall-tds/recibos-marshall/node_modules/@tailwindcss/oxide-linux-arm64-gnu'
215 silly reify ]
216 verbose reify failed optional dependency /Users/gabrielpereira/Desktop/Projetos/Nexus/marshall-tds/recibos-marshall/node_modules/@tailwindcss/oxide-linux-arm-gnueabihf
217 silly reify mark deleted [
217 silly reify   '/Users/gabrielpereira/Desktop/Projetos/Nexus/marshall-tds/recibos-marshall/node_modules/@tailwindcss/oxide-linux-arm-gnueabihf'
217 silly reify ]
218 verbose reify failed optional dependency /Users/gabrielpereira/Desktop/Projetos/Nexus/marshall-tds/recibos-marshall/node_modules/@tailwindcss/oxide-freebsd-x64
219 silly reify mark deleted [
219 silly reify   '/Users/gabrielpereira/Desktop/Projetos/Nexus/marshall-tds/recibos-marshall/node_modules/@tailwindcss/oxide-freebsd-x64'
219 silly reify ]
220 verbose reify failed optional dependency /Users/gabrielpereira/Desktop/Projetos/Nexus/marshall-tds/recibos-marshall/node_modules/@tailwindcss/oxide-darwin-x64
221 silly reify mark deleted [
221 silly reify   '/Users/gabrielpereira/Desktop/Projetos/Nexus/marshall-tds/recibos-marshall/node_modules/@tailwindcss/oxide-darwin-x64'
221 silly reify ]
222 verbose reify failed optional dependency /Users/gabrielpereira/Desktop/Projetos/Nexus/marshall-tds/recibos-marshall/node_modules/@tailwindcss/oxide-android-arm64
223 silly reify mark deleted [
223 silly reify   '/Users/gabrielpereira/Desktop/Projetos/Nexus/marshall-tds/recibos-marshall/node_modules/@tailwindcss/oxide-android-arm64'
223 silly reify ]
224 verbose reify failed optional dependency /Users/gabrielpereira/Desktop/Projetos/Nexus/marshall-tds/recibos-marshall/node_modules/@unrs/resolver-binding-win32-x64-msvc
225 silly reify mark deleted [
225 silly reify   '/Users/gabrielpereira/Desktop/Projetos/Nexus/marshall-tds/recibos-marshall/node_modules/@unrs/resolver-binding-win32-x64-msvc'
225 silly reify ]
226 verbose reify failed optional dependency /Users/gabrielpereira/Desktop/Projetos/Nexus/marshall-tds/recibos-marshall/node_modules/@unrs/resolver-binding-win32-ia32-msvc
227 silly reify mark deleted [
227 silly reify   '/Users/gabrielpereira/Desktop/Projetos/Nexus/marshall-tds/recibos-marshall/node_modules/@unrs/resolver-binding-win32-ia32-msvc'
227 silly reify ]
228 verbose reify failed optional dependency /Users/gabrielpereira/Desktop/Projetos/Nexus/marshall-tds/recibos-marshall/node_modules/@unrs/resolver-binding-win32-arm64-msvc
229 silly reify mark deleted [
229 silly reify   '/Users/gabrielpereira/Desktop/Projetos/Nexus/marshall-tds/recibos-marshall/node_modules/@unrs/resolver-binding-win32-arm64-msvc'
229 silly reify ]
230 verbose reify failed optional dependency /Users/gabrielpereira/Desktop/Projetos/Nexus/marshall-tds/recibos-marshall/node_modules/@unrs/resolver-binding-wasm32-wasi
231 silly reify mark deleted [
231 silly reify   '/Users/gabrielpereira/Desktop/Projetos/Nexus/marshall-tds/recibos-marshall/node_modules/@unrs/resolver-binding-wasm32-wasi'
231 silly reify ]
232 verbose reify failed optional dependency /Users/gabrielpereira/Desktop/Projetos/Nexus/marshall-tds/recibos-marshall/node_modules/@unrs/resolver-binding-linux-x64-musl
233 silly reify mark deleted [
233 silly reify   '/Users/gabrielpereira/Desktop/Projetos/Nexus/marshall-tds/recibos-marshall/node_modules/@unrs/resolver-binding-linux-x64-musl'
233 silly reify ]
234 verbose reify failed optional dependency /Users/gabrielpereira/Desktop/Projetos/Nexus/marshall-tds/recibos-marshall/node_modules/@unrs/resolver-binding-linux-x64-gnu
235 silly reify mark deleted [
235 silly reify   '/Users/gabrielpereira/Desktop/Projetos/Nexus/marshall-tds/recibos-marshall/node_modules/@unrs/resolver-binding-linux-x64-gnu'
235 silly reify ]
236 verbose reify failed optional dependency /Users/gabrielpereira/Desktop/Projetos/Nexus/marshall-tds/recibos-marshall/node_modules/@unrs/resolver-binding-linux-s390x-gnu
237 silly reify mark deleted [
237 silly reify   '/Users/gabrielpereira/Desktop/Projetos/Nexus/marshall-tds/recibos-marshall/node_modules/@unrs/resolver-binding-linux-s390x-gnu'
237 silly reify ]
238 verbose reify failed optional dependency /Users/gabrielpereira/Desktop/Projetos/Nexus/marshall-tds/recibos-marshall/node_modules/@unrs/resolver-binding-linux-riscv64-musl
239 silly reify mark deleted [
239 silly reify   '/Users/gabrielpereira/Desktop/Projetos/Nexus/marshall-tds/recibos-marshall/node_modules/@unrs/resolver-binding-linux-riscv64-musl'
239 silly reify ]
240 verbose reify failed optional dependency /Users/gabrielpereira/Desktop/Projetos/Nexus/marshall-tds/recibos-marshall/node_modules/@unrs/resolver-binding-linux-riscv64-gnu
241 silly reify mark deleted [
241 silly reify   '/Users/gabrielpereira/Desktop/Projetos/Nexus/marshall-tds/recibos-marshall/node_modules/@unrs/resolver-binding-linux-riscv64-gnu'
241 silly reify ]
242 verbose reify failed optional dependency /Users/gabrielpereira/Desktop/Projetos/Nexus/marshall-tds/recibos-marshall/node_modules/@unrs/resolver-binding-linux-ppc64-gnu
243 silly reify mark deleted [
243 silly reify   '/Users/gabrielpereira/Desktop/Projetos/Nexus/marshall-tds/recibos-marshall/node_modules/@unrs/resolver-binding-linux-ppc64-gnu'
243 silly reify ]
244 verbose reify failed optional dependency /Users/gabrielpereira/Desktop/Projetos/Nexus/marshall-tds/recibos-marshall/node_modules/@unrs/resolver-binding-linux-arm64-musl
245 silly reify mark deleted [
245 silly reify   '/Users/gabrielpereira/Desktop/Projetos/Nexus/marshall-tds/recibos-marshall/node_modules/@unrs/resolver-binding-linux-arm64-musl'
245 silly reify ]
246 verbose reify failed optional dependency /Users/gabrielpereira/Desktop/Projetos/Nexus/marshall-tds/recibos-marshall/node_modules/@unrs/resolver-binding-linux-arm64-gnu
247 silly reify mark deleted [
247 silly reify   '/Users/gabrielpereira/Desktop/Projetos/Nexus/marshall-tds/recibos-marshall/node_modules/@unrs/resolver-binding-linux-arm64-gnu'
247 silly reify ]
248 verbose reify failed optional dependency /Users/gabrielpereira/Desktop/Projetos/Nexus/marshall-tds/recibos-marshall/node_modules/@unrs/resolver-binding-linux-arm-musleabihf
249 silly reify mark deleted [
249 silly reify   '/Users/gabrielpereira/Desktop/Projetos/Nexus/marshall-tds/recibos-marshall/node_modules/@unrs/resolver-binding-linux-arm-musleabihf'
249 silly reify ]
250 verbose reify failed optional dependency /Users/gabrielpereira/Desktop/Projetos/Nexus/marshall-tds/recibos-marshall/node_modules/@unrs/resolver-binding-linux-arm-gnueabihf
251 silly reify mark deleted [
251 silly reify   '/Users/gabrielpereira/Desktop/Projetos/Nexus/marshall-tds/recibos-marshall/node_modules/@unrs/resolver-binding-linux-arm-gnueabihf'
251 silly reify ]
252 verbose reify failed optional dependency /Users/gabrielpereira/Desktop/Projetos/Nexus/marshall-tds/recibos-marshall/node_modules/@unrs/resolver-binding-freebsd-x64
253 silly reify mark deleted [
253 silly reify   '/Users/gabrielpereira/Desktop/Projetos/Nexus/marshall-tds/recibos-marshall/node_modules/@unrs/resolver-binding-freebsd-x64'
253 silly reify ]
254 verbose reify failed optional dependency /Users/gabrielpereira/Desktop/Projetos/Nexus/marshall-tds/recibos-marshall/node_modules/@unrs/resolver-binding-darwin-x64
255 silly reify mark deleted [
255 silly reify   '/Users/gabrielpereira/Desktop/Projetos/Nexus/marshall-tds/recibos-marshall/node_modules/@unrs/resolver-binding-darwin-x64'
255 silly reify ]
256 verbose reify failed optional dependency /Users/gabrielpereira/Desktop/Projetos/Nexus/marshall-tds/recibos-marshall/node_modules/@unrs/resolver-binding-android-arm64
257 silly reify mark deleted [
257 silly reify   '/Users/gabrielpereira/Desktop/Projetos/Nexus/marshall-tds/recibos-marshall/node_modules/@unrs/resolver-binding-android-arm64'
257 silly reify ]
258 verbose reify failed optional dependency /Users/gabrielpereira/Desktop/Projetos/Nexus/marshall-tds/recibos-marshall/node_modules/@unrs/resolver-binding-android-arm-eabi
259 silly reify mark deleted [
259 silly reify   '/Users/gabrielpereira/Desktop/Projetos/Nexus/marshall-tds/recibos-marshall/node_modules/@unrs/resolver-binding-android-arm-eabi'
259 silly reify ]
260 verbose reify failed optional dependency /Users/gabrielpereira/Desktop/Projetos/Nexus/marshall-tds/recibos-marshall/node_modules/@next/swc-win32-x64-msvc
261 silly reify mark deleted [
261 silly reify   '/Users/gabrielpereira/Desktop/Projetos/Nexus/marshall-tds/recibos-marshall/node_modules/@next/swc-win32-x64-msvc'
261 silly reify ]
262 verbose reify failed optional dependency /Users/gabrielpereira/Desktop/Projetos/Nexus/marshall-tds/recibos-marshall/node_modules/@next/swc-win32-arm64-msvc
263 silly reify mark deleted [
263 silly reify   '/Users/gabrielpereira/Desktop/Projetos/Nexus/marshall-tds/recibos-marshall/node_modules/@next/swc-win32-arm64-msvc'
263 silly reify ]
264 verbose reify failed optional dependency /Users/gabrielpereira/Desktop/Projetos/Nexus/marshall-tds/recibos-marshall/node_modules/@next/swc-linux-x64-musl
265 silly reify mark deleted [
265 silly reify   '/Users/gabrielpereira/Desktop/Projetos/Nexus/marshall-tds/recibos-marshall/node_modules/@next/swc-linux-x64-musl'
265 silly reify ]
266 verbose reify failed optional dependency /Users/gabrielpereira/Desktop/Projetos/Nexus/marshall-tds/recibos-marshall/node_modules/@next/swc-linux-x64-gnu
267 silly reify mark deleted [
267 silly reify   '/Users/gabrielpereira/Desktop/Projetos/Nexus/marshall-tds/recibos-marshall/node_modules/@next/swc-linux-x64-gnu'
267 silly reify ]
268 verbose reify failed optional dependency /Users/gabrielpereira/Desktop/Projetos/Nexus/marshall-tds/recibos-marshall/node_modules/@next/swc-linux-arm64-musl
269 silly reify mark deleted [
269 silly reify   '/Users/gabrielpereira/Desktop/Projetos/Nexus/marshall-tds/recibos-marshall/node_modules/@next/swc-linux-arm64-musl'
269 silly reify ]
270 verbose reify failed optional dependency /Users/gabrielpereira/Desktop/Projetos/Nexus/marshall-tds/recibos-marshall/node_modules/@next/swc-linux-arm64-gnu
271 silly reify mark deleted [
271 silly reify   '/Users/gabrielpereira/Desktop/Projetos/Nexus/marshall-tds/recibos-marshall/node_modules/@next/swc-linux-arm64-gnu'
271 silly reify ]
272 verbose reify failed optional dependency /Users/gabrielpereira/Desktop/Projetos/Nexus/marshall-tds/recibos-marshall/node_modules/@next/swc-darwin-x64
273 silly reify mark deleted [
273 silly reify   '/Users/gabrielpereira/Desktop/Projetos/Nexus/marshall-tds/recibos-marshall/node_modules/@next/swc-darwin-x64'
273 silly reify ]
274 verbose reify failed optional dependency /Users/gabrielpereira/Desktop/Projetos/Nexus/marshall-tds/recibos-marshall/node_modules/@img/sharp-win32-x64
275 silly reify mark deleted [
275 silly reify   '/Users/gabrielpereira/Desktop/Projetos/Nexus/marshall-tds/recibos-marshall/node_modules/@img/sharp-win32-x64'
275 silly reify ]
276 verbose reify failed optional dependency /Users/gabrielpereira/Desktop/Projetos/Nexus/marshall-tds/recibos-marshall/node_modules/@img/sharp-win32-ia32
277 silly reify mark deleted [
277 silly reify   '/Users/gabrielpereira/Desktop/Projetos/Nexus/marshall-tds/recibos-marshall/node_modules/@img/sharp-win32-ia32'
277 silly reify ]
278 verbose reify failed optional dependency /Users/gabrielpereira/Desktop/Projetos/Nexus/marshall-tds/recibos-marshall/node_modules/@img/sharp-win32-arm64
279 silly reify mark deleted [
279 silly reify   '/Users/gabrielpereira/Desktop/Projetos/Nexus/marshall-tds/recibos-marshall/node_modules/@img/sharp-win32-arm64'
279 silly reify ]
280 verbose reify failed optional dependency /Users/gabrielpereira/Desktop/Projetos/Nexus/marshall-tds/recibos-marshall/node_modules/@img/sharp-wasm32
281 silly reify mark deleted [
281 silly reify   '/Users/gabrielpereira/Desktop/Projetos/Nexus/marshall-tds/recibos-marshall/node_modules/@img/sharp-wasm32'
281 silly reify ]
282 verbose reify failed optional dependency /Users/gabrielpereira/Desktop/Projetos/Nexus/marshall-tds/recibos-marshall/node_modules/@img/sharp-linuxmusl-x64
283 silly reify mark deleted [
283 silly reify   '/Users/gabrielpereira/Desktop/Projetos/Nexus/marshall-tds/recibos-marshall/node_modules/@img/sharp-linuxmusl-x64'
283 silly reify ]
284 verbose reify failed optional dependency /Users/gabrielpereira/Desktop/Projetos/Nexus/marshall-tds/recibos-marshall/node_modules/@img/sharp-linuxmusl-arm64
285 silly reify mark deleted [
285 silly reify   '/Users/gabrielpereira/Desktop/Projetos/Nexus/marshall-tds/recibos-marshall/node_modules/@img/sharp-linuxmusl-arm64'
285 silly reify ]
286 verbose reify failed optional dependency /Users/gabrielpereira/Desktop/Projetos/Nexus/marshall-tds/recibos-marshall/node_modules/@img/sharp-linux-x64
287 silly reify mark deleted [
287 silly reify   '/Users/gabrielpereira/Desktop/Projetos/Nexus/marshall-tds/recibos-marshall/node_modules/@img/sharp-linux-x64'
287 silly reify ]
288 verbose reify failed optional dependency /Users/gabrielpereira/Desktop/Projetos/Nexus/marshall-tds/recibos-marshall/node_modules/@img/sharp-linux-s390x
289 silly reify mark deleted [
289 silly reify   '/Users/gabrielpereira/Desktop/Projetos/Nexus/marshall-tds/recibos-marshall/node_modules/@img/sharp-linux-s390x'
289 silly reify ]
290 verbose reify failed optional dependency /Users/gabrielpereira/Desktop/Projetos/Nexus/marshall-tds/recibos-marshall/node_modules/@img/sharp-linux-riscv64
291 silly reify mark deleted [
291 silly reify   '/Users/gabrielpereira/Desktop/Projetos/Nexus/marshall-tds/recibos-marshall/node_modules/@img/sharp-linux-riscv64'
291 silly reify ]
292 verbose reify failed optional dependency /Users/gabrielpereira/Desktop/Projetos/Nexus/marshall-tds/recibos-marshall/node_modules/@img/sharp-linux-ppc64
293 silly reify mark deleted [
293 silly reify   '/Users/gabrielpereira/Desktop/Projetos/Nexus/marshall-tds/recibos-marshall/node_modules/@img/sharp-linux-ppc64'
293 silly reify ]
294 verbose reify failed optional dependency /Users/gabrielpereira/Desktop/Projetos/Nexus/marshall-tds/recibos-marshall/node_modules/@img/sharp-linux-arm64
295 silly reify mark deleted [
295 silly reify   '/Users/gabrielpereira/Desktop/Projetos/Nexus/marshall-tds/recibos-marshall/node_modules/@img/sharp-linux-arm64'
295 silly reify ]
296 verbose reify failed optional dependency /Users/gabrielpereira/Desktop/Projetos/Nexus/marshall-tds/recibos-marshall/node_modules/@img/sharp-linux-arm
297 silly reify mark deleted [
297 silly reify   '/Users/gabrielpereira/Desktop/Projetos/Nexus/marshall-tds/recibos-marshall/node_modules/@img/sharp-linux-arm'
297 silly reify ]
298 verbose reify failed optional dependency /Users/gabrielpereira/Desktop/Projetos/Nexus/marshall-tds/recibos-marshall/node_modules/@img/sharp-libvips-linuxmusl-x64
299 silly reify mark deleted [
299 silly reify   '/Users/gabrielpereira/Desktop/Projetos/Nexus/marshall-tds/recibos-marshall/node_modules/@img/sharp-libvips-linuxmusl-x64'
299 silly reify ]
300 verbose reify failed optional dependency /Users/gabrielpereira/Desktop/Projetos/Nexus/marshall-tds/recibos-marshall/node_modules/@img/sharp-libvips-linuxmusl-arm64
301 silly reify mark deleted [
301 silly reify   '/Users/gabrielpereira/Desktop/Projetos/Nexus/marshall-tds/recibos-marshall/node_modules/@img/sharp-libvips-linuxmusl-arm64'
301 silly reify ]
302 verbose reify failed optional dependency /Users/gabrielpereira/Desktop/Projetos/Nexus/marshall-tds/recibos-marshall/node_modules/@img/sharp-libvips-linux-x64
303 silly reify mark deleted [
303 silly reify   '/Users/gabrielpereira/Desktop/Projetos/Nexus/marshall-tds/recibos-marshall/node_modules/@img/sharp-libvips-linux-x64'
303 silly reify ]
304 verbose reify failed optional dependency /Users/gabrielpereira/Desktop/Projetos/Nexus/marshall-tds/recibos-marshall/node_modules/@img/sharp-libvips-linux-s390x
305 silly reify mark deleted [
305 silly reify   '/Users/gabrielpereira/Desktop/Projetos/Nexus/marshall-tds/recibos-marshall/node_modules/@img/sharp-libvips-linux-s390x'
305 silly reify ]
306 verbose reify failed optional dependency /Users/gabrielpereira/Desktop/Projetos/Nexus/marshall-tds/recibos-marshall/node_modules/@img/sharp-libvips-linux-riscv64
307 silly reify mark deleted [
307 silly reify   '/Users/gabrielpereira/Desktop/Projetos/Nexus/marshall-tds/recibos-marshall/node_modules/@img/sharp-libvips-linux-riscv64'
307 silly reify ]
308 verbose reify failed optional dependency /Users/gabrielpereira/Desktop/Projetos/Nexus/marshall-tds/recibos-marshall/node_modules/@img/sharp-libvips-linux-ppc64
309 silly reify mark deleted [
309 silly reify   '/Users/gabrielpereira/Desktop/Projetos/Nexus/marshall-tds/recibos-marshall/node_modules/@img/sharp-libvips-linux-ppc64'
309 silly reify ]
310 verbose reify failed optional dependency /Users/gabrielpereira/Desktop/Projetos/Nexus/marshall-tds/recibos-marshall/node_modules/@img/sharp-libvips-linux-arm64
311 silly reify mark deleted [
311 silly reify   '/Users/gabrielpereira/Desktop/Projetos/Nexus/marshall-tds/recibos-marshall/node_modules/@img/sharp-libvips-linux-arm64'
311 silly reify ]
312 verbose reify failed optional dependency /Users/gabrielpereira/Desktop/Projetos/Nexus/marshall-tds/recibos-marshall/node_modules/@img/sharp-libvips-linux-arm
313 silly reify mark deleted [
313 silly reify   '/Users/gabrielpereira/Desktop/Projetos/Nexus/marshall-tds/recibos-marshall/node_modules/@img/sharp-libvips-linux-arm'
313 silly reify ]
314 verbose reify failed optional dependency /Users/gabrielpereira/Desktop/Projetos/Nexus/marshall-tds/recibos-marshall/node_modules/@img/sharp-libvips-darwin-x64
315 silly reify mark deleted [
315 silly reify   '/Users/gabrielpereira/Desktop/Projetos/Nexus/marshall-tds/recibos-marshall/node_modules/@img/sharp-libvips-darwin-x64'
315 silly reify ]
316 verbose reify failed optional dependency /Users/gabrielpereira/Desktop/Projetos/Nexus/marshall-tds/recibos-marshall/node_modules/@img/sharp-darwin-x64
317 silly reify mark deleted [
317 silly reify   '/Users/gabrielpereira/Desktop/Projetos/Nexus/marshall-tds/recibos-marshall/node_modules/@img/sharp-darwin-x64'
317 silly reify ]
318 http cache lightningcss-darwin-arm64@https://registry.npmjs.org/lightningcss-darwin-arm64/-/lightningcss-darwin-arm64-1.32.0.tgz 0ms (cache hit)
319 http cache lightningcss@https://registry.npmjs.org/lightningcss/-/lightningcss-1.32.0.tgz 0ms (cache hit)
320 http cache magic-string@https://registry.npmjs.org/magic-string/-/magic-string-0.30.21.tgz 0ms (cache hit)
321 http cache jiti@https://registry.npmjs.org/jiti/-/jiti-2.6.1.tgz 0ms (cache hit)
322 http cache tapable@https://registry.npmjs.org/tapable/-/tapable-2.3.2.tgz 0ms (cache hit)
323 http cache @tailwindcss/oxide-darwin-arm64@https://registry.npmjs.org/@tailwindcss/oxide-darwin-arm64/-/oxide-darwin-arm64-4.2.2.tgz 0ms (cache hit)
324 http cache @tailwindcss/postcss@https://registry.npmjs.org/@tailwindcss/postcss/-/postcss-4.2.2.tgz 0ms (cache hit)
325 http cache graceful-fs@https://registry.npmjs.org/graceful-fs/-/graceful-fs-4.2.11.tgz 0ms (cache hit)
326 http cache @tailwindcss/oxide@https://registry.npmjs.org/@tailwindcss/oxide/-/oxide-4.2.2.tgz 0ms (cache hit)
327 http cache enhanced-resolve@https://registry.npmjs.org/enhanced-resolve/-/enhanced-resolve-5.20.1.tgz 0ms (cache hit)
328 http cache @tailwindcss/node@https://registry.npmjs.org/@tailwindcss/node/-/node-4.2.2.tgz 0ms (cache hit)
329 http cache @tybys/wasm-util@https://registry.npmjs.org/@tybys/wasm-util/-/wasm-util-0.10.1.tgz 0ms (cache hit)
330 http cache @alloc/quick-lru@https://registry.npmjs.org/@alloc/quick-lru/-/quick-lru-5.2.0.tgz 0ms (cache hit)
331 silly tarball no local data for lightningcss-darwin-arm64@https://registry.npmjs.org/lightningcss-darwin-arm64/-/lightningcss-darwin-arm64-1.32.0.tgz. Extracting by manifest.
332 silly tarball no local data for lightningcss@https://registry.npmjs.org/lightningcss/-/lightningcss-1.32.0.tgz. Extracting by manifest.
333 http cache @emnapi/core@https://registry.npmjs.org/@emnapi/core/-/core-1.10.0.tgz 0ms (cache hit)
334 silly tarball no local data for magic-string@https://registry.npmjs.org/magic-string/-/magic-string-0.30.21.tgz. Extracting by manifest.
335 silly tarball no local data for jiti@https://registry.npmjs.org/jiti/-/jiti-2.6.1.tgz. Extracting by manifest.
336 http cache @napi-rs/wasm-runtime@https://registry.npmjs.org/@napi-rs/wasm-runtime/-/wasm-runtime-0.2.12.tgz 0ms (cache hit)
337 http cache @emnapi/wasi-threads@https://registry.npmjs.org/@emnapi/wasi-threads/-/wasi-threads-1.2.1.tgz 0ms (cache hit)
338 silly tarball no local data for @tailwindcss/oxide-darwin-arm64@https://registry.npmjs.org/@tailwindcss/oxide-darwin-arm64/-/oxide-darwin-arm64-4.2.2.tgz. Extracting by manifest.
339 silly tarball no local data for @tailwindcss/postcss@https://registry.npmjs.org/@tailwindcss/postcss/-/postcss-4.2.2.tgz. Extracting by manifest.
340 silly tarball no local data for graceful-fs@https://registry.npmjs.org/graceful-fs/-/graceful-fs-4.2.11.tgz. Extracting by manifest.
341 silly tarball no local data for tapable@https://registry.npmjs.org/tapable/-/tapable-2.3.2.tgz. Extracting by manifest.
342 silly tarball no local data for @tailwindcss/oxide@https://registry.npmjs.org/@tailwindcss/oxide/-/oxide-4.2.2.tgz. Extracting by manifest.
343 silly tarball no local data for enhanced-resolve@https://registry.npmjs.org/enhanced-resolve/-/enhanced-resolve-5.20.1.tgz. Extracting by manifest.
344 silly tarball no local data for @tailwindcss/node@https://registry.npmjs.org/@tailwindcss/node/-/node-4.2.2.tgz. Extracting by manifest.
345 silly tarball no local data for @alloc/quick-lru@https://registry.npmjs.org/@alloc/quick-lru/-/quick-lru-5.2.0.tgz. Extracting by manifest.
346 http fetch GET 200 https://registry.npmjs.org/graceful-fs/-/graceful-fs-4.2.11.tgz 55ms (cache miss)
347 http fetch GET 200 https://registry.npmjs.org/tapable/-/tapable-2.3.2.tgz 58ms (cache miss)
348 http fetch GET 200 https://registry.npmjs.org/magic-string/-/magic-string-0.30.21.tgz 70ms (cache miss)
349 http fetch GET 200 https://registry.npmjs.org/lightningcss/-/lightningcss-1.32.0.tgz 73ms (cache miss)
350 http fetch GET 200 https://registry.npmjs.org/jiti/-/jiti-2.6.1.tgz 86ms (cache miss)
351 http fetch GET 200 https://registry.npmjs.org/@tailwindcss/oxide/-/oxide-4.2.2.tgz 143ms (cache miss)
352 http fetch GET 200 https://registry.npmjs.org/@tailwindcss/postcss/-/postcss-4.2.2.tgz 144ms (cache miss)
353 http fetch GET 200 https://registry.npmjs.org/enhanced-resolve/-/enhanced-resolve-5.20.1.tgz 189ms (cache miss)
354 http fetch GET 200 https://registry.npmjs.org/@tailwindcss/node/-/node-4.2.2.tgz 195ms (cache miss)
355 http fetch GET 200 https://registry.npmjs.org/@alloc/quick-lru/-/quick-lru-5.2.0.tgz 198ms (cache miss)
356 http fetch GET 200 https://registry.npmjs.org/lightningcss-darwin-arm64/-/lightningcss-darwin-arm64-1.32.0.tgz 207ms (cache miss)
357 http fetch POST 200 https://registry.npmjs.org/-/npm/v1/security/advisories/bulk 219ms
358 silly audit report {}
359 http fetch GET 200 https://registry.npmjs.org/@tailwindcss/oxide-darwin-arm64/-/oxide-darwin-arm64-4.2.2.tgz 261ms (cache miss)
360 silly ADD
361 silly ADD
362 silly ADD
363 silly ADD
364 silly ADD
365 silly ADD
366 silly ADD
367 silly ADD
368 silly ADD
369 silly ADD node_modules/lightningcss-darwin-arm64
370 silly ADD
371 silly ADD node_modules/tapable
372 silly ADD node_modules/graceful-fs
373 silly ADD
374 silly ADD
375 silly ADD
376 silly ADD
377 silly ADD
378 silly ADD
379 silly ADD
380 silly ADD
381 silly ADD
382 silly ADD
383 silly ADD node_modules/@tailwindcss/oxide-darwin-arm64
384 silly ADD
385 silly ADD node_modules/magic-string
386 silly ADD node_modules/lightningcss
387 silly ADD node_modules/jiti
388 silly ADD node_modules/enhanced-resolve
389 silly ADD node_modules/@tailwindcss/oxide
390 silly ADD node_modules/@tailwindcss/node
391 silly ADD node_modules/@alloc/quick-lru
392 silly ADD node_modules/@tailwindcss/postcss
393 silly ADD
394 silly ADD
395 silly ADD
396 silly ADD
397 silly ADD
398 silly ADD
399 silly ADD
400 silly ADD
401 silly ADD
402 silly ADD
403 silly ADD
404 silly ADD
405 silly ADD
406 silly ADD
407 silly ADD
408 silly ADD
409 silly ADD
410 silly ADD
411 silly ADD node_modules/@tybys/wasm-util
412 silly ADD
413 silly ADD
414 silly ADD
415 silly ADD
416 silly ADD
417 silly ADD
418 silly ADD
419 silly ADD node_modules/@napi-rs/wasm-runtime
420 silly ADD
421 silly ADD
422 silly ADD
423 silly ADD
424 silly ADD
425 silly ADD
426 silly ADD
427 silly ADD
428 silly ADD
429 silly ADD
430 silly ADD
431 silly ADD
432 silly ADD
433 silly ADD
434 silly ADD
435 silly ADD
436 silly ADD
437 silly ADD
438 silly ADD
439 silly ADD
440 silly ADD
441 silly ADD
442 silly ADD node_modules/@emnapi/wasi-threads
443 silly ADD node_modules/@emnapi/core
444 verbose cwd /Users/gabrielpereira/Desktop/Projetos/Nexus/marshall-tds/recibos-marshall
445 verbose os Darwin 25.3.0
446 verbose node v22.14.0
447 verbose npm  v10.9.2
448 verbose exit 0
449 info ok
