0 verbose cli /usr/local/bin/node /usr/local/bin/npm
1 info using npm@10.9.2
2 info using node@v22.14.0
3 silly config load:file:/usr/local/lib/node_modules/npm/npmrc
4 silly config load:file:/Users/gabrielpereira/Desktop/Projetos/Nexus/marshall-tds/recibos-marshall/.npmrc
5 silly config load:file:/Users/gabrielpereira/.npmrc
6 verbose config error loading user config Error: EPERM: operation not permitted, open '/Users/gabrielpereira/.npmrc'
6 verbose config     at async open (node:internal/fs/promises:638:25)
6 verbose config     at async readFile (node:internal/fs/promises:1242:14)
6 verbose config     at async #loadFile (/usr/local/lib/node_modules/npm/node_modules/@npmcli/config/lib/index.js:589:5)
6 verbose config     at async Config.load (/usr/local/lib/node_modules/npm/node_modules/@npmcli/config/lib/index.js:250:5)
6 verbose config     at async #load (/usr/local/lib/node_modules/npm/lib/npm.js:98:5)
6 verbose config     at async Npm.load (/usr/local/lib/node_modules/npm/lib/npm.js:80:14)
6 verbose config     at async module.exports (/usr/local/lib/node_modules/npm/lib/cli/entry.js:42:37) {
6 verbose config   errno: -1,
6 verbose config   code: 'EPERM',
6 verbose config   syscall: 'open',
6 verbose config   path: '/Users/gabrielpereira/.npmrc'
6 verbose config }
7 silly config load:file:/usr/local/etc/npmrc
8 verbose title npm install jszip file-saver react-imask
9 verbose argv "install" "jszip" "file-saver" "react-imask" "--cache" "./.npm_cache"
10 verbose logfile logs-max:10 dir:/Users/gabrielpereira/Desktop/Projetos/Nexus/marshall-tds/recibos-marshall/.npm_cache/_logs/2026-04-19T01_56_51_132Z-
11 verbose logfile /Users/gabrielpereira/Desktop/Projetos/Nexus/marshall-tds/recibos-marshall/.npm_cache/_logs/2026-04-19T01_56_51_132Z-debug-0.log
12 silly logfile done cleaning log files
13 silly packumentCache heap:4345298944 maxSize:1086324736 maxEntrySize:543162368
14 silly idealTree buildDeps
15 silly fetch manifest jszip@*
16 silly packumentCache full:https://registry.npmjs.org/jszip cache-miss
17 http fetch GET 200 https://registry.npmjs.org/jszip 213ms (cache miss)
18 silly packumentCache full:https://registry.npmjs.org/jszip set size:undefined disposed:false
19 silly fetch manifest file-saver@*
20 silly packumentCache full:https://registry.npmjs.org/file-saver cache-miss
21 http fetch GET 200 https://registry.npmjs.org/file-saver 30ms (cache miss)
22 silly packumentCache full:https://registry.npmjs.org/file-saver set size:undefined disposed:false
23 silly fetch manifest react-imask@*
24 silly packumentCache full:https://registry.npmjs.org/react-imask cache-miss
25 http fetch GET 200 https://registry.npmjs.org/react-imask 40ms (cache miss)
26 silly packumentCache full:https://registry.npmjs.org/react-imask set size:undefined disposed:false
27 silly fetch manifest react@19.2.4
28 silly packumentCache full:https://registry.npmjs.org/react cache-miss
29 http fetch GET 200 https://registry.npmjs.org/react 111ms (cache miss)
30 silly packumentCache full:https://registry.npmjs.org/react set size:undefined disposed:false
31 silly placeDep ROOT file-saver@2.0.5 OK for: temp-init@0.1.0 want: *
32 silly placeDep ROOT jszip@3.10.1 OK for: temp-init@0.1.0 want: *
33 silly placeDep ROOT react-imask@7.6.1 OK for: temp-init@0.1.0 want: *
34 silly fetch manifest lie@~3.3.0
35 silly packumentCache full:https://registry.npmjs.org/lie cache-miss
36 silly fetch manifest pako@~1.0.2
37 silly packumentCache full:https://registry.npmjs.org/pako cache-miss
38 silly fetch manifest setimmediate@^1.0.5
39 silly packumentCache full:https://registry.npmjs.org/setimmediate cache-miss
40 silly fetch manifest readable-stream@~2.3.6
41 silly packumentCache full:https://registry.npmjs.org/readable-stream cache-miss
42 silly fetch manifest imask@^7.6.1
43 silly packumentCache full:https://registry.npmjs.org/imask cache-miss
44 http fetch GET 200 https://registry.npmjs.org/lie 39ms (cache miss)
45 silly packumentCache full:https://registry.npmjs.org/lie set size:undefined disposed:false
46 http fetch GET 200 https://registry.npmjs.org/setimmediate 67ms (cache miss)
47 silly packumentCache full:https://registry.npmjs.org/setimmediate set size:undefined disposed:false
48 http fetch GET 200 https://registry.npmjs.org/readable-stream 75ms (cache miss)
49 silly packumentCache full:https://registry.npmjs.org/readable-stream set size:undefined disposed:false
50 http fetch GET 200 https://registry.npmjs.org/pako 101ms (cache miss)
51 silly packumentCache full:https://registry.npmjs.org/pako set size:undefined disposed:false
52 http fetch GET 200 https://registry.npmjs.org/imask 106ms (cache miss)
53 silly packumentCache full:https://registry.npmjs.org/imask set size:undefined disposed:false
54 silly placeDep ROOT lie@3.3.0 OK for: jszip@3.10.1 want: ~3.3.0
55 silly placeDep ROOT pako@1.0.11 OK for: jszip@3.10.1 want: ~1.0.2
56 silly placeDep ROOT readable-stream@2.3.8 OK for: jszip@3.10.1 want: ~2.3.6
57 silly placeDep ROOT setimmediate@1.0.5 OK for: jszip@3.10.1 want: ^1.0.5
58 silly fetch manifest immediate@~3.0.5
59 silly packumentCache full:https://registry.npmjs.org/immediate cache-miss
60 silly fetch manifest isarray@~1.0.0
61 silly packumentCache full:https://registry.npmjs.org/isarray cache-miss
62 silly fetch manifest inherits@~2.0.3
63 silly packumentCache full:https://registry.npmjs.org/inherits cache-miss
64 silly fetch manifest safe-buffer@~5.1.1
65 silly packumentCache full:https://registry.npmjs.org/safe-buffer cache-miss
66 silly fetch manifest core-util-is@~1.0.0
67 silly packumentCache full:https://registry.npmjs.org/core-util-is cache-miss
68 silly fetch manifest string_decoder@~1.1.1
69 silly packumentCache full:https://registry.npmjs.org/string_decoder cache-miss
70 silly fetch manifest util-deprecate@~1.0.1
71 silly packumentCache full:https://registry.npmjs.org/util-deprecate cache-miss
72 silly fetch manifest process-nextick-args@~2.0.0
73 silly packumentCache full:https://registry.npmjs.org/process-nextick-args cache-miss
74 http fetch GET 200 https://registry.npmjs.org/inherits 34ms (cache miss)
75 silly packumentCache full:https://registry.npmjs.org/inherits set size:undefined disposed:false
76 http fetch GET 200 https://registry.npmjs.org/immediate 37ms (cache miss)
77 silly packumentCache full:https://registry.npmjs.org/immediate set size:undefined disposed:false
78 http fetch GET 200 https://registry.npmjs.org/safe-buffer 36ms (cache miss)
79 silly packumentCache full:https://registry.npmjs.org/safe-buffer set size:undefined disposed:false
80 http fetch GET 200 https://registry.npmjs.org/core-util-is 37ms (cache miss)
81 silly packumentCache full:https://registry.npmjs.org/core-util-is set size:undefined disposed:false
82 http fetch GET 200 https://registry.npmjs.org/isarray 39ms (cache miss)
83 silly packumentCache full:https://registry.npmjs.org/isarray set size:undefined disposed:false
84 http fetch GET 200 https://registry.npmjs.org/process-nextick-args 149ms (cache miss)
85 silly packumentCache full:https://registry.npmjs.org/process-nextick-args set size:undefined disposed:false
86 http fetch GET 200 https://registry.npmjs.org/string_decoder 149ms (cache miss)
87 silly packumentCache full:https://registry.npmjs.org/string_decoder set size:undefined disposed:false
88 http fetch GET 200 https://registry.npmjs.org/util-deprecate 150ms (cache miss)
89 silly packumentCache full:https://registry.npmjs.org/util-deprecate set size:undefined disposed:false
90 silly placeDep ROOT immediate@3.0.6 OK for: lie@3.3.0 want: ~3.0.5
91 silly placeDep ROOT imask@7.6.1 OK for: react-imask@7.6.1 want: ^7.6.1
92 silly fetch manifest @babel/runtime-corejs3@^7.24.4
93 silly packumentCache full:https://registry.npmjs.org/@babel%2fruntime-corejs3 cache-miss
94 http fetch GET 200 https://registry.npmjs.org/@babel%2fruntime-corejs3 401ms (cache miss)
95 silly packumentCache full:https://registry.npmjs.org/@babel%2fruntime-corejs3 set size:undefined disposed:false
96 silly placeDep ROOT @babel/runtime-corejs3@7.29.2 OK for: imask@7.6.1 want: ^7.24.4
97 silly fetch manifest core-js-pure@^3.48.0
98 silly packumentCache full:https://registry.npmjs.org/core-js-pure cache-miss
99 http fetch GET 200 https://registry.npmjs.org/core-js-pure 118ms (cache miss)
100 silly packumentCache full:https://registry.npmjs.org/core-js-pure set size:undefined disposed:false
101 silly placeDep ROOT core-js-pure@3.49.0 OK for: @babel/runtime-corejs3@7.29.2 want: ^3.48.0
102 silly placeDep ROOT core-util-is@1.0.3 OK for: readable-stream@2.3.8 want: ~1.0.0
103 silly placeDep ROOT inherits@2.0.4 OK for: readable-stream@2.3.8 want: ~2.0.3
104 silly placeDep node_modules/readable-stream isarray@1.0.0 OK for: readable-stream@2.3.8 want: ~1.0.0
105 silly placeDep ROOT process-nextick-args@2.0.1 OK for: readable-stream@2.3.8 want: ~2.0.0
106 silly placeDep ROOT safe-buffer@5.1.2 OK for: readable-stream@2.3.8 want: ~5.1.1
107 silly placeDep ROOT string_decoder@1.1.1 OK for: readable-stream@2.3.8 want: ~1.1.1
108 silly placeDep ROOT util-deprecate@1.0.2 OK for: readable-stream@2.3.8 want: ~1.0.1
109 silly reify moves {}
110 verbose reify failed optional dependency /Users/gabrielpereira/Desktop/Projetos/Nexus/marshall-tds/recibos-marshall/node_modules/@tailwindcss/oxide-wasm32-wasi
111 silly reify mark deleted [
111 silly reify   '/Users/gabrielpereira/Desktop/Projetos/Nexus/marshall-tds/recibos-marshall/node_modules/@tailwindcss/oxide-wasm32-wasi'
111 silly reify ]
112 silly audit bulk request {
112 silly audit   '@alloc/quick-lru': [ '5.2.0' ],
112 silly audit   '@babel/code-frame': [ '7.29.0' ],
112 silly audit   '@babel/compat-data': [ '7.29.0' ],
112 silly audit   '@babel/core': [ '7.29.0' ],
112 silly audit   '@babel/generator': [ '7.29.1' ],
112 silly audit   '@babel/helper-compilation-targets': [ '7.28.6' ],
112 silly audit   '@babel/helper-globals': [ '7.28.0' ],
112 silly audit   '@babel/helper-module-imports': [ '7.28.6' ],
112 silly audit   '@babel/helper-module-transforms': [ '7.28.6' ],
112 silly audit   '@babel/helper-string-parser': [ '7.27.1' ],
112 silly audit   '@babel/helper-validator-identifier': [ '7.28.5' ],
112 silly audit   '@babel/helper-validator-option': [ '7.27.1' ],
112 silly audit   '@babel/helpers': [ '7.29.2' ],
112 silly audit   '@babel/parser': [ '7.29.2' ],
112 silly audit   '@babel/template': [ '7.28.6' ],
112 silly audit   '@babel/traverse': [ '7.29.0' ],
112 silly audit   '@babel/types': [ '7.29.0' ],
112 silly audit   '@emnapi/core': [ '1.10.0' ],
112 silly audit   '@emnapi/runtime': [ '1.10.0' ],
112 silly audit   '@emnapi/wasi-threads': [ '1.2.1' ],
112 silly audit   '@eslint-community/eslint-utils': [ '4.9.1' ],
112 silly audit   'eslint-visitor-keys': [ '3.4.3', '5.0.1', '4.2.1' ],
112 silly audit   '@eslint-community/regexpp': [ '4.12.2' ],
112 silly audit   '@eslint/config-array': [ '0.21.2' ],
112 silly audit   '@eslint/config-helpers': [ '0.4.2' ],
112 silly audit   '@eslint/core': [ '0.17.0' ],
112 silly audit   '@eslint/eslintrc': [ '3.3.5' ],
112 silly audit   '@eslint/js': [ '9.39.4' ],
112 silly audit   '@eslint/object-schema': [ '2.1.7' ],
112 silly audit   '@eslint/plugin-kit': [ '0.4.1' ],
112 silly audit   '@humanfs/core': [ '0.19.1' ],
112 silly audit   '@humanfs/node': [ '0.16.7' ],
112 silly audit   '@humanwhocodes/module-importer': [ '1.0.1' ],
112 silly audit   '@humanwhocodes/retry': [ '0.4.3' ],
112 silly audit   '@img/colour': [ '1.1.0' ],
112 silly audit   '@img/sharp-darwin-arm64': [ '0.34.5' ],
112 silly audit   '@img/sharp-darwin-x64': [ '0.34.5' ],
112 silly audit   '@img/sharp-libvips-darwin-arm64': [ '1.2.4' ],
112 silly audit   '@img/sharp-libvips-darwin-x64': [ '1.2.4' ],
112 silly audit   '@img/sharp-libvips-linux-arm': [ '1.2.4' ],
112 silly audit   '@img/sharp-libvips-linux-arm64': [ '1.2.4' ],
112 silly audit   '@img/sharp-libvips-linux-ppc64': [ '1.2.4' ],
112 silly audit   '@img/sharp-libvips-linux-riscv64': [ '1.2.4' ],
112 silly audit   '@img/sharp-libvips-linux-s390x': [ '1.2.4' ],
112 silly audit   '@img/sharp-libvips-linux-x64': [ '1.2.4' ],
112 silly audit   '@img/sharp-libvips-linuxmusl-arm64': [ '1.2.4' ],
112 silly audit   '@img/sharp-libvips-linuxmusl-x64': [ '1.2.4' ],
112 silly audit   '@img/sharp-linux-arm': [ '0.34.5' ],
112 silly audit   '@img/sharp-linux-arm64': [ '0.34.5' ],
112 silly audit   '@img/sharp-linux-ppc64': [ '0.34.5' ],
112 silly audit   '@img/sharp-linux-riscv64': [ '0.34.5' ],
112 silly audit   '@img/sharp-linux-s390x': [ '0.34.5' ],
112 silly audit   '@img/sharp-linux-x64': [ '0.34.5' ],
112 silly audit   '@img/sharp-linuxmusl-arm64': [ '0.34.5' ],
112 silly audit   '@img/sharp-linuxmusl-x64': [ '0.34.5' ],
112 silly audit   '@img/sharp-wasm32': [ '0.34.5' ],
112 silly audit   '@img/sharp-win32-arm64': [ '0.34.5' ],
112 silly audit   '@img/sharp-win32-ia32': [ '0.34.5' ],
112 silly audit   '@img/sharp-win32-x64': [ '0.34.5' ],
112 silly audit   '@jridgewell/gen-mapping': [ '0.3.13' ],
112 silly audit   '@jridgewell/remapping': [ '2.3.5' ],
112 silly audit   '@jridgewell/resolve-uri': [ '3.1.2' ],
112 silly audit   '@jridgewell/sourcemap-codec': [ '1.5.5' ],
112 silly audit   '@jridgewell/trace-mapping': [ '0.3.31' ],
112 silly audit   '@napi-rs/wasm-runtime': [ '0.2.12' ],
112 silly audit   '@next/env': [ '16.2.4' ],
112 silly audit   '@next/eslint-plugin-next': [ '16.2.4' ],
112 silly audit   '@next/swc-darwin-arm64': [ '16.2.4' ],
112 silly audit   '@next/swc-darwin-x64': [ '16.2.4' ],
112 silly audit   '@next/swc-linux-arm64-gnu': [ '16.2.4' ],
112 silly audit   '@next/swc-linux-arm64-musl': [ '16.2.4' ],
112 silly audit   '@next/swc-linux-x64-gnu': [ '16.2.4' ],
112 silly audit   '@next/swc-linux-x64-musl': [ '16.2.4' ],
112 silly audit   '@next/swc-win32-arm64-msvc': [ '16.2.4' ],
112 silly audit   '@next/swc-win32-x64-msvc': [ '16.2.4' ],
112 silly audit   '@nodelib/fs.scandir': [ '2.1.5' ],
112 silly audit   '@nodelib/fs.stat': [ '2.0.5' ],
112 silly audit   '@nodelib/fs.walk': [ '1.2.8' ],
112 silly audit   '@nolyfill/is-core-module': [ '1.0.39' ],
112 silly audit   '@rtsao/scc': [ '1.1.0' ],
112 silly audit   '@supabase/auth-helpers-nextjs': [ '0.15.0' ],
112 silly audit   '@supabase/auth-js': [ '2.103.3' ],
112 silly audit   '@supabase/functions-js': [ '2.103.3' ],
112 silly audit   '@supabase/phoenix': [ '0.4.0' ],
112 silly audit   '@supabase/postgrest-js': [ '2.103.3' ],
112 silly audit   '@supabase/realtime-js': [ '2.103.3' ],
112 silly audit   '@supabase/ssr': [ '0.10.2' ],
112 silly audit   '@supabase/storage-js': [ '2.103.3' ],
112 silly audit   '@supabase/supabase-js': [ '2.103.3' ],
112 silly audit   '@swc/helpers': [ '0.5.15' ],
112 silly audit   '@tailwindcss/node': [ '4.2.2' ],
112 silly audit   '@tailwindcss/oxide': [ '4.2.2' ],
112 silly audit   '@tailwindcss/oxide-android-arm64': [ '4.2.2' ],
112 silly audit   '@tailwindcss/oxide-darwin-arm64': [ '4.2.2' ],
112 silly audit   '@tailwindcss/oxide-darwin-x64': [ '4.2.2' ],
112 silly audit   '@tailwindcss/oxide-freebsd-x64': [ '4.2.2' ],
112 silly audit   '@tailwindcss/oxide-linux-arm-gnueabihf': [ '4.2.2' ],
112 silly audit   '@tailwindcss/oxide-linux-arm64-gnu': [ '4.2.2' ],
112 silly audit   '@tailwindcss/oxide-linux-arm64-musl': [ '4.2.2' ],
112 silly audit   '@tailwindcss/oxide-linux-x64-gnu': [ '4.2.2' ],
112 silly audit   '@tailwindcss/oxide-linux-x64-musl': [ '4.2.2' ],
112 silly audit   '@tailwindcss/oxide-win32-arm64-msvc': [ '4.2.2' ],
112 silly audit   '@tailwindcss/oxide-win32-x64-msvc': [ '4.2.2' ],
112 silly audit   '@tailwindcss/postcss': [ '4.2.2' ],
112 silly audit   '@tybys/wasm-util': [ '0.10.1' ],
112 silly audit   '@types/estree': [ '1.0.8' ],
112 silly audit   '@types/json-schema': [ '7.0.15' ],
112 silly audit   '@types/json5': [ '0.0.29' ],
112 silly audit   '@types/node': [ '20.19.39' ],
112 silly audit   '@types/react': [ '19.2.14' ],
112 silly audit   '@types/react-dom': [ '19.2.3' ],
112 silly audit   '@types/ws': [ '8.18.1' ],
112 silly audit   '@typescript-eslint/eslint-plugin': [ '8.58.2' ],
112 silly audit   ignore: [ '7.0.5', '5.3.2' ],
112 silly audit   '@typescript-eslint/parser': [ '8.58.2' ],
112 silly audit   '@typescript-eslint/project-service': [ '8.58.2' ],
112 silly audit   '@typescript-eslint/scope-manager': [ '8.58.2' ],
112 silly audit   '@typescript-eslint/tsconfig-utils': [ '8.58.2' ],
112 silly audit   '@typescript-eslint/type-utils': [ '8.58.2' ],
112 silly audit   '@typescript-eslint/types': [ '8.58.2' ],
112 silly audit   '@typescript-eslint/typescript-estree': [ '8.58.2' ],
112 silly audit   'balanced-match': [ '4.0.4', '1.0.2' ],
112 silly audit   'brace-expansion': [ '5.0.5', '1.1.14' ],
112 silly audit   minimatch: [ '10.2.5', '3.1.5' ],
112 silly audit   semver: [ '7.7.4', '6.3.1' ],
112 silly audit   '@typescript-eslint/utils': [ '8.58.2' ],
112 silly audit   '@typescript-eslint/visitor-keys': [ '8.58.2' ],
112 silly audit   '@unrs/resolver-binding-android-arm-eabi': [ '1.11.1' ],
112 silly audit   '@unrs/resolver-binding-android-arm64': [ '1.11.1' ],
112 silly audit   '@unrs/resolver-binding-darwin-arm64': [ '1.11.1' ],
112 silly audit   '@unrs/resolver-binding-darwin-x64': [ '1.11.1' ],
112 silly audit   '@unrs/resolver-binding-freebsd-x64': [ '1.11.1' ],
112 silly audit   '@unrs/resolver-binding-linux-arm-gnueabihf': [ '1.11.1' ],
112 silly audit   '@unrs/resolver-binding-linux-arm-musleabihf': [ '1.11.1' ],
112 silly audit   '@unrs/resolver-binding-linux-arm64-gnu': [ '1.11.1' ],
112 silly audit   '@unrs/resolver-binding-linux-arm64-musl': [ '1.11.1' ],
112 silly audit   '@unrs/resolver-binding-linux-ppc64-gnu': [ '1.11.1' ],
112 silly audit   '@unrs/resolver-binding-linux-riscv64-gnu': [ '1.11.1' ],
112 silly audit   '@unrs/resolver-binding-linux-riscv64-musl': [ '1.11.1' ],
112 silly audit   '@unrs/resolver-binding-linux-s390x-gnu': [ '1.11.1' ],
112 silly audit   '@unrs/resolver-binding-linux-x64-gnu': [ '1.11.1' ],
112 silly audit   '@unrs/resolver-binding-linux-x64-musl': [ '1.11.1' ],
112 silly audit   '@unrs/resolver-binding-wasm32-wasi': [ '1.11.1' ],
112 silly audit   '@unrs/resolver-binding-win32-arm64-msvc': [ '1.11.1' ],
112 silly audit   '@unrs/resolver-binding-win32-ia32-msvc': [ '1.11.1' ],
112 silly audit   '@unrs/resolver-binding-win32-x64-msvc': [ '1.11.1' ],
112 silly audit   acorn: [ '8.16.0' ],
112 silly audit   'acorn-jsx': [ '5.3.2' ],
112 silly audit   ajv: [ '6.14.0' ],
112 silly audit   'ansi-styles': [ '4.3.0' ],
112 silly audit   argparse: [ '2.0.1' ],
112 silly audit   'aria-query': [ '5.3.2' ],
112 silly audit   'array-buffer-byte-length': [ '1.0.2' ],
112 silly audit   'array-includes': [ '3.1.9' ],
112 silly audit   'array.prototype.findlast': [ '1.2.5' ],
112 silly audit   'array.prototype.findlastindex': [ '1.2.6' ],
112 silly audit   'array.prototype.flat': [ '1.3.3' ],
112 silly audit   'array.prototype.flatmap': [ '1.3.3' ],
112 silly audit   'array.prototype.tosorted': [ '1.1.4' ],
112 silly audit   'arraybuffer.prototype.slice': [ '1.0.4' ],
112 silly audit   'ast-types-flow': [ '0.0.8' ],
112 silly audit   'async-function': [ '1.0.0' ],
112 silly audit   autoprefixer: [ '10.5.0' ],
112 silly audit   'available-typed-arrays': [ '1.0.7' ],
112 silly audit   'axe-core': [ '4.11.3' ],
112 silly audit   'axobject-query': [ '4.1.0' ],
112 silly audit   'baseline-browser-mapping': [ '2.10.19' ],
112 silly audit   braces: [ '3.0.3' ],
112 silly audit   browserslist: [ '4.28.2' ],
112 silly audit   'call-bind': [ '1.0.9' ],
112 silly audit   'call-bind-apply-helpers': [ '1.0.2' ],
112 silly audit   'call-bound': [ '1.0.4' ],
112 silly audit   callsites: [ '3.1.0' ],
112 silly audit   'caniuse-lite': [ '1.0.30001788' ],
112 silly audit   chalk: [ '4.1.2' ],
112 silly audit   'client-only': [ '0.0.1' ],
112 silly audit   'color-convert': [ '2.0.1' ],
112 silly audit   'color-name': [ '1.1.4' ],
112 silly audit   'concat-map': [ '0.0.1' ],
112 silly audit   'convert-source-map': [ '2.0.0' ],
112 silly audit   cookie: [ '1.1.1' ],
112 silly audit   'cross-spawn': [ '7.0.6' ],
112 silly audit   csstype: [ '3.2.3' ],
112 silly audit   'damerau-levenshtein': [ '1.0.8' ],
112 silly audit   'data-view-buffer': [ '1.0.2' ],
112 silly audit   'data-view-byte-length': [ '1.0.2' ],
112 silly audit   'data-view-byte-offset': [ '1.0.1' ],
112 silly audit   debug: [ '4.4.3', '3.2.7' ],
112 silly audit   'deep-is': [ '0.1.4' ],
112 silly audit   'define-data-property': [ '1.1.4' ],
112 silly audit   'define-properties': [ '1.2.1' ],
112 silly audit   'detect-libc': [ '2.1.2' ],
112 silly audit   doctrine: [ '2.1.0' ],
112 silly audit   'dunder-proto': [ '1.0.1' ],
112 silly audit   'electron-to-chromium': [ '1.5.340' ],
112 silly audit   'emoji-regex': [ '9.2.2' ],
112 silly audit   'enhanced-resolve': [ '5.20.1' ],
112 silly audit   'es-abstract': [ '1.24.2' ],
112 silly audit   'es-define-property': [ '1.0.1' ],
112 silly audit   'es-errors': [ '1.3.0' ],
112 silly audit   'es-iterator-helpers': [ '1.3.2' ],
112 silly audit   'es-object-atoms': [ '1.1.1' ],
112 silly audit   'es-set-tostringtag': [ '2.1.0' ],
112 silly audit   'es-shim-unscopables': [ '1.1.0' ],
112 silly audit   'es-to-primitive': [ '1.3.0' ],
112 silly audit   escalade: [ '3.2.0' ],
112 silly audit   'escape-string-regexp': [ '4.0.0' ],
112 silly audit   eslint: [ '9.39.4' ],
112 silly audit   'eslint-config-next': [ '16.2.4' ],
112 silly audit   globals: [ '16.4.0', '14.0.0' ],
112 silly audit   'eslint-import-resolver-node': [ '0.3.10' ],
112 silly audit   'eslint-import-resolver-typescript': [ '3.10.1' ],
112 silly audit   'eslint-module-utils': [ '2.12.1' ],
112 silly audit   'eslint-plugin-import': [ '2.32.0' ],
112 silly audit   'eslint-plugin-jsx-a11y': [ '6.10.2' ],
112 silly audit   'eslint-plugin-react': [ '7.37.5' ],
112 silly audit   'eslint-plugin-react-hooks': [ '7.1.1' ],
112 silly audit   'eslint-scope': [ '8.4.0' ],
112 silly audit   espree: [ '10.4.0' ],
112 silly audit   esquery: [ '1.7.0' ],
112 silly audit   esrecurse: [ '4.3.0' ],
112 silly audit   estraverse: [ '5.3.0' ],
112 silly audit   esutils: [ '2.0.3' ],
112 silly audit   'fast-deep-equal': [ '3.1.3' ],
112 silly audit   'fast-glob': [ '3.3.1' ],
112 silly audit   'glob-parent': [ '5.1.2', '6.0.2' ],
112 silly audit   'fast-json-stable-stringify': [ '2.1.0' ],
112 silly audit   'fast-levenshtein': [ '2.0.6' ],
112 silly audit   fastq: [ '1.20.1' ],
112 silly audit   'file-entry-cache': [ '8.0.0' ],
112 silly audit   'fill-range': [ '7.1.1' ],
112 silly audit   'find-up': [ '5.0.0' ],
112 silly audit   'flat-cache': [ '4.0.1' ],
112 silly audit   flatted: [ '3.4.2' ],
112 silly audit   'for-each': [ '0.3.5' ],
112 silly audit   'fraction.js': [ '5.3.4' ],
112 silly audit   'framer-motion': [ '12.38.0' ],
112 silly audit   'function-bind': [ '1.1.2' ],
112 silly audit   'function.prototype.name': [ '1.1.8' ],
112 silly audit   'functions-have-names': [ '1.2.3' ],
112 silly audit   'generator-function': [ '2.0.1' ],
112 silly audit   gensync: [ '1.0.0-beta.2' ],
112 silly audit   'get-intrinsic': [ '1.3.0' ],
112 silly audit   'get-proto': [ '1.0.1' ],
112 silly audit   'get-symbol-description': [ '1.1.0' ],
112 silly audit   'get-tsconfig': [ '4.14.0' ],
112 silly audit   globalthis: [ '1.0.4' ],
112 silly audit   gopd: [ '1.2.0' ],
112 silly audit   'graceful-fs': [ '4.2.11' ],
112 silly audit   'has-bigints': [ '1.1.0' ],
112 silly audit   'has-flag': [ '4.0.0' ],
112 silly audit   'has-property-descriptors': [ '1.0.2' ],
112 silly audit   'has-proto': [ '1.2.0' ],
112 silly audit   'has-symbols': [ '1.1.0' ],
112 silly audit   'has-tostringtag': [ '1.0.2' ],
112 silly audit   hasown: [ '2.0.2' ],
112 silly audit   'hermes-estree': [ '0.25.1' ],
112 silly audit   'hermes-parser': [ '0.25.1' ],
112 silly audit   'iceberg-js': [ '0.8.1' ],
112 silly audit   'import-fresh': [ '3.3.1' ],
112 silly audit   imurmurhash: [ '0.1.4' ],
112 silly audit   'internal-slot': [ '1.1.0' ],
112 silly audit   'is-array-buffer': [ '3.0.5' ],
112 silly audit   'is-async-function': [ '2.1.1' ],
112 silly audit   'is-bigint': [ '1.1.0' ],
112 silly audit   'is-boolean-object': [ '1.2.2' ],
112 silly audit   'is-bun-module': [ '2.0.0' ],
112 silly audit   'is-callable': [ '1.2.7' ],
112 silly audit   'is-core-module': [ '2.16.1' ],
112 silly audit   'is-data-view': [ '1.0.2' ],
112 silly audit   'is-date-object': [ '1.1.0' ],
112 silly audit   'is-extglob': [ '2.1.1' ],
112 silly audit   'is-finalizationregistry': [ '1.1.1' ],
112 silly audit   'is-generator-function': [ '1.1.2' ],
112 silly audit   'is-glob': [ '4.0.3' ],
112 silly audit   'is-map': [ '2.0.3' ],
112 silly audit   'is-negative-zero': [ '2.0.3' ],
112 silly audit   'is-number': [ '7.0.0' ],
112 silly audit   'is-number-object': [ '1.1.1' ],
112 silly audit   'is-regex': [ '1.2.1' ],
112 silly audit   'is-set': [ '2.0.3' ],
112 silly audit   'is-shared-array-buffer': [ '1.0.4' ],
112 silly audit   'is-string': [ '1.1.1' ],
112 silly audit   'is-symbol': [ '1.1.1' ],
112 silly audit   'is-typed-array': [ '1.1.15' ],
112 silly audit   'is-weakmap': [ '2.0.2' ],
112 silly audit   'is-weakref': [ '1.1.1' ],
112 silly audit   'is-weakset': [ '2.0.4' ],
112 silly audit   isarray: [ '2.0.5', '1.0.0' ],
112 silly audit   isexe: [ '2.0.0' ],
112 silly audit   'iterator.prototype': [ '1.1.5' ],
112 silly audit   jiti: [ '2.6.1' ],
112 silly audit   'js-tokens': [ '4.0.0' ],
112 silly audit   'js-yaml': [ '4.1.1' ],
112 silly audit   jsesc: [ '3.1.0' ],
112 silly audit   'json-buffer': [ '3.0.1' ],
112 silly audit   'json-schema-traverse': [ '0.4.1' ],
112 silly audit   'json-stable-stringify-without-jsonify': [ '1.0.1' ],
112 silly audit   json5: [ '2.2.3', '1.0.2' ],
112 silly audit   'jsx-ast-utils': [ '3.3.5' ],
112 silly audit   keyv: [ '4.5.4' ],
112 silly audit   'language-subtag-registry': [ '0.3.23' ],
112 silly audit   'language-tags': [ '1.0.9' ],
112 silly audit   levn: [ '0.4.1' ],
112 silly audit   lightningcss: [ '1.32.0' ],
112 silly audit   'lightningcss-android-arm64': [ '1.32.0' ],
112 silly audit   'lightningcss-darwin-arm64': [ '1.32.0' ],
112 silly audit   'lightningcss-darwin-x64': [ '1.32.0' ],
112 silly audit   'lightningcss-freebsd-x64': [ '1.32.0' ],
112 silly audit   'lightningcss-linux-arm-gnueabihf': [ '1.32.0' ],
112 silly audit   'lightningcss-linux-arm64-gnu': [ '1.32.0' ],
112 silly audit   'lightningcss-linux-arm64-musl': [ '1.32.0' ],
112 silly audit   'lightningcss-linux-x64-gnu': [ '1.32.0' ],
112 silly audit   'lightningcss-linux-x64-musl': [ '1.32.0' ],
112 silly audit   'lightningcss-win32-arm64-msvc': [ '1.32.0' ],
112 silly audit   'lightningcss-win32-x64-msvc': [ '1.32.0' ],
112 silly audit   'locate-path': [ '6.0.0' ],
112 silly audit   'lodash.merge': [ '4.6.2' ],
112 silly audit   'loose-envify': [ '1.4.0' ],
112 silly audit   'lru-cache': [ '5.1.1' ],
112 silly audit   'lucide-react': [ '1.8.0' ],
112 silly audit   'magic-string': [ '0.30.21' ],
112 silly audit   'math-intrinsics': [ '1.1.0' ],
112 silly audit   merge2: [ '1.4.1' ],
112 silly audit   micromatch: [ '4.0.8' ],
112 silly audit   minimist: [ '1.2.8' ],
112 silly audit   'motion-dom': [ '12.38.0' ],
112 silly audit   'motion-utils': [ '12.36.0' ],
112 silly audit   ms: [ '2.1.3' ],
112 silly audit   nanoid: [ '3.3.11' ],
112 silly audit   'napi-postinstall': [ '0.3.4' ],
112 silly audit   'natural-compare': [ '1.4.0' ],
112 silly audit   next: [ '16.2.4' ],
112 silly audit   postcss: [ '8.4.31', '8.5.10' ],
112 silly audit   'node-exports-info': [ '1.6.0' ],
112 silly audit   'node-releases': [ '2.0.37' ],
112 silly audit   'object-assign': [ '4.1.1' ],
112 silly audit   'object-inspect': [ '1.13.4' ],
112 silly audit   'object-keys': [ '1.1.1' ],
112 silly audit   'object.assign': [ '4.1.7' ],
112 silly audit   'object.entries': [ '1.1.9' ],
112 silly audit   'object.fromentries': [ '2.0.8' ],
112 silly audit   'object.groupby': [ '1.0.3' ],
112 silly audit   'object.values': [ '1.2.1' ],
112 silly audit   optionator: [ '0.9.4' ],
112 silly audit   'own-keys': [ '1.0.1' ],
112 silly audit   'p-limit': [ '3.1.0' ],
112 silly audit   'p-locate': [ '5.0.0' ],
112 silly audit   'parent-module': [ '1.0.1' ],
112 silly audit   'path-exists': [ '4.0.0' ],
112 silly audit   'path-key': [ '3.1.1' ],
112 silly audit   'path-parse': [ '1.0.7' ],
112 silly audit   picocolors: [ '1.1.1' ],
112 silly audit   picomatch: [ '2.3.2', '4.0.4' ],
112 silly audit   'possible-typed-array-names': [ '1.1.0' ],
112 silly audit   'postcss-value-parser': [ '4.2.0' ],
112 silly audit   'prelude-ls': [ '1.2.1' ],
112 silly audit   'prop-types': [ '15.8.1' ],
112 silly audit   punycode: [ '2.3.1' ],
112 silly audit   'queue-microtask': [ '1.2.3' ],
112 silly audit   react: [ '19.2.4' ],
112 silly audit   'react-dom': [ '19.2.4' ],
112 silly audit   'react-is': [ '16.13.1' ],
112 silly audit   'reflect.getprototypeof': [ '1.0.10' ],
112 silly audit   'regexp.prototype.flags': [ '1.5.4' ],
112 silly audit   resolve: [ '2.0.0-next.6' ],
112 silly audit   'resolve-from': [ '4.0.0' ],
112 silly audit   'resolve-pkg-maps': [ '1.0.0' ],
112 silly audit   reusify: [ '1.1.0' ],
112 silly audit   'run-parallel': [ '1.2.0' ],
112 silly audit   'safe-array-concat': [ '1.1.3' ],
112 silly audit   'safe-push-apply': [ '1.0.0' ],
112 silly audit   'safe-regex-test': [ '1.1.0' ],
112 silly audit   scheduler: [ '0.27.0' ],
112 silly audit   'set-function-length': [ '1.2.2' ],
112 silly audit   'set-function-name': [ '2.0.2' ],
112 silly audit   'set-proto': [ '1.0.0' ],
112 silly audit   sharp: [ '0.34.5' ],
112 silly audit   'shebang-command': [ '2.0.0' ],
112 silly audit   'shebang-regex': [ '3.0.0' ],
112 silly audit   'side-channel': [ '1.1.0' ],
112 silly audit   'side-channel-list': [ '1.0.1' ],
112 silly audit   'side-channel-map': [ '1.0.1' ],
112 silly audit   'side-channel-weakmap': [ '1.0.2' ],
112 silly audit   'source-map-js': [ '1.2.1' ],
112 silly audit   'stable-hash': [ '0.0.5' ],
112 silly audit   'stop-iteration-iterator': [ '1.1.0' ],
112 silly audit   'string.prototype.includes': [ '2.0.1' ],
112 silly audit   'string.prototype.matchall': [ '4.0.12' ],
112 silly audit   'string.prototype.repeat': [ '1.0.0' ],
112 silly audit   'string.prototype.trim': [ '1.2.10' ],
112 silly audit   'string.prototype.trimend': [ '1.0.9' ],
112 silly audit   'string.prototype.trimstart': [ '1.0.8' ],
112 silly audit   'strip-bom': [ '3.0.0' ],
112 silly audit   'strip-json-comments': [ '3.1.1' ],
112 silly audit   'styled-jsx': [ '5.1.6' ],
112 silly audit   'supports-color': [ '7.2.0' ],
112 silly audit   'supports-preserve-symlinks-flag': [ '1.0.0' ],
112 silly audit   tailwindcss: [ '4.2.2' ],
112 silly audit   tapable: [ '2.3.2' ],
112 silly audit   tinyglobby: [ '0.2.16' ],
112 silly audit   fdir: [ '6.5.0' ],
112 silly audit   'to-regex-range': [ '5.0.1' ],
112 silly audit   'ts-api-utils': [ '2.5.0' ],
112 silly audit   'tsconfig-paths': [ '3.15.0' ],
112 silly audit   tslib: [ '2.8.1' ],
112 silly audit   'type-check': [ '0.4.0' ],
112 silly audit   'typed-array-buffer': [ '1.0.3' ],
112 silly audit   'typed-array-byte-length': [ '1.0.3' ],
112 silly audit   'typed-array-byte-offset': [ '1.0.4' ],
112 silly audit   'typed-array-length': [ '1.0.7' ],
112 silly audit   typescript: [ '5.9.3' ],
112 silly audit   'typescript-eslint': [ '8.58.2' ],
112 silly audit   'unbox-primitive': [ '1.1.0' ],
112 silly audit   'undici-types': [ '6.21.0' ],
112 silly audit   'unrs-resolver': [ '1.11.1' ],
112 silly audit   'update-browserslist-db': [ '1.2.3' ],
112 silly audit   'uri-js': [ '4.4.1' ],
112 silly audit   which: [ '2.0.2' ],
112 silly audit   'which-boxed-primitive': [ '1.1.1' ],
112 silly audit   'which-builtin-type': [ '1.2.1' ],
112 silly audit   'which-collection': [ '1.0.2' ],
112 silly audit   'which-typed-array': [ '1.1.20' ],
112 silly audit   'word-wrap': [ '1.2.5' ],
112 silly audit   ws: [ '8.20.0' ],
112 silly audit   yallist: [ '3.1.1' ],
112 silly audit   'yocto-queue': [ '0.1.0' ],
112 silly audit   zod: [ '4.3.6' ],
112 silly audit   'zod-validation-error': [ '4.0.2' ],
112 silly audit   'file-saver': [ '2.0.5' ],
112 silly audit   jszip: [ '3.10.1' ],
112 silly audit   'react-imask': [ '7.6.1' ],
112 silly audit   lie: [ '3.3.0' ],
112 silly audit   pako: [ '1.0.11' ],
112 silly audit   'readable-stream': [ '2.3.8' ],
112 silly audit   setimmediate: [ '1.0.5' ],
112 silly audit   immediate: [ '3.0.6' ],
112 silly audit   imask: [ '7.6.1' ],
112 silly audit   '@babel/runtime-corejs3': [ '7.29.2' ],
112 silly audit   'core-js-pure': [ '3.49.0' ],
112 silly audit   'core-util-is': [ '1.0.3' ],
112 silly audit   inherits: [ '2.0.4' ],
112 silly audit   'process-nextick-args': [ '2.0.1' ],
112 silly audit   'safe-buffer': [ '5.1.2' ],
112 silly audit   string_decoder: [ '1.1.1' ],
112 silly audit   'util-deprecate': [ '1.0.2' ],
112 silly audit   '@tailwindcss/oxide-wasm32-wasi': [ '4.2.2' ]
112 silly audit }
113 verbose reify failed optional dependency /Users/gabrielpereira/Desktop/Projetos/Nexus/marshall-tds/recibos-marshall/node_modules/lightningcss-win32-x64-msvc
114 silly reify mark deleted [
114 silly reify   '/Users/gabrielpereira/Desktop/Projetos/Nexus/marshall-tds/recibos-marshall/node_modules/lightningcss-win32-x64-msvc'
114 silly reify ]
115 verbose reify failed optional dependency /Users/gabrielpereira/Desktop/Projetos/Nexus/marshall-tds/recibos-marshall/node_modules/lightningcss-win32-arm64-msvc
116 silly reify mark deleted [
116 silly reify   '/Users/gabrielpereira/Desktop/Projetos/Nexus/marshall-tds/recibos-marshall/node_modules/lightningcss-win32-arm64-msvc'
116 silly reify ]
117 verbose reify failed optional dependency /Users/gabrielpereira/Desktop/Projetos/Nexus/marshall-tds/recibos-marshall/node_modules/lightningcss-linux-x64-musl
118 silly reify mark deleted [
118 silly reify   '/Users/gabrielpereira/Desktop/Projetos/Nexus/marshall-tds/recibos-marshall/node_modules/lightningcss-linux-x64-musl'
118 silly reify ]
119 verbose reify failed optional dependency /Users/gabrielpereira/Desktop/Projetos/Nexus/marshall-tds/recibos-marshall/node_modules/lightningcss-linux-x64-gnu
120 silly reify mark deleted [
120 silly reify   '/Users/gabrielpereira/Desktop/Projetos/Nexus/marshall-tds/recibos-marshall/node_modules/lightningcss-linux-x64-gnu'
120 silly reify ]
121 verbose reify failed optional dependency /Users/gabrielpereira/Desktop/Projetos/Nexus/marshall-tds/recibos-marshall/node_modules/lightningcss-linux-arm64-musl
122 silly reify mark deleted [
122 silly reify   '/Users/gabrielpereira/Desktop/Projetos/Nexus/marshall-tds/recibos-marshall/node_modules/lightningcss-linux-arm64-musl'
122 silly reify ]
123 verbose reify failed optional dependency /Users/gabrielpereira/Desktop/Projetos/Nexus/marshall-tds/recibos-marshall/node_modules/lightningcss-linux-arm64-gnu
124 silly reify mark deleted [
124 silly reify   '/Users/gabrielpereira/Desktop/Projetos/Nexus/marshall-tds/recibos-marshall/node_modules/lightningcss-linux-arm64-gnu'
124 silly reify ]
125 verbose reify failed optional dependency /Users/gabrielpereira/Desktop/Projetos/Nexus/marshall-tds/recibos-marshall/node_modules/lightningcss-linux-arm-gnueabihf
126 silly reify mark deleted [
126 silly reify   '/Users/gabrielpereira/Desktop/Projetos/Nexus/marshall-tds/recibos-marshall/node_modules/lightningcss-linux-arm-gnueabihf'
126 silly reify ]
127 verbose reify failed optional dependency /Users/gabrielpereira/Desktop/Projetos/Nexus/marshall-tds/recibos-marshall/node_modules/lightningcss-freebsd-x64
128 silly reify mark deleted [
128 silly reify   '/Users/gabrielpereira/Desktop/Projetos/Nexus/marshall-tds/recibos-marshall/node_modules/lightningcss-freebsd-x64'
128 silly reify ]
129 verbose reify failed optional dependency /Users/gabrielpereira/Desktop/Projetos/Nexus/marshall-tds/recibos-marshall/node_modules/lightningcss-darwin-x64
130 silly reify mark deleted [
130 silly reify   '/Users/gabrielpereira/Desktop/Projetos/Nexus/marshall-tds/recibos-marshall/node_modules/lightningcss-darwin-x64'
130 silly reify ]
131 verbose reify failed optional dependency /Users/gabrielpereira/Desktop/Projetos/Nexus/marshall-tds/recibos-marshall/node_modules/lightningcss-android-arm64
132 silly reify mark deleted [
132 silly reify   '/Users/gabrielpereira/Desktop/Projetos/Nexus/marshall-tds/recibos-marshall/node_modules/lightningcss-android-arm64'
132 silly reify ]
133 verbose reify failed optional dependency /Users/gabrielpereira/Desktop/Projetos/Nexus/marshall-tds/recibos-marshall/node_modules/@unrs/resolver-binding-win32-x64-msvc
134 silly reify mark deleted [
134 silly reify   '/Users/gabrielpereira/Desktop/Projetos/Nexus/marshall-tds/recibos-marshall/node_modules/@unrs/resolver-binding-win32-x64-msvc'
134 silly reify ]
135 verbose reify failed optional dependency /Users/gabrielpereira/Desktop/Projetos/Nexus/marshall-tds/recibos-marshall/node_modules/@unrs/resolver-binding-win32-ia32-msvc
136 silly reify mark deleted [
136 silly reify   '/Users/gabrielpereira/Desktop/Projetos/Nexus/marshall-tds/recibos-marshall/node_modules/@unrs/resolver-binding-win32-ia32-msvc'
136 silly reify ]
137 verbose reify failed optional dependency /Users/gabrielpereira/Desktop/Projetos/Nexus/marshall-tds/recibos-marshall/node_modules/@unrs/resolver-binding-win32-arm64-msvc
138 silly reify mark deleted [
138 silly reify   '/Users/gabrielpereira/Desktop/Projetos/Nexus/marshall-tds/recibos-marshall/node_modules/@unrs/resolver-binding-win32-arm64-msvc'
138 silly reify ]
139 verbose reify failed optional dependency /Users/gabrielpereira/Desktop/Projetos/Nexus/marshall-tds/recibos-marshall/node_modules/@unrs/resolver-binding-wasm32-wasi
140 silly reify mark deleted [
140 silly reify   '/Users/gabrielpereira/Desktop/Projetos/Nexus/marshall-tds/recibos-marshall/node_modules/@unrs/resolver-binding-wasm32-wasi'
140 silly reify ]
141 verbose reify failed optional dependency /Users/gabrielpereira/Desktop/Projetos/Nexus/marshall-tds/recibos-marshall/node_modules/@unrs/resolver-binding-linux-x64-musl
142 silly reify mark deleted [
142 silly reify   '/Users/gabrielpereira/Desktop/Projetos/Nexus/marshall-tds/recibos-marshall/node_modules/@unrs/resolver-binding-linux-x64-musl'
142 silly reify ]
143 verbose reify failed optional dependency /Users/gabrielpereira/Desktop/Projetos/Nexus/marshall-tds/recibos-marshall/node_modules/@unrs/resolver-binding-linux-x64-gnu
144 silly reify mark deleted [
144 silly reify   '/Users/gabrielpereira/Desktop/Projetos/Nexus/marshall-tds/recibos-marshall/node_modules/@unrs/resolver-binding-linux-x64-gnu'
144 silly reify ]
145 verbose reify failed optional dependency /Users/gabrielpereira/Desktop/Projetos/Nexus/marshall-tds/recibos-marshall/node_modules/@unrs/resolver-binding-linux-s390x-gnu
146 silly reify mark deleted [
146 silly reify   '/Users/gabrielpereira/Desktop/Projetos/Nexus/marshall-tds/recibos-marshall/node_modules/@unrs/resolver-binding-linux-s390x-gnu'
146 silly reify ]
147 verbose reify failed optional dependency /Users/gabrielpereira/Desktop/Projetos/Nexus/marshall-tds/recibos-marshall/node_modules/@unrs/resolver-binding-linux-riscv64-musl
148 silly reify mark deleted [
148 silly reify   '/Users/gabrielpereira/Desktop/Projetos/Nexus/marshall-tds/recibos-marshall/node_modules/@unrs/resolver-binding-linux-riscv64-musl'
148 silly reify ]
149 verbose reify failed optional dependency /Users/gabrielpereira/Desktop/Projetos/Nexus/marshall-tds/recibos-marshall/node_modules/@unrs/resolver-binding-linux-riscv64-gnu
150 silly reify mark deleted [
150 silly reify   '/Users/gabrielpereira/Desktop/Projetos/Nexus/marshall-tds/recibos-marshall/node_modules/@unrs/resolver-binding-linux-riscv64-gnu'
150 silly reify ]
151 verbose reify failed optional dependency /Users/gabrielpereira/Desktop/Projetos/Nexus/marshall-tds/recibos-marshall/node_modules/@unrs/resolver-binding-linux-ppc64-gnu
152 silly reify mark deleted [
152 silly reify   '/Users/gabrielpereira/Desktop/Projetos/Nexus/marshall-tds/recibos-marshall/node_modules/@unrs/resolver-binding-linux-ppc64-gnu'
152 silly reify ]
153 verbose reify failed optional dependency /Users/gabrielpereira/Desktop/Projetos/Nexus/marshall-tds/recibos-marshall/node_modules/@unrs/resolver-binding-linux-arm64-musl
154 silly reify mark deleted [
154 silly reify   '/Users/gabrielpereira/Desktop/Projetos/Nexus/marshall-tds/recibos-marshall/node_modules/@unrs/resolver-binding-linux-arm64-musl'
154 silly reify ]
155 verbose reify failed optional dependency /Users/gabrielpereira/Desktop/Projetos/Nexus/marshall-tds/recibos-marshall/node_modules/@unrs/resolver-binding-linux-arm64-gnu
156 silly reify mark deleted [
156 silly reify   '/Users/gabrielpereira/Desktop/Projetos/Nexus/marshall-tds/recibos-marshall/node_modules/@unrs/resolver-binding-linux-arm64-gnu'
156 silly reify ]
157 verbose reify failed optional dependency /Users/gabrielpereira/Desktop/Projetos/Nexus/marshall-tds/recibos-marshall/node_modules/@unrs/resolver-binding-linux-arm-musleabihf
158 silly reify mark deleted [
158 silly reify   '/Users/gabrielpereira/Desktop/Projetos/Nexus/marshall-tds/recibos-marshall/node_modules/@unrs/resolver-binding-linux-arm-musleabihf'
158 silly reify ]
159 verbose reify failed optional dependency /Users/gabrielpereira/Desktop/Projetos/Nexus/marshall-tds/recibos-marshall/node_modules/@unrs/resolver-binding-linux-arm-gnueabihf
160 silly reify mark deleted [
160 silly reify   '/Users/gabrielpereira/Desktop/Projetos/Nexus/marshall-tds/recibos-marshall/node_modules/@unrs/resolver-binding-linux-arm-gnueabihf'
160 silly reify ]
161 verbose reify failed optional dependency /Users/gabrielpereira/Desktop/Projetos/Nexus/marshall-tds/recibos-marshall/node_modules/@unrs/resolver-binding-freebsd-x64
162 silly reify mark deleted [
162 silly reify   '/Users/gabrielpereira/Desktop/Projetos/Nexus/marshall-tds/recibos-marshall/node_modules/@unrs/resolver-binding-freebsd-x64'
162 silly reify ]
163 verbose reify failed optional dependency /Users/gabrielpereira/Desktop/Projetos/Nexus/marshall-tds/recibos-marshall/node_modules/@unrs/resolver-binding-darwin-x64
164 silly reify mark deleted [
164 silly reify   '/Users/gabrielpereira/Desktop/Projetos/Nexus/marshall-tds/recibos-marshall/node_modules/@unrs/resolver-binding-darwin-x64'
164 silly reify ]
165 verbose reify failed optional dependency /Users/gabrielpereira/Desktop/Projetos/Nexus/marshall-tds/recibos-marshall/node_modules/@unrs/resolver-binding-android-arm64
166 silly reify mark deleted [
166 silly reify   '/Users/gabrielpereira/Desktop/Projetos/Nexus/marshall-tds/recibos-marshall/node_modules/@unrs/resolver-binding-android-arm64'
166 silly reify ]
167 verbose reify failed optional dependency /Users/gabrielpereira/Desktop/Projetos/Nexus/marshall-tds/recibos-marshall/node_modules/@unrs/resolver-binding-android-arm-eabi
168 silly reify mark deleted [
168 silly reify   '/Users/gabrielpereira/Desktop/Projetos/Nexus/marshall-tds/recibos-marshall/node_modules/@unrs/resolver-binding-android-arm-eabi'
168 silly reify ]
169 verbose reify failed optional dependency /Users/gabrielpereira/Desktop/Projetos/Nexus/marshall-tds/recibos-marshall/node_modules/@tailwindcss/oxide-win32-x64-msvc
170 silly reify mark deleted [
170 silly reify   '/Users/gabrielpereira/Desktop/Projetos/Nexus/marshall-tds/recibos-marshall/node_modules/@tailwindcss/oxide-win32-x64-msvc'
170 silly reify ]
171 verbose reify failed optional dependency /Users/gabrielpereira/Desktop/Projetos/Nexus/marshall-tds/recibos-marshall/node_modules/@tailwindcss/oxide-win32-arm64-msvc
172 silly reify mark deleted [
172 silly reify   '/Users/gabrielpereira/Desktop/Projetos/Nexus/marshall-tds/recibos-marshall/node_modules/@tailwindcss/oxide-win32-arm64-msvc'
172 silly reify ]
173 verbose reify failed optional dependency /Users/gabrielpereira/Desktop/Projetos/Nexus/marshall-tds/recibos-marshall/node_modules/@tailwindcss/oxide-linux-x64-musl
174 silly reify mark deleted [
174 silly reify   '/Users/gabrielpereira/Desktop/Projetos/Nexus/marshall-tds/recibos-marshall/node_modules/@tailwindcss/oxide-linux-x64-musl'
174 silly reify ]
175 verbose reify failed optional dependency /Users/gabrielpereira/Desktop/Projetos/Nexus/marshall-tds/recibos-marshall/node_modules/@tailwindcss/oxide-linux-x64-gnu
176 silly reify mark deleted [
176 silly reify   '/Users/gabrielpereira/Desktop/Projetos/Nexus/marshall-tds/recibos-marshall/node_modules/@tailwindcss/oxide-linux-x64-gnu'
176 silly reify ]
177 verbose reify failed optional dependency /Users/gabrielpereira/Desktop/Projetos/Nexus/marshall-tds/recibos-marshall/node_modules/@tailwindcss/oxide-linux-arm64-musl
178 silly reify mark deleted [
178 silly reify   '/Users/gabrielpereira/Desktop/Projetos/Nexus/marshall-tds/recibos-marshall/node_modules/@tailwindcss/oxide-linux-arm64-musl'
178 silly reify ]
179 verbose reify failed optional dependency /Users/gabrielpereira/Desktop/Projetos/Nexus/marshall-tds/recibos-marshall/node_modules/@tailwindcss/oxide-linux-arm64-gnu
180 silly reify mark deleted [
180 silly reify   '/Users/gabrielpereira/Desktop/Projetos/Nexus/marshall-tds/recibos-marshall/node_modules/@tailwindcss/oxide-linux-arm64-gnu'
180 silly reify ]
181 verbose reify failed optional dependency /Users/gabrielpereira/Desktop/Projetos/Nexus/marshall-tds/recibos-marshall/node_modules/@tailwindcss/oxide-linux-arm-gnueabihf
182 silly reify mark deleted [
182 silly reify   '/Users/gabrielpereira/Desktop/Projetos/Nexus/marshall-tds/recibos-marshall/node_modules/@tailwindcss/oxide-linux-arm-gnueabihf'
182 silly reify ]
183 verbose reify failed optional dependency /Users/gabrielpereira/Desktop/Projetos/Nexus/marshall-tds/recibos-marshall/node_modules/@tailwindcss/oxide-freebsd-x64
184 silly reify mark deleted [
184 silly reify   '/Users/gabrielpereira/Desktop/Projetos/Nexus/marshall-tds/recibos-marshall/node_modules/@tailwindcss/oxide-freebsd-x64'
184 silly reify ]
185 verbose reify failed optional dependency /Users/gabrielpereira/Desktop/Projetos/Nexus/marshall-tds/recibos-marshall/node_modules/@tailwindcss/oxide-darwin-x64
186 silly reify mark deleted [
186 silly reify   '/Users/gabrielpereira/Desktop/Projetos/Nexus/marshall-tds/recibos-marshall/node_modules/@tailwindcss/oxide-darwin-x64'
186 silly reify ]
187 verbose reify failed optional dependency /Users/gabrielpereira/Desktop/Projetos/Nexus/marshall-tds/recibos-marshall/node_modules/@tailwindcss/oxide-android-arm64
188 silly reify mark deleted [
188 silly reify   '/Users/gabrielpereira/Desktop/Projetos/Nexus/marshall-tds/recibos-marshall/node_modules/@tailwindcss/oxide-android-arm64'
188 silly reify ]
189 verbose reify failed optional dependency /Users/gabrielpereira/Desktop/Projetos/Nexus/marshall-tds/recibos-marshall/node_modules/@next/swc-win32-x64-msvc
190 silly reify mark deleted [
190 silly reify   '/Users/gabrielpereira/Desktop/Projetos/Nexus/marshall-tds/recibos-marshall/node_modules/@next/swc-win32-x64-msvc'
190 silly reify ]
191 verbose reify failed optional dependency /Users/gabrielpereira/Desktop/Projetos/Nexus/marshall-tds/recibos-marshall/node_modules/@next/swc-win32-arm64-msvc
192 silly reify mark deleted [
192 silly reify   '/Users/gabrielpereira/Desktop/Projetos/Nexus/marshall-tds/recibos-marshall/node_modules/@next/swc-win32-arm64-msvc'
192 silly reify ]
193 verbose reify failed optional dependency /Users/gabrielpereira/Desktop/Projetos/Nexus/marshall-tds/recibos-marshall/node_modules/@next/swc-linux-x64-musl
194 silly reify mark deleted [
194 silly reify   '/Users/gabrielpereira/Desktop/Projetos/Nexus/marshall-tds/recibos-marshall/node_modules/@next/swc-linux-x64-musl'
194 silly reify ]
195 verbose reify failed optional dependency /Users/gabrielpereira/Desktop/Projetos/Nexus/marshall-tds/recibos-marshall/node_modules/@next/swc-linux-x64-gnu
196 silly reify mark deleted [
196 silly reify   '/Users/gabrielpereira/Desktop/Projetos/Nexus/marshall-tds/recibos-marshall/node_modules/@next/swc-linux-x64-gnu'
196 silly reify ]
197 verbose reify failed optional dependency /Users/gabrielpereira/Desktop/Projetos/Nexus/marshall-tds/recibos-marshall/node_modules/@next/swc-linux-arm64-musl
198 silly reify mark deleted [
198 silly reify   '/Users/gabrielpereira/Desktop/Projetos/Nexus/marshall-tds/recibos-marshall/node_modules/@next/swc-linux-arm64-musl'
198 silly reify ]
199 verbose reify failed optional dependency /Users/gabrielpereira/Desktop/Projetos/Nexus/marshall-tds/recibos-marshall/node_modules/@next/swc-linux-arm64-gnu
200 silly reify mark deleted [
200 silly reify   '/Users/gabrielpereira/Desktop/Projetos/Nexus/marshall-tds/recibos-marshall/node_modules/@next/swc-linux-arm64-gnu'
200 silly reify ]
201 verbose reify failed optional dependency /Users/gabrielpereira/Desktop/Projetos/Nexus/marshall-tds/recibos-marshall/node_modules/@next/swc-darwin-x64
202 silly reify mark deleted [
202 silly reify   '/Users/gabrielpereira/Desktop/Projetos/Nexus/marshall-tds/recibos-marshall/node_modules/@next/swc-darwin-x64'
202 silly reify ]
203 verbose reify failed optional dependency /Users/gabrielpereira/Desktop/Projetos/Nexus/marshall-tds/recibos-marshall/node_modules/@img/sharp-win32-x64
204 silly reify mark deleted [
204 silly reify   '/Users/gabrielpereira/Desktop/Projetos/Nexus/marshall-tds/recibos-marshall/node_modules/@img/sharp-win32-x64'
204 silly reify ]
205 verbose reify failed optional dependency /Users/gabrielpereira/Desktop/Projetos/Nexus/marshall-tds/recibos-marshall/node_modules/@img/sharp-win32-ia32
206 silly reify mark deleted [
206 silly reify   '/Users/gabrielpereira/Desktop/Projetos/Nexus/marshall-tds/recibos-marshall/node_modules/@img/sharp-win32-ia32'
206 silly reify ]
207 verbose reify failed optional dependency /Users/gabrielpereira/Desktop/Projetos/Nexus/marshall-tds/recibos-marshall/node_modules/@img/sharp-win32-arm64
208 silly reify mark deleted [
208 silly reify   '/Users/gabrielpereira/Desktop/Projetos/Nexus/marshall-tds/recibos-marshall/node_modules/@img/sharp-win32-arm64'
208 silly reify ]
209 verbose reify failed optional dependency /Users/gabrielpereira/Desktop/Projetos/Nexus/marshall-tds/recibos-marshall/node_modules/@img/sharp-wasm32
210 silly reify mark deleted [
210 silly reify   '/Users/gabrielpereira/Desktop/Projetos/Nexus/marshall-tds/recibos-marshall/node_modules/@img/sharp-wasm32'
210 silly reify ]
211 verbose reify failed optional dependency /Users/gabrielpereira/Desktop/Projetos/Nexus/marshall-tds/recibos-marshall/node_modules/@img/sharp-linuxmusl-x64
212 silly reify mark deleted [
212 silly reify   '/Users/gabrielpereira/Desktop/Projetos/Nexus/marshall-tds/recibos-marshall/node_modules/@img/sharp-linuxmusl-x64'
212 silly reify ]
213 verbose reify failed optional dependency /Users/gabrielpereira/Desktop/Projetos/Nexus/marshall-tds/recibos-marshall/node_modules/@img/sharp-linuxmusl-arm64
214 silly reify mark deleted [
214 silly reify   '/Users/gabrielpereira/Desktop/Projetos/Nexus/marshall-tds/recibos-marshall/node_modules/@img/sharp-linuxmusl-arm64'
214 silly reify ]
215 verbose reify failed optional dependency /Users/gabrielpereira/Desktop/Projetos/Nexus/marshall-tds/recibos-marshall/node_modules/@img/sharp-linux-x64
216 silly reify mark deleted [
216 silly reify   '/Users/gabrielpereira/Desktop/Projetos/Nexus/marshall-tds/recibos-marshall/node_modules/@img/sharp-linux-x64'
216 silly reify ]
217 verbose reify failed optional dependency /Users/gabrielpereira/Desktop/Projetos/Nexus/marshall-tds/recibos-marshall/node_modules/@img/sharp-linux-s390x
218 silly reify mark deleted [
218 silly reify   '/Users/gabrielpereira/Desktop/Projetos/Nexus/marshall-tds/recibos-marshall/node_modules/@img/sharp-linux-s390x'
218 silly reify ]
219 verbose reify failed optional dependency /Users/gabrielpereira/Desktop/Projetos/Nexus/marshall-tds/recibos-marshall/node_modules/@img/sharp-linux-riscv64
220 silly reify mark deleted [
220 silly reify   '/Users/gabrielpereira/Desktop/Projetos/Nexus/marshall-tds/recibos-marshall/node_modules/@img/sharp-linux-riscv64'
220 silly reify ]
221 verbose reify failed optional dependency /Users/gabrielpereira/Desktop/Projetos/Nexus/marshall-tds/recibos-marshall/node_modules/@img/sharp-linux-ppc64
222 silly reify mark deleted [
222 silly reify   '/Users/gabrielpereira/Desktop/Projetos/Nexus/marshall-tds/recibos-marshall/node_modules/@img/sharp-linux-ppc64'
222 silly reify ]
223 verbose reify failed optional dependency /Users/gabrielpereira/Desktop/Projetos/Nexus/marshall-tds/recibos-marshall/node_modules/@img/sharp-linux-arm64
224 silly reify mark deleted [
224 silly reify   '/Users/gabrielpereira/Desktop/Projetos/Nexus/marshall-tds/recibos-marshall/node_modules/@img/sharp-linux-arm64'
224 silly reify ]
225 verbose reify failed optional dependency /Users/gabrielpereira/Desktop/Projetos/Nexus/marshall-tds/recibos-marshall/node_modules/@img/sharp-linux-arm
226 silly reify mark deleted [
226 silly reify   '/Users/gabrielpereira/Desktop/Projetos/Nexus/marshall-tds/recibos-marshall/node_modules/@img/sharp-linux-arm'
226 silly reify ]
227 verbose reify failed optional dependency /Users/gabrielpereira/Desktop/Projetos/Nexus/marshall-tds/recibos-marshall/node_modules/@img/sharp-libvips-linuxmusl-x64
228 silly reify mark deleted [
228 silly reify   '/Users/gabrielpereira/Desktop/Projetos/Nexus/marshall-tds/recibos-marshall/node_modules/@img/sharp-libvips-linuxmusl-x64'
228 silly reify ]
229 verbose reify failed optional dependency /Users/gabrielpereira/Desktop/Projetos/Nexus/marshall-tds/recibos-marshall/node_modules/@img/sharp-libvips-linuxmusl-arm64
230 silly reify mark deleted [
230 silly reify   '/Users/gabrielpereira/Desktop/Projetos/Nexus/marshall-tds/recibos-marshall/node_modules/@img/sharp-libvips-linuxmusl-arm64'
230 silly reify ]
231 verbose reify failed optional dependency /Users/gabrielpereira/Desktop/Projetos/Nexus/marshall-tds/recibos-marshall/node_modules/@img/sharp-libvips-linux-x64
232 silly reify mark deleted [
232 silly reify   '/Users/gabrielpereira/Desktop/Projetos/Nexus/marshall-tds/recibos-marshall/node_modules/@img/sharp-libvips-linux-x64'
232 silly reify ]
233 verbose reify failed optional dependency /Users/gabrielpereira/Desktop/Projetos/Nexus/marshall-tds/recibos-marshall/node_modules/@img/sharp-libvips-linux-s390x
234 silly reify mark deleted [
234 silly reify   '/Users/gabrielpereira/Desktop/Projetos/Nexus/marshall-tds/recibos-marshall/node_modules/@img/sharp-libvips-linux-s390x'
234 silly reify ]
235 verbose reify failed optional dependency /Users/gabrielpereira/Desktop/Projetos/Nexus/marshall-tds/recibos-marshall/node_modules/@img/sharp-libvips-linux-riscv64
236 silly reify mark deleted [
236 silly reify   '/Users/gabrielpereira/Desktop/Projetos/Nexus/marshall-tds/recibos-marshall/node_modules/@img/sharp-libvips-linux-riscv64'
236 silly reify ]
237 verbose reify failed optional dependency /Users/gabrielpereira/Desktop/Projetos/Nexus/marshall-tds/recibos-marshall/node_modules/@img/sharp-libvips-linux-ppc64
238 silly reify mark deleted [
238 silly reify   '/Users/gabrielpereira/Desktop/Projetos/Nexus/marshall-tds/recibos-marshall/node_modules/@img/sharp-libvips-linux-ppc64'
238 silly reify ]
239 verbose reify failed optional dependency /Users/gabrielpereira/Desktop/Projetos/Nexus/marshall-tds/recibos-marshall/node_modules/@img/sharp-libvips-linux-arm64
240 silly reify mark deleted [
240 silly reify   '/Users/gabrielpereira/Desktop/Projetos/Nexus/marshall-tds/recibos-marshall/node_modules/@img/sharp-libvips-linux-arm64'
240 silly reify ]
241 verbose reify failed optional dependency /Users/gabrielpereira/Desktop/Projetos/Nexus/marshall-tds/recibos-marshall/node_modules/@img/sharp-libvips-linux-arm
242 silly reify mark deleted [
242 silly reify   '/Users/gabrielpereira/Desktop/Projetos/Nexus/marshall-tds/recibos-marshall/node_modules/@img/sharp-libvips-linux-arm'
242 silly reify ]
243 verbose reify failed optional dependency /Users/gabrielpereira/Desktop/Projetos/Nexus/marshall-tds/recibos-marshall/node_modules/@img/sharp-libvips-darwin-x64
244 silly reify mark deleted [
244 silly reify   '/Users/gabrielpereira/Desktop/Projetos/Nexus/marshall-tds/recibos-marshall/node_modules/@img/sharp-libvips-darwin-x64'
244 silly reify ]
245 verbose reify failed optional dependency /Users/gabrielpereira/Desktop/Projetos/Nexus/marshall-tds/recibos-marshall/node_modules/@img/sharp-darwin-x64
246 silly reify mark deleted [
246 silly reify   '/Users/gabrielpereira/Desktop/Projetos/Nexus/marshall-tds/recibos-marshall/node_modules/@img/sharp-darwin-x64'
246 silly reify ]
247 http cache util-deprecate@https://registry.npmjs.org/util-deprecate/-/util-deprecate-1.0.2.tgz 0ms (cache hit)
248 http cache process-nextick-args@https://registry.npmjs.org/process-nextick-args/-/process-nextick-args-2.0.1.tgz 0ms (cache hit)
249 http cache @babel/runtime-corejs3@https://registry.npmjs.org/@babel/runtime-corejs3/-/runtime-corejs3-7.29.2.tgz 0ms (cache hit)
250 http cache safe-buffer@https://registry.npmjs.org/safe-buffer/-/safe-buffer-5.1.2.tgz 0ms (cache hit)
251 http cache imask@https://registry.npmjs.org/imask/-/imask-7.6.1.tgz 0ms (cache hit)
252 http cache core-util-is@https://registry.npmjs.org/core-util-is/-/core-util-is-1.0.3.tgz 0ms (cache hit)
253 http cache immediate@https://registry.npmjs.org/immediate/-/immediate-3.0.6.tgz 0ms (cache hit)
254 http cache inherits@https://registry.npmjs.org/inherits/-/inherits-2.0.4.tgz 0ms (cache hit)
255 http cache core-js-pure@https://registry.npmjs.org/core-js-pure/-/core-js-pure-3.49.0.tgz 0ms (cache hit)
256 http cache setimmediate@https://registry.npmjs.org/setimmediate/-/setimmediate-1.0.5.tgz 0ms (cache hit)
257 http cache pako@https://registry.npmjs.org/pako/-/pako-1.0.11.tgz 0ms (cache hit)
258 http cache lie@https://registry.npmjs.org/lie/-/lie-3.3.0.tgz 0ms (cache hit)
259 http cache string_decoder@https://registry.npmjs.org/string_decoder/-/string_decoder-1.1.1.tgz 0ms (cache hit)
260 http cache react-imask@https://registry.npmjs.org/react-imask/-/react-imask-7.6.1.tgz 0ms (cache hit)
261 http cache file-saver@https://registry.npmjs.org/file-saver/-/file-saver-2.0.5.tgz 0ms (cache hit)
262 http cache readable-stream@https://registry.npmjs.org/readable-stream/-/readable-stream-2.3.8.tgz 0ms (cache hit)
263 http cache jszip@https://registry.npmjs.org/jszip/-/jszip-3.10.1.tgz 0ms (cache hit)
264 silly tarball no local data for util-deprecate@https://registry.npmjs.org/util-deprecate/-/util-deprecate-1.0.2.tgz. Extracting by manifest.
265 http cache isarray@https://registry.npmjs.org/isarray/-/isarray-1.0.0.tgz 0ms (cache hit)
266 silly tarball no local data for process-nextick-args@https://registry.npmjs.org/process-nextick-args/-/process-nextick-args-2.0.1.tgz. Extracting by manifest.
267 silly tarball no local data for @babel/runtime-corejs3@https://registry.npmjs.org/@babel/runtime-corejs3/-/runtime-corejs3-7.29.2.tgz. Extracting by manifest.
268 silly tarball no local data for safe-buffer@https://registry.npmjs.org/safe-buffer/-/safe-buffer-5.1.2.tgz. Extracting by manifest.
269 silly tarball no local data for imask@https://registry.npmjs.org/imask/-/imask-7.6.1.tgz. Extracting by manifest.
270 silly tarball no local data for core-util-is@https://registry.npmjs.org/core-util-is/-/core-util-is-1.0.3.tgz. Extracting by manifest.
271 silly tarball no local data for immediate@https://registry.npmjs.org/immediate/-/immediate-3.0.6.tgz. Extracting by manifest.
272 silly tarball no local data for inherits@https://registry.npmjs.org/inherits/-/inherits-2.0.4.tgz. Extracting by manifest.
273 silly tarball no local data for core-js-pure@https://registry.npmjs.org/core-js-pure/-/core-js-pure-3.49.0.tgz. Extracting by manifest.
274 silly tarball no local data for setimmediate@https://registry.npmjs.org/setimmediate/-/setimmediate-1.0.5.tgz. Extracting by manifest.
275 silly tarball no local data for pako@https://registry.npmjs.org/pako/-/pako-1.0.11.tgz. Extracting by manifest.
276 silly tarball no local data for lie@https://registry.npmjs.org/lie/-/lie-3.3.0.tgz. Extracting by manifest.
277 silly tarball no local data for string_decoder@https://registry.npmjs.org/string_decoder/-/string_decoder-1.1.1.tgz. Extracting by manifest.
278 silly tarball no local data for react-imask@https://registry.npmjs.org/react-imask/-/react-imask-7.6.1.tgz. Extracting by manifest.
279 silly tarball no local data for file-saver@https://registry.npmjs.org/file-saver/-/file-saver-2.0.5.tgz. Extracting by manifest.
280 silly tarball no local data for readable-stream@https://registry.npmjs.org/readable-stream/-/readable-stream-2.3.8.tgz. Extracting by manifest.
281 silly tarball no local data for jszip@https://registry.npmjs.org/jszip/-/jszip-3.10.1.tgz. Extracting by manifest.
282 silly tarball no local data for isarray@https://registry.npmjs.org/isarray/-/isarray-1.0.0.tgz. Extracting by manifest.
283 http fetch GET 200 https://registry.npmjs.org/core-util-is/-/core-util-is-1.0.3.tgz 59ms (cache miss)
284 http fetch GET 200 https://registry.npmjs.org/immediate/-/immediate-3.0.6.tgz 59ms (cache miss)
285 http fetch GET 200 https://registry.npmjs.org/process-nextick-args/-/process-nextick-args-2.0.1.tgz 60ms (cache miss)
286 http fetch GET 200 https://registry.npmjs.org/util-deprecate/-/util-deprecate-1.0.2.tgz 61ms (cache miss)
287 http fetch GET 200 https://registry.npmjs.org/safe-buffer/-/safe-buffer-5.1.2.tgz 61ms (cache miss)
288 http fetch GET 200 https://registry.npmjs.org/file-saver/-/file-saver-2.0.5.tgz 66ms (cache miss)
289 http fetch GET 200 https://registry.npmjs.org/isarray/-/isarray-1.0.0.tgz 66ms (cache miss)
290 http fetch GET 200 https://registry.npmjs.org/readable-stream/-/readable-stream-2.3.8.tgz 76ms (cache miss)
291 http fetch GET 200 https://registry.npmjs.org/inherits/-/inherits-2.0.4.tgz 98ms (cache miss)
292 http fetch GET 200 https://registry.npmjs.org/setimmediate/-/setimmediate-1.0.5.tgz 117ms (cache miss)
293 http fetch GET 200 https://registry.npmjs.org/string_decoder/-/string_decoder-1.1.1.tgz 116ms (cache miss)
294 http fetch GET 200 https://registry.npmjs.org/lie/-/lie-3.3.0.tgz 121ms (cache miss)
295 http fetch GET 200 https://registry.npmjs.org/react-imask/-/react-imask-7.6.1.tgz 124ms (cache miss)
296 http fetch GET 200 https://registry.npmjs.org/imask/-/imask-7.6.1.tgz 139ms (cache miss)
297 http fetch GET 200 https://registry.npmjs.org/jszip/-/jszip-3.10.1.tgz 146ms (cache miss)
298 http fetch GET 200 https://registry.npmjs.org/pako/-/pako-1.0.11.tgz 149ms (cache miss)
299 http fetch POST 200 https://registry.npmjs.org/-/npm/v1/security/advisories/bulk 224ms
300 silly audit report {}
301 http fetch GET 200 https://registry.npmjs.org/@babel/runtime-corejs3/-/runtime-corejs3-7.29.2.tgz 323ms (cache miss)
302 http fetch GET 200 https://registry.npmjs.org/core-js-pure/-/core-js-pure-3.49.0.tgz 601ms (cache miss)
303 info run core-js-pure@3.49.0 postinstall node_modules/core-js-pure node -e "try{require('./postinstall')}catch(e){}"
304 info run core-js-pure@3.49.0 postinstall { code: 0, signal: null }
305 silly ADD node_modules/util-deprecate
306 silly ADD node_modules/string_decoder
307 silly ADD node_modules/safe-buffer
308 silly ADD node_modules/process-nextick-args
309 silly ADD node_modules/inherits
310 silly ADD node_modules/core-util-is
311 silly ADD node_modules/core-js-pure
312 silly ADD node_modules/@babel/runtime-corejs3
313 silly ADD node_modules/imask
314 silly ADD node_modules/immediate
315 silly ADD node_modules/setimmediate
316 silly ADD node_modules/readable-stream
317 silly ADD node_modules/readable-stream/node_modules/isarray
318 silly ADD node_modules/pako
319 silly ADD node_modules/lie
320 silly ADD node_modules/react-imask
321 silly ADD node_modules/jszip
322 silly ADD node_modules/file-saver
323 silly ADD
324 silly ADD
325 silly ADD
326 silly ADD
327 silly ADD
328 silly ADD
329 silly ADD
330 silly ADD
331 silly ADD
332 silly ADD
333 silly ADD
334 silly ADD
335 silly ADD
336 silly ADD
337 silly ADD
338 silly ADD
339 silly ADD
340 silly ADD
341 silly ADD
342 silly ADD
343 silly ADD
344 silly ADD
345 silly ADD
346 silly ADD
347 silly ADD
348 silly ADD
349 silly ADD
350 silly ADD
351 silly ADD
352 silly ADD
353 silly ADD
354 silly ADD
355 silly ADD
356 silly ADD
357 silly ADD
358 silly ADD
359 silly ADD
360 silly ADD
361 silly ADD
362 silly ADD
363 silly ADD
364 silly ADD
365 silly ADD
366 silly ADD
367 silly ADD
368 silly ADD
369 silly ADD
370 silly ADD
371 silly ADD
372 silly ADD
373 silly ADD
374 silly ADD
375 silly ADD
376 silly ADD
377 silly ADD
378 silly ADD
379 silly ADD
380 silly ADD
381 silly ADD
382 silly ADD
383 silly ADD
384 silly ADD
385 silly ADD
386 silly ADD
387 silly ADD
388 silly ADD
389 silly ADD
390 silly ADD
391 verbose cwd /Users/gabrielpereira/Desktop/Projetos/Nexus/marshall-tds/recibos-marshall
392 verbose os Darwin 25.3.0
393 verbose node v22.14.0
394 verbose npm  v10.9.2
395 verbose exit 0
396 info ok
