0 verbose cli /usr/local/bin/node /usr/local/bin/npm
1 info using npm@10.9.2
2 info using node@v22.14.0
3 silly config load:file:/usr/local/lib/node_modules/npm/npmrc
4 silly config load:file:/Users/gabrielpereira/Desktop/Projetos/Nexus/marshall-tds/recibos-marshall/.npmrc
5 silly config load:file:/Users/gabrielpereira/.npmrc
6 verbose config error loading user config Error: EPERM: operation not permitted, open '/Users/gabrielpereira/.npmrc'
6 verbose config     at async open (node:internal/fs/promises:638:25)
6 verbose config     at async readFile (node:internal/fs/promises:1242:14)
6 verbose config     at async #loadFile (/usr/local/lib/node_modules/npm/node_modules/@npmcli/config/lib/index.js:589:5)
6 verbose config     at async Config.load (/usr/local/lib/node_modules/npm/node_modules/@npmcli/config/lib/index.js:250:5)
6 verbose config     at async #load (/usr/local/lib/node_modules/npm/lib/npm.js:98:5)
6 verbose config     at async Npm.load (/usr/local/lib/node_modules/npm/lib/npm.js:80:14)
6 verbose config     at async module.exports (/usr/local/lib/node_modules/npm/lib/cli/entry.js:42:37) {
6 verbose config   errno: -1,
6 verbose config   code: 'EPERM',
6 verbose config   syscall: 'open',
6 verbose config   path: '/Users/gabrielpereira/.npmrc'
6 verbose config }
7 silly config load:file:/usr/local/etc/npmrc
8 verbose title npm install lucide-react @supabase/supabase-js @supabase/auth-helpers-nextjs framer-motion
9 verbose argv "install" "lucide-react" "@supabase/supabase-js" "@supabase/auth-helpers-nextjs" "framer-motion"
10 verbose logfile logs-max:10 dir:/Users/gabrielpereira/Desktop/Projetos/Nexus/marshall-tds/recibos-marshall/.npm-cache/_logs/2026-04-17T18_15_05_846Z-
11 verbose logfile /Users/gabrielpereira/Desktop/Projetos/Nexus/marshall-tds/recibos-marshall/.npm-cache/_logs/2026-04-17T18_15_05_846Z-debug-0.log
12 silly logfile done cleaning log files
13 silly packumentCache heap:4345298944 maxSize:1086324736 maxEntrySize:543162368
14 silly idealTree buildDeps
15 silly fetch manifest lucide-react@*
16 silly packumentCache full:https://registry.npmjs.org/lucide-react cache-miss
17 http fetch GET 200 https://registry.npmjs.org/npm 173ms
18 http fetch GET 200 https://registry.npmjs.org/lucide-react 113ms (cache miss)
19 silly packumentCache full:https://registry.npmjs.org/lucide-react set size:undefined disposed:false
20 silly fetch manifest react@19.2.4
21 silly packumentCache full:https://registry.npmjs.org/react cache-miss
22 http fetch GET 200 https://registry.npmjs.org/react 128ms (cache miss)
23 silly packumentCache full:https://registry.npmjs.org/react set size:undefined disposed:false
24 silly fetch manifest @supabase/supabase-js@*
25 silly packumentCache full:https://registry.npmjs.org/@supabase%2fsupabase-js cache-miss
26 http fetch GET 200 https://registry.npmjs.org/@supabase%2fsupabase-js 76ms (cache miss)
27 silly packumentCache full:https://registry.npmjs.org/@supabase%2fsupabase-js set size:undefined disposed:false
28 silly fetch manifest @supabase/auth-helpers-nextjs@*
29 silly packumentCache full:https://registry.npmjs.org/@supabase%2fauth-helpers-nextjs cache-miss
30 http fetch GET 200 https://registry.npmjs.org/@supabase%2fauth-helpers-nextjs 102ms (cache miss)
31 silly packumentCache full:https://registry.npmjs.org/@supabase%2fauth-helpers-nextjs set size:undefined disposed:false
32 silly fetch manifest framer-motion@*
33 silly packumentCache full:https://registry.npmjs.org/framer-motion cache-miss
34 http fetch GET 200 https://registry.npmjs.org/framer-motion 101ms (cache miss)
35 silly packumentCache full:https://registry.npmjs.org/framer-motion set size:undefined disposed:false
36 silly fetch manifest @emotion/is-prop-valid@*
37 silly packumentCache full:https://registry.npmjs.org/@emotion%2fis-prop-valid cache-miss
38 http fetch GET 200 https://registry.npmjs.org/@emotion%2fis-prop-valid 93ms (cache miss)
39 silly packumentCache full:https://registry.npmjs.org/@emotion%2fis-prop-valid set size:undefined disposed:false
40 silly fetch manifest react-dom@19.2.4
41 silly packumentCache full:https://registry.npmjs.org/react-dom cache-miss
42 http fetch GET 200 https://registry.npmjs.org/react-dom 117ms (cache miss)
43 silly packumentCache full:https://registry.npmjs.org/react-dom set size:undefined disposed:false
44 silly placeDep ROOT @supabase/auth-helpers-nextjs@0.15.0 OK for: temp-init@0.1.0 want: *
45 silly placeDep ROOT @supabase/supabase-js@2.103.3 OK for: @supabase/auth-helpers-nextjs@0.15.0 want: ^2.76.1
46 silly placeDep ROOT @supabase/supabase-js@2.103.3 REPLACE for: temp-init@0.1.0 want: *
47 silly placeDep ROOT framer-motion@12.38.0 OK for: temp-init@0.1.0 want: *
48 silly placeDep ROOT lucide-react@1.8.0 OK for: temp-init@0.1.0 want: *
49 silly fetch manifest cookie@^1.0.2
50 silly packumentCache full:https://registry.npmjs.org/cookie cache-miss
51 silly fetch manifest @supabase/auth-js@2.103.3
52 silly packumentCache full:https://registry.npmjs.org/@supabase%2fauth-js cache-miss
53 silly fetch manifest @supabase/storage-js@2.103.3
54 silly packumentCache full:https://registry.npmjs.org/@supabase%2fstorage-js cache-miss
55 silly fetch manifest @supabase/realtime-js@2.103.3
56 silly packumentCache full:https://registry.npmjs.org/@supabase%2frealtime-js cache-miss
57 silly fetch manifest @supabase/functions-js@2.103.3
58 silly packumentCache full:https://registry.npmjs.org/@supabase%2ffunctions-js cache-miss
59 silly fetch manifest @supabase/postgrest-js@2.103.3
60 silly packumentCache full:https://registry.npmjs.org/@supabase%2fpostgrest-js cache-miss
61 silly fetch manifest @supabase/auth-js@2.103.3
62 silly packumentCache full:https://registry.npmjs.org/@supabase%2fauth-js cache-miss
63 silly fetch manifest @supabase/storage-js@2.103.3
64 silly packumentCache full:https://registry.npmjs.org/@supabase%2fstorage-js cache-miss
65 silly fetch manifest @supabase/realtime-js@2.103.3
66 silly packumentCache full:https://registry.npmjs.org/@supabase%2frealtime-js cache-miss
67 silly fetch manifest @supabase/functions-js@2.103.3
68 silly packumentCache full:https://registry.npmjs.org/@supabase%2ffunctions-js cache-miss
69 http fetch GET 200 https://registry.npmjs.org/cookie 37ms (cache miss)
70 silly packumentCache full:https://registry.npmjs.org/cookie set size:undefined disposed:false
71 silly fetch manifest @supabase/postgrest-js@2.103.3
72 silly packumentCache full:https://registry.npmjs.org/@supabase%2fpostgrest-js cache-miss
73 http fetch GET 200 https://registry.npmjs.org/@supabase%2fauth-js 143ms (cache miss)
74 silly packumentCache full:https://registry.npmjs.org/@supabase%2fauth-js set size:undefined disposed:false
75 silly fetch manifest motion-dom@^12.38.0
76 silly packumentCache full:https://registry.npmjs.org/motion-dom cache-miss
77 http fetch GET 200 https://registry.npmjs.org/@supabase%2fpostgrest-js 108ms (cache miss)
78 silly packumentCache full:https://registry.npmjs.org/@supabase%2fpostgrest-js set size:undefined disposed:false
79 silly fetch manifest motion-utils@^12.36.0
80 silly packumentCache full:https://registry.npmjs.org/motion-utils cache-miss
81 http fetch GET 200 https://registry.npmjs.org/motion-utils 30ms (cache miss)
82 silly packumentCache full:https://registry.npmjs.org/motion-utils set size:undefined disposed:false
83 http fetch GET 200 https://registry.npmjs.org/motion-dom 38ms (cache miss)
84 silly packumentCache full:https://registry.npmjs.org/motion-dom set size:undefined disposed:false
85 http fetch GET 200 https://registry.npmjs.org/@supabase%2frealtime-js 196ms (cache miss)
86 silly packumentCache full:https://registry.npmjs.org/@supabase%2frealtime-js set size:undefined disposed:false
87 http fetch GET 200 https://registry.npmjs.org/@supabase%2ffunctions-js 204ms (cache miss)
88 silly packumentCache full:https://registry.npmjs.org/@supabase%2ffunctions-js set size:undefined disposed:false
89 http fetch GET 200 https://registry.npmjs.org/@supabase%2ffunctions-js 209ms (cache miss)
90 silly packumentCache full:https://registry.npmjs.org/@supabase%2ffunctions-js set size:undefined disposed:false
91 http fetch GET 200 https://registry.npmjs.org/@supabase%2fstorage-js 212ms (cache miss)
92 silly packumentCache full:https://registry.npmjs.org/@supabase%2fstorage-js set size:undefined disposed:false
93 http fetch GET 200 https://registry.npmjs.org/@supabase%2fpostgrest-js 219ms (cache miss)
94 silly packumentCache full:https://registry.npmjs.org/@supabase%2fpostgrest-js set size:undefined disposed:false
95 http fetch GET 200 https://registry.npmjs.org/@supabase%2frealtime-js 222ms (cache miss)
96 silly packumentCache full:https://registry.npmjs.org/@supabase%2frealtime-js set size:undefined disposed:false
97 http fetch GET 200 https://registry.npmjs.org/@supabase%2fauth-js 228ms (cache miss)
98 silly packumentCache full:https://registry.npmjs.org/@supabase%2fauth-js set size:undefined disposed:false
99 http fetch GET 200 https://registry.npmjs.org/@supabase%2fstorage-js 241ms (cache miss)
100 silly packumentCache full:https://registry.npmjs.org/@supabase%2fstorage-js set size:undefined disposed:false
101 silly placeDep ROOT cookie@1.1.1 OK for: @supabase/auth-helpers-nextjs@0.15.0 want: ^1.0.2
102 silly placeDep ROOT @supabase/auth-js@2.103.3 OK for: @supabase/supabase-js@2.103.3 want: 2.103.3
103 silly placeDep ROOT @supabase/functions-js@2.103.3 OK for: @supabase/supabase-js@2.103.3 want: 2.103.3
104 silly placeDep ROOT @supabase/postgrest-js@2.103.3 OK for: @supabase/supabase-js@2.103.3 want: 2.103.3
105 silly placeDep ROOT @supabase/realtime-js@2.103.3 OK for: @supabase/supabase-js@2.103.3 want: 2.103.3
106 silly placeDep ROOT @supabase/storage-js@2.103.3 OK for: @supabase/supabase-js@2.103.3 want: 2.103.3
107 silly fetch manifest ws@^8.18.2
108 silly packumentCache full:https://registry.npmjs.org/ws cache-miss
109 silly fetch manifest @types/ws@^8.18.1
110 silly packumentCache full:https://registry.npmjs.org/@types%2fws cache-miss
111 silly fetch manifest @supabase/phoenix@^0.4.0
112 silly packumentCache full:https://registry.npmjs.org/@supabase%2fphoenix cache-miss
113 silly fetch manifest iceberg-js@^0.8.1
114 silly packumentCache full:https://registry.npmjs.org/iceberg-js cache-miss
115 http fetch GET 200 https://registry.npmjs.org/ws 32ms (cache miss)
116 silly packumentCache full:https://registry.npmjs.org/ws set size:undefined disposed:false
117 http fetch GET 200 https://registry.npmjs.org/iceberg-js 35ms (cache miss)
118 silly packumentCache full:https://registry.npmjs.org/iceberg-js set size:undefined disposed:false
119 http fetch GET 200 https://registry.npmjs.org/@supabase%2fphoenix 47ms (cache miss)
120 silly packumentCache full:https://registry.npmjs.org/@supabase%2fphoenix set size:undefined disposed:false
121 http fetch GET 200 https://registry.npmjs.org/@types%2fws 54ms (cache miss)
122 silly packumentCache full:https://registry.npmjs.org/@types%2fws set size:undefined disposed:false
123 silly fetch manifest bufferutil@^4.0.1
124 silly packumentCache full:https://registry.npmjs.org/bufferutil cache-miss
125 http fetch GET 200 https://registry.npmjs.org/bufferutil 28ms (cache miss)
126 silly packumentCache full:https://registry.npmjs.org/bufferutil set size:undefined disposed:false
127 silly fetch manifest utf-8-validate@>=5.0.2
128 silly packumentCache full:https://registry.npmjs.org/utf-8-validate cache-miss
129 http fetch GET 200 https://registry.npmjs.org/utf-8-validate 39ms (cache miss)
130 silly packumentCache full:https://registry.npmjs.org/utf-8-validate set size:undefined disposed:false
131 silly placeDep ROOT @supabase/phoenix@0.4.0 OK for: @supabase/realtime-js@2.103.3 want: ^0.4.0
132 silly placeDep ROOT @types/ws@8.18.1 OK for: @supabase/realtime-js@2.103.3 want: ^8.18.1
133 silly placeDep ROOT ws@8.20.0 OK for: @supabase/realtime-js@2.103.3 want: ^8.18.2
134 silly placeDep ROOT iceberg-js@0.8.1 OK for: @supabase/storage-js@2.103.3 want: ^0.8.1
135 silly placeDep ROOT motion-dom@12.38.0 OK for: framer-motion@12.38.0 want: ^12.38.0
136 silly placeDep ROOT motion-utils@12.36.0 OK for: framer-motion@12.38.0 want: ^12.36.0
137 silly reify moves {}
138 silly audit bulk request {
138 silly audit   '@babel/code-frame': [ '7.29.0' ],
138 silly audit   '@babel/compat-data': [ '7.29.0' ],
138 silly audit   '@babel/core': [ '7.29.0' ],
138 silly audit   '@babel/generator': [ '7.29.1' ],
138 silly audit   '@babel/helper-compilation-targets': [ '7.28.6' ],
138 silly audit   '@babel/helper-globals': [ '7.28.0' ],
138 silly audit   '@babel/helper-module-imports': [ '7.28.6' ],
138 silly audit   '@babel/helper-module-transforms': [ '7.28.6' ],
138 silly audit   '@babel/helper-string-parser': [ '7.27.1' ],
138 silly audit   '@babel/helper-validator-identifier': [ '7.28.5' ],
138 silly audit   '@babel/helper-validator-option': [ '7.27.1' ],
138 silly audit   '@babel/helpers': [ '7.29.2' ],
138 silly audit   '@babel/parser': [ '7.29.2' ],
138 silly audit   '@babel/template': [ '7.28.6' ],
138 silly audit   '@babel/traverse': [ '7.29.0' ],
138 silly audit   '@babel/types': [ '7.29.0' ],
138 silly audit   '@emnapi/core': [ '1.10.0' ],
138 silly audit   '@emnapi/runtime': [ '1.10.0' ],
138 silly audit   '@emnapi/wasi-threads': [ '1.2.1' ],
138 silly audit   '@eslint-community/eslint-utils': [ '4.9.1' ],
138 silly audit   'eslint-visitor-keys': [ '3.4.3', '5.0.1', '4.2.1' ],
138 silly audit   '@eslint-community/regexpp': [ '4.12.2' ],
138 silly audit   '@eslint/config-array': [ '0.21.2' ],
138 silly audit   '@eslint/config-helpers': [ '0.4.2' ],
138 silly audit   '@eslint/core': [ '0.17.0' ],
138 silly audit   '@eslint/eslintrc': [ '3.3.5' ],
138 silly audit   '@eslint/js': [ '9.39.4' ],
138 silly audit   '@eslint/object-schema': [ '2.1.7' ],
138 silly audit   '@eslint/plugin-kit': [ '0.4.1' ],
138 silly audit   '@humanfs/core': [ '0.19.1' ],
138 silly audit   '@humanfs/node': [ '0.16.7' ],
138 silly audit   '@humanwhocodes/module-importer': [ '1.0.1' ],
138 silly audit   '@humanwhocodes/retry': [ '0.4.3' ],
138 silly audit   '@img/colour': [ '1.1.0' ],
138 silly audit   '@img/sharp-darwin-arm64': [ '0.34.5' ],
138 silly audit   '@img/sharp-darwin-x64': [ '0.34.5' ],
138 silly audit   '@img/sharp-libvips-darwin-arm64': [ '1.2.4' ],
138 silly audit   '@img/sharp-libvips-darwin-x64': [ '1.2.4' ],
138 silly audit   '@img/sharp-libvips-linux-arm': [ '1.2.4' ],
138 silly audit   '@img/sharp-libvips-linux-arm64': [ '1.2.4' ],
138 silly audit   '@img/sharp-libvips-linux-ppc64': [ '1.2.4' ],
138 silly audit   '@img/sharp-libvips-linux-riscv64': [ '1.2.4' ],
138 silly audit   '@img/sharp-libvips-linux-s390x': [ '1.2.4' ],
138 silly audit   '@img/sharp-libvips-linux-x64': [ '1.2.4' ],
138 silly audit   '@img/sharp-libvips-linuxmusl-arm64': [ '1.2.4' ],
138 silly audit   '@img/sharp-libvips-linuxmusl-x64': [ '1.2.4' ],
138 silly audit   '@img/sharp-linux-arm': [ '0.34.5' ],
138 silly audit   '@img/sharp-linux-arm64': [ '0.34.5' ],
138 silly audit   '@img/sharp-linux-ppc64': [ '0.34.5' ],
138 silly audit   '@img/sharp-linux-riscv64': [ '0.34.5' ],
138 silly audit   '@img/sharp-linux-s390x': [ '0.34.5' ],
138 silly audit   '@img/sharp-linux-x64': [ '0.34.5' ],
138 silly audit   '@img/sharp-linuxmusl-arm64': [ '0.34.5' ],
138 silly audit   '@img/sharp-linuxmusl-x64': [ '0.34.5' ],
138 silly audit   '@img/sharp-wasm32': [ '0.34.5' ],
138 silly audit   '@img/sharp-win32-arm64': [ '0.34.5' ],
138 silly audit   '@img/sharp-win32-ia32': [ '0.34.5' ],
138 silly audit   '@img/sharp-win32-x64': [ '0.34.5' ],
138 silly audit   '@jridgewell/gen-mapping': [ '0.3.13' ],
138 silly audit   '@jridgewell/remapping': [ '2.3.5' ],
138 silly audit   '@jridgewell/resolve-uri': [ '3.1.2' ],
138 silly audit   '@jridgewell/sourcemap-codec': [ '1.5.5' ],
138 silly audit   '@jridgewell/trace-mapping': [ '0.3.31' ],
138 silly audit   '@napi-rs/wasm-runtime': [ '0.2.12' ],
138 silly audit   '@next/env': [ '16.2.4' ],
138 silly audit   '@next/eslint-plugin-next': [ '16.2.4' ],
138 silly audit   '@next/swc-darwin-arm64': [ '16.2.4' ],
138 silly audit   '@next/swc-darwin-x64': [ '16.2.4' ],
138 silly audit   '@next/swc-linux-arm64-gnu': [ '16.2.4' ],
138 silly audit   '@next/swc-linux-arm64-musl': [ '16.2.4' ],
138 silly audit   '@next/swc-linux-x64-gnu': [ '16.2.4' ],
138 silly audit   '@next/swc-linux-x64-musl': [ '16.2.4' ],
138 silly audit   '@next/swc-win32-arm64-msvc': [ '16.2.4' ],
138 silly audit   '@next/swc-win32-x64-msvc': [ '16.2.4' ],
138 silly audit   '@nodelib/fs.scandir': [ '2.1.5' ],
138 silly audit   '@nodelib/fs.stat': [ '2.0.5' ],
138 silly audit   '@nodelib/fs.walk': [ '1.2.8' ],
138 silly audit   '@nolyfill/is-core-module': [ '1.0.39' ],
138 silly audit   '@rtsao/scc': [ '1.1.0' ],
138 silly audit   '@swc/helpers': [ '0.5.15' ],
138 silly audit   '@tybys/wasm-util': [ '0.10.1' ],
138 silly audit   '@types/estree': [ '1.0.8' ],
138 silly audit   '@types/json-schema': [ '7.0.15' ],
138 silly audit   '@types/json5': [ '0.0.29' ],
138 silly audit   '@types/node': [ '20.19.39' ],
138 silly audit   '@types/react': [ '19.2.14' ],
138 silly audit   '@types/react-dom': [ '19.2.3' ],
138 silly audit   '@typescript-eslint/eslint-plugin': [ '8.58.2' ],
138 silly audit   ignore: [ '7.0.5', '5.3.2' ],
138 silly audit   '@typescript-eslint/parser': [ '8.58.2' ],
138 silly audit   '@typescript-eslint/project-service': [ '8.58.2' ],
138 silly audit   '@typescript-eslint/scope-manager': [ '8.58.2' ],
138 silly audit   '@typescript-eslint/tsconfig-utils': [ '8.58.2' ],
138 silly audit   '@typescript-eslint/type-utils': [ '8.58.2' ],
138 silly audit   '@typescript-eslint/types': [ '8.58.2' ],
138 silly audit   '@typescript-eslint/typescript-estree': [ '8.58.2' ],
138 silly audit   'balanced-match': [ '4.0.4', '1.0.2' ],
138 silly audit   'brace-expansion': [ '5.0.5', '1.1.14' ],
138 silly audit   minimatch: [ '10.2.5', '3.1.5' ],
138 silly audit   semver: [ '7.7.4', '6.3.1' ],
138 silly audit   '@typescript-eslint/utils': [ '8.58.2' ],
138 silly audit   '@typescript-eslint/visitor-keys': [ '8.58.2' ],
138 silly audit   '@unrs/resolver-binding-android-arm-eabi': [ '1.11.1' ],
138 silly audit   '@unrs/resolver-binding-android-arm64': [ '1.11.1' ],
138 silly audit   '@unrs/resolver-binding-darwin-arm64': [ '1.11.1' ],
138 silly audit   '@unrs/resolver-binding-darwin-x64': [ '1.11.1' ],
138 silly audit   '@unrs/resolver-binding-freebsd-x64': [ '1.11.1' ],
138 silly audit   '@unrs/resolver-binding-linux-arm-gnueabihf': [ '1.11.1' ],
138 silly audit   '@unrs/resolver-binding-linux-arm-musleabihf': [ '1.11.1' ],
138 silly audit   '@unrs/resolver-binding-linux-arm64-gnu': [ '1.11.1' ],
138 silly audit   '@unrs/resolver-binding-linux-arm64-musl': [ '1.11.1' ],
138 silly audit   '@unrs/resolver-binding-linux-ppc64-gnu': [ '1.11.1' ],
138 silly audit   '@unrs/resolver-binding-linux-riscv64-gnu': [ '1.11.1' ],
138 silly audit   '@unrs/resolver-binding-linux-riscv64-musl': [ '1.11.1' ],
138 silly audit   '@unrs/resolver-binding-linux-s390x-gnu': [ '1.11.1' ],
138 silly audit   '@unrs/resolver-binding-linux-x64-gnu': [ '1.11.1' ],
138 silly audit   '@unrs/resolver-binding-linux-x64-musl': [ '1.11.1' ],
138 silly audit   '@unrs/resolver-binding-wasm32-wasi': [ '1.11.1' ],
138 silly audit   '@unrs/resolver-binding-win32-arm64-msvc': [ '1.11.1' ],
138 silly audit   '@unrs/resolver-binding-win32-ia32-msvc': [ '1.11.1' ],
138 silly audit   '@unrs/resolver-binding-win32-x64-msvc': [ '1.11.1' ],
138 silly audit   acorn: [ '8.16.0' ],
138 silly audit   'acorn-jsx': [ '5.3.2' ],
138 silly audit   ajv: [ '6.14.0' ],
138 silly audit   'ansi-styles': [ '4.3.0' ],
138 silly audit   argparse: [ '2.0.1' ],
138 silly audit   'aria-query': [ '5.3.2' ],
138 silly audit   'array-buffer-byte-length': [ '1.0.2' ],
138 silly audit   'array-includes': [ '3.1.9' ],
138 silly audit   'array.prototype.findlast': [ '1.2.5' ],
138 silly audit   'array.prototype.findlastindex': [ '1.2.6' ],
138 silly audit   'array.prototype.flat': [ '1.3.3' ],
138 silly audit   'array.prototype.flatmap': [ '1.3.3' ],
138 silly audit   'array.prototype.tosorted': [ '1.1.4' ],
138 silly audit   'arraybuffer.prototype.slice': [ '1.0.4' ],
138 silly audit   'ast-types-flow': [ '0.0.8' ],
138 silly audit   'async-function': [ '1.0.0' ],
138 silly audit   'available-typed-arrays': [ '1.0.7' ],
138 silly audit   'axe-core': [ '4.11.3' ],
138 silly audit   'axobject-query': [ '4.1.0' ],
138 silly audit   'baseline-browser-mapping': [ '2.10.19' ],
138 silly audit   braces: [ '3.0.3' ],
138 silly audit   browserslist: [ '4.28.2' ],
138 silly audit   'call-bind': [ '1.0.9' ],
138 silly audit   'call-bind-apply-helpers': [ '1.0.2' ],
138 silly audit   'call-bound': [ '1.0.4' ],
138 silly audit   callsites: [ '3.1.0' ],
138 silly audit   'caniuse-lite': [ '1.0.30001788' ],
138 silly audit   chalk: [ '4.1.2' ],
138 silly audit   'client-only': [ '0.0.1' ],
138 silly audit   'color-convert': [ '2.0.1' ],
138 silly audit   'color-name': [ '1.1.4' ],
138 silly audit   'concat-map': [ '0.0.1' ],
138 silly audit   'convert-source-map': [ '2.0.0' ],
138 silly audit   'cross-spawn': [ '7.0.6' ],
138 silly audit   csstype: [ '3.2.3' ],
138 silly audit   'damerau-levenshtein': [ '1.0.8' ],
138 silly audit   'data-view-buffer': [ '1.0.2' ],
138 silly audit   'data-view-byte-length': [ '1.0.2' ],
138 silly audit   'data-view-byte-offset': [ '1.0.1' ],
138 silly audit   debug: [ '4.4.3', '3.2.7' ],
138 silly audit   'deep-is': [ '0.1.4' ],
138 silly audit   'define-data-property': [ '1.1.4' ],
138 silly audit   'define-properties': [ '1.2.1' ],
138 silly audit   'detect-libc': [ '2.1.2' ],
138 silly audit   doctrine: [ '2.1.0' ],
138 silly audit   'dunder-proto': [ '1.0.1' ],
138 silly audit   'electron-to-chromium': [ '1.5.340' ],
138 silly audit   'emoji-regex': [ '9.2.2' ],
138 silly audit   'es-abstract': [ '1.24.2' ],
138 silly audit   'es-define-property': [ '1.0.1' ],
138 silly audit   'es-errors': [ '1.3.0' ],
138 silly audit   'es-iterator-helpers': [ '1.3.2' ],
138 silly audit   'es-object-atoms': [ '1.1.1' ],
138 silly audit   'es-set-tostringtag': [ '2.1.0' ],
138 silly audit   'es-shim-unscopables': [ '1.1.0' ],
138 silly audit   'es-to-primitive': [ '1.3.0' ],
138 silly audit   escalade: [ '3.2.0' ],
138 silly audit   'escape-string-regexp': [ '4.0.0' ],
138 silly audit   eslint: [ '9.39.4' ],
138 silly audit   'eslint-config-next': [ '16.2.4' ],
138 silly audit   globals: [ '16.4.0', '14.0.0' ],
138 silly audit   'eslint-import-resolver-node': [ '0.3.10' ],
138 silly audit   'eslint-import-resolver-typescript': [ '3.10.1' ],
138 silly audit   'eslint-module-utils': [ '2.12.1' ],
138 silly audit   'eslint-plugin-import': [ '2.32.0' ],
138 silly audit   'eslint-plugin-jsx-a11y': [ '6.10.2' ],
138 silly audit   'eslint-plugin-react': [ '7.37.5' ],
138 silly audit   'eslint-plugin-react-hooks': [ '7.1.1' ],
138 silly audit   'eslint-scope': [ '8.4.0' ],
138 silly audit   espree: [ '10.4.0' ],
138 silly audit   esquery: [ '1.7.0' ],
138 silly audit   esrecurse: [ '4.3.0' ],
138 silly audit   estraverse: [ '5.3.0' ],
138 silly audit   esutils: [ '2.0.3' ],
138 silly audit   'fast-deep-equal': [ '3.1.3' ],
138 silly audit   'fast-glob': [ '3.3.1' ],
138 silly audit   'glob-parent': [ '5.1.2', '6.0.2' ],
138 silly audit   'fast-json-stable-stringify': [ '2.1.0' ],
138 silly audit   'fast-levenshtein': [ '2.0.6' ],
138 silly audit   fastq: [ '1.20.1' ],
138 silly audit   'file-entry-cache': [ '8.0.0' ],
138 silly audit   'fill-range': [ '7.1.1' ],
138 silly audit   'find-up': [ '5.0.0' ],
138 silly audit   'flat-cache': [ '4.0.1' ],
138 silly audit   flatted: [ '3.4.2' ],
138 silly audit   'for-each': [ '0.3.5' ],
138 silly audit   'function-bind': [ '1.1.2' ],
138 silly audit   'function.prototype.name': [ '1.1.8' ],
138 silly audit   'functions-have-names': [ '1.2.3' ],
138 silly audit   'generator-function': [ '2.0.1' ],
138 silly audit   gensync: [ '1.0.0-beta.2' ],
138 silly audit   'get-intrinsic': [ '1.3.0' ],
138 silly audit   'get-proto': [ '1.0.1' ],
138 silly audit   'get-symbol-description': [ '1.1.0' ],
138 silly audit   'get-tsconfig': [ '4.14.0' ],
138 silly audit   globalthis: [ '1.0.4' ],
138 silly audit   gopd: [ '1.2.0' ],
138 silly audit   'has-bigints': [ '1.1.0' ],
138 silly audit   'has-flag': [ '4.0.0' ],
138 silly audit   'has-property-descriptors': [ '1.0.2' ],
138 silly audit   'has-proto': [ '1.2.0' ],
138 silly audit   'has-symbols': [ '1.1.0' ],
138 silly audit   'has-tostringtag': [ '1.0.2' ],
138 silly audit   hasown: [ '2.0.2' ],
138 silly audit   'hermes-estree': [ '0.25.1' ],
138 silly audit   'hermes-parser': [ '0.25.1' ],
138 silly audit   'import-fresh': [ '3.3.1' ],
138 silly audit   imurmurhash: [ '0.1.4' ],
138 silly audit   'internal-slot': [ '1.1.0' ],
138 silly audit   'is-array-buffer': [ '3.0.5' ],
138 silly audit   'is-async-function': [ '2.1.1' ],
138 silly audit   'is-bigint': [ '1.1.0' ],
138 silly audit   'is-boolean-object': [ '1.2.2' ],
138 silly audit   'is-bun-module': [ '2.0.0' ],
138 silly audit   'is-callable': [ '1.2.7' ],
138 silly audit   'is-core-module': [ '2.16.1' ],
138 silly audit   'is-data-view': [ '1.0.2' ],
138 silly audit   'is-date-object': [ '1.1.0' ],
138 silly audit   'is-extglob': [ '2.1.1' ],
138 silly audit   'is-finalizationregistry': [ '1.1.1' ],
138 silly audit   'is-generator-function': [ '1.1.2' ],
138 silly audit   'is-glob': [ '4.0.3' ],
138 silly audit   'is-map': [ '2.0.3' ],
138 silly audit   'is-negative-zero': [ '2.0.3' ],
138 silly audit   'is-number': [ '7.0.0' ],
138 silly audit   'is-number-object': [ '1.1.1' ],
138 silly audit   'is-regex': [ '1.2.1' ],
138 silly audit   'is-set': [ '2.0.3' ],
138 silly audit   'is-shared-array-buffer': [ '1.0.4' ],
138 silly audit   'is-string': [ '1.1.1' ],
138 silly audit   'is-symbol': [ '1.1.1' ],
138 silly audit   'is-typed-array': [ '1.1.15' ],
138 silly audit   'is-weakmap': [ '2.0.2' ],
138 silly audit   'is-weakref': [ '1.1.1' ],
138 silly audit   'is-weakset': [ '2.0.4' ],
138 silly audit   isarray: [ '2.0.5' ],
138 silly audit   isexe: [ '2.0.0' ],
138 silly audit   'iterator.prototype': [ '1.1.5' ],
138 silly audit   'js-tokens': [ '4.0.0' ],
138 silly audit   'js-yaml': [ '4.1.1' ],
138 silly audit   jsesc: [ '3.1.0' ],
138 silly audit   'json-buffer': [ '3.0.1' ],
138 silly audit   'json-schema-traverse': [ '0.4.1' ],
138 silly audit   'json-stable-stringify-without-jsonify': [ '1.0.1' ],
138 silly audit   json5: [ '2.2.3', '1.0.2' ],
138 silly audit   'jsx-ast-utils': [ '3.3.5' ],
138 silly audit   keyv: [ '4.5.4' ],
138 silly audit   'language-subtag-registry': [ '0.3.23' ],
138 silly audit   'language-tags': [ '1.0.9' ],
138 silly audit   levn: [ '0.4.1' ],
138 silly audit   'locate-path': [ '6.0.0' ],
138 silly audit   'lodash.merge': [ '4.6.2' ],
138 silly audit   'loose-envify': [ '1.4.0' ],
138 silly audit   'lru-cache': [ '5.1.1' ],
138 silly audit   'math-intrinsics': [ '1.1.0' ],
138 silly audit   merge2: [ '1.4.1' ],
138 silly audit   micromatch: [ '4.0.8' ],
138 silly audit   minimist: [ '1.2.8' ],
138 silly audit   ms: [ '2.1.3' ],
138 silly audit   nanoid: [ '3.3.11' ],
138 silly audit   'napi-postinstall': [ '0.3.4' ],
138 silly audit   'natural-compare': [ '1.4.0' ],
138 silly audit   next: [ '16.2.4' ],
138 silly audit   'node-exports-info': [ '1.6.0' ],
138 silly audit   'node-releases': [ '2.0.37' ],
138 silly audit   'object-assign': [ '4.1.1' ],
138 silly audit   'object-inspect': [ '1.13.4' ],
138 silly audit   'object-keys': [ '1.1.1' ],
138 silly audit   'object.assign': [ '4.1.7' ],
138 silly audit   'object.entries': [ '1.1.9' ],
138 silly audit   'object.fromentries': [ '2.0.8' ],
138 silly audit   'object.groupby': [ '1.0.3' ],
138 silly audit   'object.values': [ '1.2.1' ],
138 silly audit   optionator: [ '0.9.4' ],
138 silly audit   'own-keys': [ '1.0.1' ],
138 silly audit   'p-limit': [ '3.1.0' ],
138 silly audit   'p-locate': [ '5.0.0' ],
138 silly audit   'parent-module': [ '1.0.1' ],
138 silly audit   'path-exists': [ '4.0.0' ],
138 silly audit   'path-key': [ '3.1.1' ],
138 silly audit   'path-parse': [ '1.0.7' ],
138 silly audit   picocolors: [ '1.1.1' ],
138 silly audit   picomatch: [ '2.3.2', '4.0.4' ],
138 silly audit   'possible-typed-array-names': [ '1.1.0' ],
138 silly audit   postcss: [ '8.4.31' ],
138 silly audit   'prelude-ls': [ '1.2.1' ],
138 silly audit   'prop-types': [ '15.8.1' ],
138 silly audit   punycode: [ '2.3.1' ],
138 silly audit   'queue-microtask': [ '1.2.3' ],
138 silly audit   react: [ '19.2.4' ],
138 silly audit   'react-dom': [ '19.2.4' ],
138 silly audit   'react-is': [ '16.13.1' ],
138 silly audit   'reflect.getprototypeof': [ '1.0.10' ],
138 silly audit   'regexp.prototype.flags': [ '1.5.4' ],
138 silly audit   resolve: [ '2.0.0-next.6' ],
138 silly audit   'resolve-from': [ '4.0.0' ],
138 silly audit   'resolve-pkg-maps': [ '1.0.0' ],
138 silly audit   reusify: [ '1.1.0' ],
138 silly audit   'run-parallel': [ '1.2.0' ],
138 silly audit   'safe-array-concat': [ '1.1.3' ],
138 silly audit   'safe-push-apply': [ '1.0.0' ],
138 silly audit   'safe-regex-test': [ '1.1.0' ],
138 silly audit   scheduler: [ '0.27.0' ],
138 silly audit   'set-function-length': [ '1.2.2' ],
138 silly audit   'set-function-name': [ '2.0.2' ],
138 silly audit   'set-proto': [ '1.0.0' ],
138 silly audit   sharp: [ '0.34.5' ],
138 silly audit   'shebang-command': [ '2.0.0' ],
138 silly audit   'shebang-regex': [ '3.0.0' ],
138 silly audit   'side-channel': [ '1.1.0' ],
138 silly audit   'side-channel-list': [ '1.0.1' ],
138 silly audit   'side-channel-map': [ '1.0.1' ],
138 silly audit   'side-channel-weakmap': [ '1.0.2' ],
138 silly audit   'source-map-js': [ '1.2.1' ],
138 silly audit   'stable-hash': [ '0.0.5' ],
138 silly audit   'stop-iteration-iterator': [ '1.1.0' ],
138 silly audit   'string.prototype.includes': [ '2.0.1' ],
138 silly audit   'string.prototype.matchall': [ '4.0.12' ],
138 silly audit   'string.prototype.repeat': [ '1.0.0' ],
138 silly audit   'string.prototype.trim': [ '1.2.10' ],
138 silly audit   'string.prototype.trimend': [ '1.0.9' ],
138 silly audit   'string.prototype.trimstart': [ '1.0.8' ],
138 silly audit   'strip-bom': [ '3.0.0' ],
138 silly audit   'strip-json-comments': [ '3.1.1' ],
138 silly audit   'styled-jsx': [ '5.1.6' ],
138 silly audit   'supports-color': [ '7.2.0' ],
138 silly audit   'supports-preserve-symlinks-flag': [ '1.0.0' ],
138 silly audit   tinyglobby: [ '0.2.16' ],
138 silly audit   fdir: [ '6.5.0' ],
138 silly audit   'to-regex-range': [ '5.0.1' ],
138 silly audit   'ts-api-utils': [ '2.5.0' ],
138 silly audit   'tsconfig-paths': [ '3.15.0' ],
138 silly audit   tslib: [ '2.8.1' ],
138 silly audit   'type-check': [ '0.4.0' ],
138 silly audit   'typed-array-buffer': [ '1.0.3' ],
138 silly audit   'typed-array-byte-length': [ '1.0.3' ],
138 silly audit   'typed-array-byte-offset': [ '1.0.4' ],
138 silly audit   'typed-array-length': [ '1.0.7' ],
138 silly audit   typescript: [ '5.9.3' ],
138 silly audit   'typescript-eslint': [ '8.58.2' ],
138 silly audit   'unbox-primitive': [ '1.1.0' ],
138 silly audit   'undici-types': [ '6.21.0' ],
138 silly audit   'unrs-resolver': [ '1.11.1' ],
138 silly audit   'update-browserslist-db': [ '1.2.3' ],
138 silly audit   'uri-js': [ '4.4.1' ],
138 silly audit   which: [ '2.0.2' ],
138 silly audit   'which-boxed-primitive': [ '1.1.1' ],
138 silly audit   'which-builtin-type': [ '1.2.1' ],
138 silly audit   'which-collection': [ '1.0.2' ],
138 silly audit   'which-typed-array': [ '1.1.20' ],
138 silly audit   'word-wrap': [ '1.2.5' ],
138 silly audit   yallist: [ '3.1.1' ],
138 silly audit   'yocto-queue': [ '0.1.0' ],
138 silly audit   zod: [ '4.3.6' ],
138 silly audit   'zod-validation-error': [ '4.0.2' ],
138 silly audit   '@supabase/auth-helpers-nextjs': [ '0.15.0' ],
138 silly audit   '@supabase/supabase-js': [ '2.103.3' ],
138 silly audit   'framer-motion': [ '12.38.0' ],
138 silly audit   'lucide-react': [ '1.8.0' ],
138 silly audit   cookie: [ '1.1.1' ],
138 silly audit   '@supabase/auth-js': [ '2.103.3' ],
138 silly audit   '@supabase/functions-js': [ '2.103.3' ],
138 silly audit   '@supabase/postgrest-js': [ '2.103.3' ],
138 silly audit   '@supabase/realtime-js': [ '2.103.3' ],
138 silly audit   '@supabase/storage-js': [ '2.103.3' ],
138 silly audit   '@supabase/phoenix': [ '0.4.0' ],
138 silly audit   '@types/ws': [ '8.18.1' ],
138 silly audit   ws: [ '8.20.0' ],
138 silly audit   'iceberg-js': [ '0.8.1' ],
138 silly audit   'motion-dom': [ '12.38.0' ],
138 silly audit   'motion-utils': [ '12.36.0' ]
138 silly audit }
139 verbose reify failed optional dependency /Users/gabrielpereira/Desktop/Projetos/Nexus/marshall-tds/recibos-marshall/node_modules/@unrs/resolver-binding-win32-x64-msvc
140 silly reify mark deleted [
140 silly reify   '/Users/gabrielpereira/Desktop/Projetos/Nexus/marshall-tds/recibos-marshall/node_modules/@unrs/resolver-binding-win32-x64-msvc'
140 silly reify ]
141 verbose reify failed optional dependency /Users/gabrielpereira/Desktop/Projetos/Nexus/marshall-tds/recibos-marshall/node_modules/@unrs/resolver-binding-win32-ia32-msvc
142 silly reify mark deleted [
142 silly reify   '/Users/gabrielpereira/Desktop/Projetos/Nexus/marshall-tds/recibos-marshall/node_modules/@unrs/resolver-binding-win32-ia32-msvc'
142 silly reify ]
143 verbose reify failed optional dependency /Users/gabrielpereira/Desktop/Projetos/Nexus/marshall-tds/recibos-marshall/node_modules/@unrs/resolver-binding-win32-arm64-msvc
144 silly reify mark deleted [
144 silly reify   '/Users/gabrielpereira/Desktop/Projetos/Nexus/marshall-tds/recibos-marshall/node_modules/@unrs/resolver-binding-win32-arm64-msvc'
144 silly reify ]
145 verbose reify failed optional dependency /Users/gabrielpereira/Desktop/Projetos/Nexus/marshall-tds/recibos-marshall/node_modules/@unrs/resolver-binding-wasm32-wasi
146 silly reify mark deleted [
146 silly reify   '/Users/gabrielpereira/Desktop/Projetos/Nexus/marshall-tds/recibos-marshall/node_modules/@unrs/resolver-binding-wasm32-wasi'
146 silly reify ]
147 verbose reify failed optional dependency /Users/gabrielpereira/Desktop/Projetos/Nexus/marshall-tds/recibos-marshall/node_modules/@napi-rs/wasm-runtime
148 silly reify mark deleted [
148 silly reify   '/Users/gabrielpereira/Desktop/Projetos/Nexus/marshall-tds/recibos-marshall/node_modules/@napi-rs/wasm-runtime'
148 silly reify ]
149 verbose reify failed optional dependency /Users/gabrielpereira/Desktop/Projetos/Nexus/marshall-tds/recibos-marshall/node_modules/@emnapi/core
150 silly reify mark deleted [
150 silly reify   '/Users/gabrielpereira/Desktop/Projetos/Nexus/marshall-tds/recibos-marshall/node_modules/@emnapi/core'
150 silly reify ]
151 verbose reify failed optional dependency /Users/gabrielpereira/Desktop/Projetos/Nexus/marshall-tds/recibos-marshall/node_modules/@tybys/wasm-util
152 silly reify mark deleted [
152 silly reify   '/Users/gabrielpereira/Desktop/Projetos/Nexus/marshall-tds/recibos-marshall/node_modules/@tybys/wasm-util'
152 silly reify ]
153 verbose reify failed optional dependency /Users/gabrielpereira/Desktop/Projetos/Nexus/marshall-tds/recibos-marshall/node_modules/@emnapi/wasi-threads
154 silly reify mark deleted [
154 silly reify   '/Users/gabrielpereira/Desktop/Projetos/Nexus/marshall-tds/recibos-marshall/node_modules/@emnapi/wasi-threads'
154 silly reify ]
155 verbose reify failed optional dependency /Users/gabrielpereira/Desktop/Projetos/Nexus/marshall-tds/recibos-marshall/node_modules/@unrs/resolver-binding-linux-x64-musl
156 silly reify mark deleted [
156 silly reify   '/Users/gabrielpereira/Desktop/Projetos/Nexus/marshall-tds/recibos-marshall/node_modules/@unrs/resolver-binding-linux-x64-musl'
156 silly reify ]
157 verbose reify failed optional dependency /Users/gabrielpereira/Desktop/Projetos/Nexus/marshall-tds/recibos-marshall/node_modules/@unrs/resolver-binding-linux-x64-gnu
158 silly reify mark deleted [
158 silly reify   '/Users/gabrielpereira/Desktop/Projetos/Nexus/marshall-tds/recibos-marshall/node_modules/@unrs/resolver-binding-linux-x64-gnu'
158 silly reify ]
159 verbose reify failed optional dependency /Users/gabrielpereira/Desktop/Projetos/Nexus/marshall-tds/recibos-marshall/node_modules/@unrs/resolver-binding-linux-s390x-gnu
160 silly reify mark deleted [
160 silly reify   '/Users/gabrielpereira/Desktop/Projetos/Nexus/marshall-tds/recibos-marshall/node_modules/@unrs/resolver-binding-linux-s390x-gnu'
160 silly reify ]
161 verbose reify failed optional dependency /Users/gabrielpereira/Desktop/Projetos/Nexus/marshall-tds/recibos-marshall/node_modules/@unrs/resolver-binding-linux-riscv64-musl
162 silly reify mark deleted [
162 silly reify   '/Users/gabrielpereira/Desktop/Projetos/Nexus/marshall-tds/recibos-marshall/node_modules/@unrs/resolver-binding-linux-riscv64-musl'
162 silly reify ]
163 verbose reify failed optional dependency /Users/gabrielpereira/Desktop/Projetos/Nexus/marshall-tds/recibos-marshall/node_modules/@unrs/resolver-binding-linux-riscv64-gnu
164 silly reify mark deleted [
164 silly reify   '/Users/gabrielpereira/Desktop/Projetos/Nexus/marshall-tds/recibos-marshall/node_modules/@unrs/resolver-binding-linux-riscv64-gnu'
164 silly reify ]
165 verbose reify failed optional dependency /Users/gabrielpereira/Desktop/Projetos/Nexus/marshall-tds/recibos-marshall/node_modules/@unrs/resolver-binding-linux-ppc64-gnu
166 silly reify mark deleted [
166 silly reify   '/Users/gabrielpereira/Desktop/Projetos/Nexus/marshall-tds/recibos-marshall/node_modules/@unrs/resolver-binding-linux-ppc64-gnu'
166 silly reify ]
167 verbose reify failed optional dependency /Users/gabrielpereira/Desktop/Projetos/Nexus/marshall-tds/recibos-marshall/node_modules/@unrs/resolver-binding-linux-arm64-musl
168 silly reify mark deleted [
168 silly reify   '/Users/gabrielpereira/Desktop/Projetos/Nexus/marshall-tds/recibos-marshall/node_modules/@unrs/resolver-binding-linux-arm64-musl'
168 silly reify ]
169 verbose reify failed optional dependency /Users/gabrielpereira/Desktop/Projetos/Nexus/marshall-tds/recibos-marshall/node_modules/@unrs/resolver-binding-linux-arm64-gnu
170 silly reify mark deleted [
170 silly reify   '/Users/gabrielpereira/Desktop/Projetos/Nexus/marshall-tds/recibos-marshall/node_modules/@unrs/resolver-binding-linux-arm64-gnu'
170 silly reify ]
171 verbose reify failed optional dependency /Users/gabrielpereira/Desktop/Projetos/Nexus/marshall-tds/recibos-marshall/node_modules/@unrs/resolver-binding-linux-arm-musleabihf
172 silly reify mark deleted [
172 silly reify   '/Users/gabrielpereira/Desktop/Projetos/Nexus/marshall-tds/recibos-marshall/node_modules/@unrs/resolver-binding-linux-arm-musleabihf'
172 silly reify ]
173 verbose reify failed optional dependency /Users/gabrielpereira/Desktop/Projetos/Nexus/marshall-tds/recibos-marshall/node_modules/@unrs/resolver-binding-linux-arm-gnueabihf
174 silly reify mark deleted [
174 silly reify   '/Users/gabrielpereira/Desktop/Projetos/Nexus/marshall-tds/recibos-marshall/node_modules/@unrs/resolver-binding-linux-arm-gnueabihf'
174 silly reify ]
175 verbose reify failed optional dependency /Users/gabrielpereira/Desktop/Projetos/Nexus/marshall-tds/recibos-marshall/node_modules/@unrs/resolver-binding-freebsd-x64
176 silly reify mark deleted [
176 silly reify   '/Users/gabrielpereira/Desktop/Projetos/Nexus/marshall-tds/recibos-marshall/node_modules/@unrs/resolver-binding-freebsd-x64'
176 silly reify ]
177 verbose reify failed optional dependency /Users/gabrielpereira/Desktop/Projetos/Nexus/marshall-tds/recibos-marshall/node_modules/@unrs/resolver-binding-darwin-x64
178 silly reify mark deleted [
178 silly reify   '/Users/gabrielpereira/Desktop/Projetos/Nexus/marshall-tds/recibos-marshall/node_modules/@unrs/resolver-binding-darwin-x64'
178 silly reify ]
179 verbose reify failed optional dependency /Users/gabrielpereira/Desktop/Projetos/Nexus/marshall-tds/recibos-marshall/node_modules/@unrs/resolver-binding-android-arm64
180 silly reify mark deleted [
180 silly reify   '/Users/gabrielpereira/Desktop/Projetos/Nexus/marshall-tds/recibos-marshall/node_modules/@unrs/resolver-binding-android-arm64'
180 silly reify ]
181 verbose reify failed optional dependency /Users/gabrielpereira/Desktop/Projetos/Nexus/marshall-tds/recibos-marshall/node_modules/@unrs/resolver-binding-android-arm-eabi
182 silly reify mark deleted [
182 silly reify   '/Users/gabrielpereira/Desktop/Projetos/Nexus/marshall-tds/recibos-marshall/node_modules/@unrs/resolver-binding-android-arm-eabi'
182 silly reify ]
183 verbose reify failed optional dependency /Users/gabrielpereira/Desktop/Projetos/Nexus/marshall-tds/recibos-marshall/node_modules/@next/swc-win32-x64-msvc
184 silly reify mark deleted [
184 silly reify   '/Users/gabrielpereira/Desktop/Projetos/Nexus/marshall-tds/recibos-marshall/node_modules/@next/swc-win32-x64-msvc'
184 silly reify ]
185 verbose reify failed optional dependency /Users/gabrielpereira/Desktop/Projetos/Nexus/marshall-tds/recibos-marshall/node_modules/@next/swc-win32-arm64-msvc
186 silly reify mark deleted [
186 silly reify   '/Users/gabrielpereira/Desktop/Projetos/Nexus/marshall-tds/recibos-marshall/node_modules/@next/swc-win32-arm64-msvc'
186 silly reify ]
187 verbose reify failed optional dependency /Users/gabrielpereira/Desktop/Projetos/Nexus/marshall-tds/recibos-marshall/node_modules/@next/swc-linux-x64-musl
188 silly reify mark deleted [
188 silly reify   '/Users/gabrielpereira/Desktop/Projetos/Nexus/marshall-tds/recibos-marshall/node_modules/@next/swc-linux-x64-musl'
188 silly reify ]
189 verbose reify failed optional dependency /Users/gabrielpereira/Desktop/Projetos/Nexus/marshall-tds/recibos-marshall/node_modules/@next/swc-linux-x64-gnu
190 silly reify mark deleted [
190 silly reify   '/Users/gabrielpereira/Desktop/Projetos/Nexus/marshall-tds/recibos-marshall/node_modules/@next/swc-linux-x64-gnu'
190 silly reify ]
191 verbose reify failed optional dependency /Users/gabrielpereira/Desktop/Projetos/Nexus/marshall-tds/recibos-marshall/node_modules/@next/swc-linux-arm64-musl
192 silly reify mark deleted [
192 silly reify   '/Users/gabrielpereira/Desktop/Projetos/Nexus/marshall-tds/recibos-marshall/node_modules/@next/swc-linux-arm64-musl'
192 silly reify ]
193 verbose reify failed optional dependency /Users/gabrielpereira/Desktop/Projetos/Nexus/marshall-tds/recibos-marshall/node_modules/@next/swc-linux-arm64-gnu
194 silly reify mark deleted [
194 silly reify   '/Users/gabrielpereira/Desktop/Projetos/Nexus/marshall-tds/recibos-marshall/node_modules/@next/swc-linux-arm64-gnu'
194 silly reify ]
195 verbose reify failed optional dependency /Users/gabrielpereira/Desktop/Projetos/Nexus/marshall-tds/recibos-marshall/node_modules/@next/swc-darwin-x64
196 silly reify mark deleted [
196 silly reify   '/Users/gabrielpereira/Desktop/Projetos/Nexus/marshall-tds/recibos-marshall/node_modules/@next/swc-darwin-x64'
196 silly reify ]
197 verbose reify failed optional dependency /Users/gabrielpereira/Desktop/Projetos/Nexus/marshall-tds/recibos-marshall/node_modules/@img/sharp-win32-x64
198 silly reify mark deleted [
198 silly reify   '/Users/gabrielpereira/Desktop/Projetos/Nexus/marshall-tds/recibos-marshall/node_modules/@img/sharp-win32-x64'
198 silly reify ]
199 verbose reify failed optional dependency /Users/gabrielpereira/Desktop/Projetos/Nexus/marshall-tds/recibos-marshall/node_modules/@img/sharp-win32-ia32
200 silly reify mark deleted [
200 silly reify   '/Users/gabrielpereira/Desktop/Projetos/Nexus/marshall-tds/recibos-marshall/node_modules/@img/sharp-win32-ia32'
200 silly reify ]
201 verbose reify failed optional dependency /Users/gabrielpereira/Desktop/Projetos/Nexus/marshall-tds/recibos-marshall/node_modules/@img/sharp-win32-arm64
202 silly reify mark deleted [
202 silly reify   '/Users/gabrielpereira/Desktop/Projetos/Nexus/marshall-tds/recibos-marshall/node_modules/@img/sharp-win32-arm64'
202 silly reify ]
203 verbose reify failed optional dependency /Users/gabrielpereira/Desktop/Projetos/Nexus/marshall-tds/recibos-marshall/node_modules/@img/sharp-wasm32
204 silly reify mark deleted [
204 silly reify   '/Users/gabrielpereira/Desktop/Projetos/Nexus/marshall-tds/recibos-marshall/node_modules/@img/sharp-wasm32'
204 silly reify ]
205 verbose reify failed optional dependency /Users/gabrielpereira/Desktop/Projetos/Nexus/marshall-tds/recibos-marshall/node_modules/@img/sharp-linuxmusl-x64
206 silly reify mark deleted [
206 silly reify   '/Users/gabrielpereira/Desktop/Projetos/Nexus/marshall-tds/recibos-marshall/node_modules/@img/sharp-linuxmusl-x64'
206 silly reify ]
207 verbose reify failed optional dependency /Users/gabrielpereira/Desktop/Projetos/Nexus/marshall-tds/recibos-marshall/node_modules/@img/sharp-linuxmusl-arm64
208 silly reify mark deleted [
208 silly reify   '/Users/gabrielpereira/Desktop/Projetos/Nexus/marshall-tds/recibos-marshall/node_modules/@img/sharp-linuxmusl-arm64'
208 silly reify ]
209 verbose reify failed optional dependency /Users/gabrielpereira/Desktop/Projetos/Nexus/marshall-tds/recibos-marshall/node_modules/@img/sharp-linux-x64
210 silly reify mark deleted [
210 silly reify   '/Users/gabrielpereira/Desktop/Projetos/Nexus/marshall-tds/recibos-marshall/node_modules/@img/sharp-linux-x64'
210 silly reify ]
211 verbose reify failed optional dependency /Users/gabrielpereira/Desktop/Projetos/Nexus/marshall-tds/recibos-marshall/node_modules/@img/sharp-linux-s390x
212 silly reify mark deleted [
212 silly reify   '/Users/gabrielpereira/Desktop/Projetos/Nexus/marshall-tds/recibos-marshall/node_modules/@img/sharp-linux-s390x'
212 silly reify ]
213 verbose reify failed optional dependency /Users/gabrielpereira/Desktop/Projetos/Nexus/marshall-tds/recibos-marshall/node_modules/@img/sharp-linux-riscv64
214 silly reify mark deleted [
214 silly reify   '/Users/gabrielpereira/Desktop/Projetos/Nexus/marshall-tds/recibos-marshall/node_modules/@img/sharp-linux-riscv64'
214 silly reify ]
215 verbose reify failed optional dependency /Users/gabrielpereira/Desktop/Projetos/Nexus/marshall-tds/recibos-marshall/node_modules/@img/sharp-linux-ppc64
216 silly reify mark deleted [
216 silly reify   '/Users/gabrielpereira/Desktop/Projetos/Nexus/marshall-tds/recibos-marshall/node_modules/@img/sharp-linux-ppc64'
216 silly reify ]
217 verbose reify failed optional dependency /Users/gabrielpereira/Desktop/Projetos/Nexus/marshall-tds/recibos-marshall/node_modules/@img/sharp-linux-arm64
218 silly reify mark deleted [
218 silly reify   '/Users/gabrielpereira/Desktop/Projetos/Nexus/marshall-tds/recibos-marshall/node_modules/@img/sharp-linux-arm64'
218 silly reify ]
219 verbose reify failed optional dependency /Users/gabrielpereira/Desktop/Projetos/Nexus/marshall-tds/recibos-marshall/node_modules/@img/sharp-linux-arm
220 silly reify mark deleted [
220 silly reify   '/Users/gabrielpereira/Desktop/Projetos/Nexus/marshall-tds/recibos-marshall/node_modules/@img/sharp-linux-arm'
220 silly reify ]
221 verbose reify failed optional dependency /Users/gabrielpereira/Desktop/Projetos/Nexus/marshall-tds/recibos-marshall/node_modules/@img/sharp-libvips-linuxmusl-x64
222 silly reify mark deleted [
222 silly reify   '/Users/gabrielpereira/Desktop/Projetos/Nexus/marshall-tds/recibos-marshall/node_modules/@img/sharp-libvips-linuxmusl-x64'
222 silly reify ]
223 verbose reify failed optional dependency /Users/gabrielpereira/Desktop/Projetos/Nexus/marshall-tds/recibos-marshall/node_modules/@img/sharp-libvips-linuxmusl-arm64
224 silly reify mark deleted [
224 silly reify   '/Users/gabrielpereira/Desktop/Projetos/Nexus/marshall-tds/recibos-marshall/node_modules/@img/sharp-libvips-linuxmusl-arm64'
224 silly reify ]
225 verbose reify failed optional dependency /Users/gabrielpereira/Desktop/Projetos/Nexus/marshall-tds/recibos-marshall/node_modules/@img/sharp-libvips-linux-x64
226 silly reify mark deleted [
226 silly reify   '/Users/gabrielpereira/Desktop/Projetos/Nexus/marshall-tds/recibos-marshall/node_modules/@img/sharp-libvips-linux-x64'
226 silly reify ]
227 verbose reify failed optional dependency /Users/gabrielpereira/Desktop/Projetos/Nexus/marshall-tds/recibos-marshall/node_modules/@img/sharp-libvips-linux-s390x
228 silly reify mark deleted [
228 silly reify   '/Users/gabrielpereira/Desktop/Projetos/Nexus/marshall-tds/recibos-marshall/node_modules/@img/sharp-libvips-linux-s390x'
228 silly reify ]
229 verbose reify failed optional dependency /Users/gabrielpereira/Desktop/Projetos/Nexus/marshall-tds/recibos-marshall/node_modules/@img/sharp-libvips-linux-riscv64
230 silly reify mark deleted [
230 silly reify   '/Users/gabrielpereira/Desktop/Projetos/Nexus/marshall-tds/recibos-marshall/node_modules/@img/sharp-libvips-linux-riscv64'
230 silly reify ]
231 verbose reify failed optional dependency /Users/gabrielpereira/Desktop/Projetos/Nexus/marshall-tds/recibos-marshall/node_modules/@img/sharp-libvips-linux-ppc64
232 silly reify mark deleted [
232 silly reify   '/Users/gabrielpereira/Desktop/Projetos/Nexus/marshall-tds/recibos-marshall/node_modules/@img/sharp-libvips-linux-ppc64'
232 silly reify ]
233 verbose reify failed optional dependency /Users/gabrielpereira/Desktop/Projetos/Nexus/marshall-tds/recibos-marshall/node_modules/@img/sharp-libvips-linux-arm64
234 silly reify mark deleted [
234 silly reify   '/Users/gabrielpereira/Desktop/Projetos/Nexus/marshall-tds/recibos-marshall/node_modules/@img/sharp-libvips-linux-arm64'
234 silly reify ]
235 verbose reify failed optional dependency /Users/gabrielpereira/Desktop/Projetos/Nexus/marshall-tds/recibos-marshall/node_modules/@img/sharp-libvips-linux-arm
236 silly reify mark deleted [
236 silly reify   '/Users/gabrielpereira/Desktop/Projetos/Nexus/marshall-tds/recibos-marshall/node_modules/@img/sharp-libvips-linux-arm'
236 silly reify ]
237 verbose reify failed optional dependency /Users/gabrielpereira/Desktop/Projetos/Nexus/marshall-tds/recibos-marshall/node_modules/@img/sharp-libvips-darwin-x64
238 silly reify mark deleted [
238 silly reify   '/Users/gabrielpereira/Desktop/Projetos/Nexus/marshall-tds/recibos-marshall/node_modules/@img/sharp-libvips-darwin-x64'
238 silly reify ]
239 verbose reify failed optional dependency /Users/gabrielpereira/Desktop/Projetos/Nexus/marshall-tds/recibos-marshall/node_modules/@img/sharp-darwin-x64
240 silly reify mark deleted [
240 silly reify   '/Users/gabrielpereira/Desktop/Projetos/Nexus/marshall-tds/recibos-marshall/node_modules/@img/sharp-darwin-x64'
240 silly reify ]
241 http cache ws@https://registry.npmjs.org/ws/-/ws-8.20.0.tgz 0ms (cache hit)
242 http cache iceberg-js@https://registry.npmjs.org/iceberg-js/-/iceberg-js-0.8.1.tgz 1ms (cache hit)
243 http cache @types/ws@https://registry.npmjs.org/@types/ws/-/ws-8.18.1.tgz 0ms (cache hit)
244 http cache motion-dom@https://registry.npmjs.org/motion-dom/-/motion-dom-12.38.0.tgz 0ms (cache hit)
245 http cache motion-utils@https://registry.npmjs.org/motion-utils/-/motion-utils-12.36.0.tgz 0ms (cache hit)
246 http cache @supabase/storage-js@https://registry.npmjs.org/@supabase/storage-js/-/storage-js-2.103.3.tgz 0ms (cache hit)
247 http cache @supabase/phoenix@https://registry.npmjs.org/@supabase/phoenix/-/phoenix-0.4.0.tgz 0ms (cache hit)
248 http cache @supabase/realtime-js@https://registry.npmjs.org/@supabase/realtime-js/-/realtime-js-2.103.3.tgz 0ms (cache hit)
249 http cache @supabase/functions-js@https://registry.npmjs.org/@supabase/functions-js/-/functions-js-2.103.3.tgz 0ms (cache hit)
250 http cache @supabase/postgrest-js@https://registry.npmjs.org/@supabase/postgrest-js/-/postgrest-js-2.103.3.tgz 0ms (cache hit)
251 http cache @supabase/auth-js@https://registry.npmjs.org/@supabase/auth-js/-/auth-js-2.103.3.tgz 0ms (cache hit)
252 http cache cookie@https://registry.npmjs.org/cookie/-/cookie-1.1.1.tgz 0ms (cache hit)
253 http cache lucide-react@https://registry.npmjs.org/lucide-react/-/lucide-react-1.8.0.tgz 0ms (cache hit)
254 http cache framer-motion@https://registry.npmjs.org/framer-motion/-/framer-motion-12.38.0.tgz 0ms (cache hit)
255 http cache @supabase/supabase-js@https://registry.npmjs.org/@supabase/supabase-js/-/supabase-js-2.103.3.tgz 0ms (cache hit)
256 http cache @supabase/auth-helpers-nextjs@https://registry.npmjs.org/@supabase/auth-helpers-nextjs/-/auth-helpers-nextjs-0.15.0.tgz 0ms (cache hit)
257 http cache @tybys/wasm-util@https://registry.npmjs.org/@tybys/wasm-util/-/wasm-util-0.10.1.tgz 0ms (cache hit)
258 http cache @emnapi/wasi-threads@https://registry.npmjs.org/@emnapi/wasi-threads/-/wasi-threads-1.2.1.tgz 0ms (cache hit)
259 http cache @napi-rs/wasm-runtime@https://registry.npmjs.org/@napi-rs/wasm-runtime/-/wasm-runtime-0.2.12.tgz 0ms (cache hit)
260 http cache @emnapi/core@https://registry.npmjs.org/@emnapi/core/-/core-1.10.0.tgz 0ms (cache hit)
261 silly tarball no local data for ws@https://registry.npmjs.org/ws/-/ws-8.20.0.tgz. Extracting by manifest.
262 silly tarball no local data for iceberg-js@https://registry.npmjs.org/iceberg-js/-/iceberg-js-0.8.1.tgz. Extracting by manifest.
263 silly tarball no local data for @types/ws@https://registry.npmjs.org/@types/ws/-/ws-8.18.1.tgz. Extracting by manifest.
264 silly tarball no local data for motion-dom@https://registry.npmjs.org/motion-dom/-/motion-dom-12.38.0.tgz. Extracting by manifest.
265 silly tarball no local data for motion-utils@https://registry.npmjs.org/motion-utils/-/motion-utils-12.36.0.tgz. Extracting by manifest.
266 silly tarball no local data for @supabase/storage-js@https://registry.npmjs.org/@supabase/storage-js/-/storage-js-2.103.3.tgz. Extracting by manifest.
267 silly tarball no local data for @supabase/phoenix@https://registry.npmjs.org/@supabase/phoenix/-/phoenix-0.4.0.tgz. Extracting by manifest.
268 silly tarball no local data for @supabase/realtime-js@https://registry.npmjs.org/@supabase/realtime-js/-/realtime-js-2.103.3.tgz. Extracting by manifest.
269 silly tarball no local data for @supabase/functions-js@https://registry.npmjs.org/@supabase/functions-js/-/functions-js-2.103.3.tgz. Extracting by manifest.
270 silly tarball no local data for @supabase/postgrest-js@https://registry.npmjs.org/@supabase/postgrest-js/-/postgrest-js-2.103.3.tgz. Extracting by manifest.
271 silly tarball no local data for @supabase/auth-js@https://registry.npmjs.org/@supabase/auth-js/-/auth-js-2.103.3.tgz. Extracting by manifest.
272 silly tarball no local data for cookie@https://registry.npmjs.org/cookie/-/cookie-1.1.1.tgz. Extracting by manifest.
273 silly tarball no local data for lucide-react@https://registry.npmjs.org/lucide-react/-/lucide-react-1.8.0.tgz. Extracting by manifest.
274 silly tarball no local data for framer-motion@https://registry.npmjs.org/framer-motion/-/framer-motion-12.38.0.tgz. Extracting by manifest.
275 silly tarball no local data for @supabase/supabase-js@https://registry.npmjs.org/@supabase/supabase-js/-/supabase-js-2.103.3.tgz. Extracting by manifest.
276 silly tarball no local data for @supabase/auth-helpers-nextjs@https://registry.npmjs.org/@supabase/auth-helpers-nextjs/-/auth-helpers-nextjs-0.15.0.tgz. Extracting by manifest.
277 silly tarball no local data for @tybys/wasm-util@https://registry.npmjs.org/@tybys/wasm-util/-/wasm-util-0.10.1.tgz. Extracting by manifest.
278 silly tarball no local data for @emnapi/wasi-threads@https://registry.npmjs.org/@emnapi/wasi-threads/-/wasi-threads-1.2.1.tgz. Extracting by manifest.
279 silly tarball no local data for @napi-rs/wasm-runtime@https://registry.npmjs.org/@napi-rs/wasm-runtime/-/wasm-runtime-0.2.12.tgz. Extracting by manifest.
280 silly tarball no local data for @emnapi/core@https://registry.npmjs.org/@emnapi/core/-/core-1.10.0.tgz. Extracting by manifest.
281 http fetch GET 200 https://registry.npmjs.org/iceberg-js/-/iceberg-js-0.8.1.tgz 61ms (cache miss)
282 http fetch GET 200 https://registry.npmjs.org/ws/-/ws-8.20.0.tgz 68ms (cache miss)
283 http fetch GET 200 https://registry.npmjs.org/@types/ws/-/ws-8.18.1.tgz 75ms (cache miss)
284 http fetch GET 200 https://registry.npmjs.org/motion-utils/-/motion-utils-12.36.0.tgz 81ms (cache miss)
285 http fetch GET 200 https://registry.npmjs.org/@supabase/storage-js/-/storage-js-2.103.3.tgz 109ms (cache miss)
286 http fetch GET 200 https://registry.npmjs.org/cookie/-/cookie-1.1.1.tgz 122ms (cache miss)
287 http fetch GET 200 https://registry.npmjs.org/@supabase/phoenix/-/phoenix-0.4.0.tgz 127ms (cache miss)
288 http fetch GET 200 https://registry.npmjs.org/@emnapi/wasi-threads/-/wasi-threads-1.2.1.tgz 130ms (cache miss)
289 http fetch GET 200 https://registry.npmjs.org/@supabase/functions-js/-/functions-js-2.103.3.tgz 137ms (cache miss)
290 http fetch GET 200 https://registry.npmjs.org/@supabase/supabase-js/-/supabase-js-2.103.3.tgz 158ms (cache miss)
291 http fetch GET 200 https://registry.npmjs.org/@tybys/wasm-util/-/wasm-util-0.10.1.tgz 169ms (cache miss)
292 http fetch GET 200 https://registry.npmjs.org/@supabase/realtime-js/-/realtime-js-2.103.3.tgz 173ms (cache miss)
293 http fetch GET 200 https://registry.npmjs.org/@emnapi/core/-/core-1.10.0.tgz 174ms (cache miss)
294 http fetch GET 200 https://registry.npmjs.org/@supabase/postgrest-js/-/postgrest-js-2.103.3.tgz 188ms (cache miss)
295 http fetch POST 200 https://registry.npmjs.org/-/npm/v1/security/advisories/bulk 274ms
296 silly audit report {}
297 http fetch GET 200 https://registry.npmjs.org/@supabase/auth-js/-/auth-js-2.103.3.tgz 265ms (cache miss)
298 http fetch GET 200 https://registry.npmjs.org/@napi-rs/wasm-runtime/-/wasm-runtime-0.2.12.tgz 267ms (cache miss)
299 http fetch GET 200 https://registry.npmjs.org/@supabase/auth-helpers-nextjs/-/auth-helpers-nextjs-0.15.0.tgz 320ms (cache miss)
300 warn deprecated @supabase/auth-helpers-nextjs@0.15.0: Package no longer supported. Contact Support at https://www.npmjs.com/support for more info.
301 http fetch GET 200 https://registry.npmjs.org/motion-dom/-/motion-dom-12.38.0.tgz 369ms (cache miss)
302 http fetch GET 200 https://registry.npmjs.org/framer-motion/-/framer-motion-12.38.0.tgz 398ms (cache miss)
303 http fetch GET 200 https://registry.npmjs.org/lucide-react/-/lucide-react-1.8.0.tgz 864ms (cache miss)
304 silly ADD node_modules/motion-utils
305 silly ADD node_modules/motion-dom
306 silly ADD node_modules/iceberg-js
307 silly ADD node_modules/ws
308 silly ADD node_modules/@types/ws
309 silly ADD node_modules/@supabase/phoenix
310 silly ADD node_modules/@supabase/storage-js
311 silly ADD node_modules/@supabase/realtime-js
312 silly ADD node_modules/@supabase/postgrest-js
313 silly ADD node_modules/@supabase/functions-js
314 silly ADD node_modules/@supabase/auth-js
315 silly ADD node_modules/cookie
316 silly ADD node_modules/lucide-react
317 silly ADD node_modules/framer-motion
318 silly ADD node_modules/@supabase/supabase-js
319 silly ADD node_modules/@supabase/auth-helpers-nextjs
320 silly ADD
321 silly ADD
322 silly ADD
323 silly ADD
324 silly ADD
325 silly ADD
326 silly ADD
327 silly ADD
328 silly ADD
329 silly ADD
330 silly ADD
331 silly ADD
332 silly ADD
333 silly ADD
334 silly ADD
335 silly ADD
336 silly ADD
337 silly ADD
338 silly ADD
339 silly ADD
340 silly ADD
341 silly ADD
342 silly ADD
343 silly ADD
344 silly ADD
345 silly ADD
346 silly ADD
347 silly ADD
348 silly ADD
349 silly ADD
350 silly ADD
351 silly ADD
352 silly ADD
353 silly ADD
354 silly ADD
355 silly ADD
356 silly ADD
357 silly ADD
358 silly ADD
359 silly ADD
360 silly ADD
361 silly ADD
362 silly ADD
363 silly ADD
364 silly ADD
365 silly ADD
366 silly ADD
367 silly ADD
368 silly ADD
369 silly ADD
370 silly ADD
371 verbose cwd /Users/gabrielpereira/Desktop/Projetos/Nexus/marshall-tds/recibos-marshall
372 verbose os Darwin 25.3.0
373 verbose node v22.14.0
374 verbose npm  v10.9.2
375 notice
375 notice New [31mmajor[39m version of npm available! [31m10.9.2[39m -> [34m11.12.1[39m
375 notice Changelog: [34mhttps://github.com/npm/cli/releases/tag/v11.12.1[39m
375 notice To update run: [4mnpm install -g npm@11.12.1[24m
375 notice  { force: true, [Symbol(proc-log.meta)]: true }
376 verbose exit 0
377 info ok
